
> frontend@0.0.0 test C:\apps\Racket\Racket\frontend
> vitest "--run"


[1m[46m RUN [49m[22m [36mv4.0.8 [39m[90mC:/apps/Racket/Racket/frontend[39m

[90mstdout[2m | src/pages/__tests__/ScoreboardV2.advanced.test.tsx
[22m[39mresetGlobalMocks registrada no global/globalThis.

[90mstdout[2m | src/pages/__tests__/ScoreboardV2.server-effect.test.tsx
[22m[39mresetGlobalMocks registrada no global/globalThis.

[90mstdout[2m | src/pages/__tests__/ScoreboardV2.test.tsx
[22m[39mresetGlobalMocks registrada no global/globalThis.

[90mstdout[2m | tests/GestorDashboard.test.tsx
[22m[39mresetGlobalMocks registrada no global/globalThis.

[90mstdout[2m | src/components/__tests__/ServerEffectModal.test.tsx
[22m[39mresetGlobalMocks registrada no global/globalThis.

[90mstdout[2m | tests/Dashboard.test.tsx
[22m[39mresetGlobalMocks registrada no global/globalThis.

Error: useAuth must be used within an AuthProvider
    at useAuth (C:/apps/Racket/Racket/frontend/src/contexts/AuthContext.tsx:431:11)
    at Dashboard (C:/apps/Racket/Racket/frontend/src/pages/Dashboard.tsx:63:37)
    at renderWithHooks (C:\apps\Racket\Racket\node_modules\.pnpm\react-dom@18.3.1_react@18.3.1\node_modules\react-dom\cjs\react-dom.development.js:15486:18)
    at mountIndeterminateComponent (C:\apps\Racket\Racket\node_modules\.pnpm\react-dom@18.3.1_react@18.3.1\node_modules\react-dom\cjs\react-dom.development.js:20103:13)
    at beginWork (C:\apps\Racket\Racket\node_modules\.pnpm\react-dom@18.3.1_react@18.3.1\node_modules\react-dom\cjs\react-dom.development.js:21626:16)
    at HTMLUnknownElement.callCallback (C:\apps\Racket\Racket\node_modules\.pnpm\react-dom@18.3.1_react@18.3.1\node_modules\react-dom\cjs\react-dom.development.js:4164:14)
    at HTMLUnknownElement.callTheUserObjectsOperation (C:\apps\Racket\Racket\node_modules\.pnpm\jsdom@27.1.0\node_modules\jsdom\lib\jsdom\living\generated\EventListener.js:26:30)
    at innerInvokeEventListeners (C:\apps\Racket\Racket\node_modules\.pnpm\jsdom@27.1.0\node_modules\jsdom\lib\jsdom\living\events\EventTarget-impl.js:360:16)
    at invokeEventListeners (C:\apps\Racket\Racket\node_modules\.pnpm\jsdom@27.1.0\node_modules\jsdom\lib\jsdom\living\events\EventTarget-impl.js:296:3)
    at HTMLUnknownElementImpl._dispatch (C:\apps\Racket\Racket\node_modules\.pnpm\jsdom@27.1.0\node_modules\jsdom\lib\jsdom\living\events\EventTarget-impl.js:243:9)
Error: useAuth must be used within an AuthProvider
    at useAuth (C:/apps/Racket/Racket/frontend/src/contexts/AuthContext.tsx:431:11)
    at Dashboard (C:/apps/Racket/Racket/frontend/src/pages/Dashboard.tsx:63:37)
    at renderWithHooks (C:\apps\Racket\Racket\node_modules\.pnpm\react-dom@18.3.1_react@18.3.1\node_modules\react-dom\cjs\react-dom.development.js:15486:18)
    at mountIndeterminateComponent (C:\apps\Racket\Racket\node_modules\.pnpm\react-dom@18.3.1_react@18.3.1\node_modules\react-dom\cjs\react-dom.development.js:20103:13)
    at beginWork (C:\apps\Racket\Racket\node_modules\.pnpm\react-dom@18.3.1_react@18.3.1\node_modules\react-dom\cjs\react-dom.development.js:21626:16)
    at HTMLUnknownElement.callCallback (C:\apps\Racket\Racket\node_modules\.pnpm\react-dom@18.3.1_react@18.3.1\node_modules\react-dom\cjs\react-dom.development.js:4164:14)
    at HTMLUnknownElement.callTheUserObjectsOperation (C:\apps\Racket\Racket\node_modules\.pnpm\jsdom@27.1.0\node_modules\jsdom\lib\jsdom\living\generated\EventListener.js:26:30)
    at innerInvokeEventListeners (C:\apps\Racket\Racket\node_modules\.pnpm\jsdom@27.1.0\node_modules\jsdom\lib\jsdom\living\events\EventTarget-impl.js:360:16)
    at invokeEventListeners (C:\apps\Racket\Racket\node_modules\.pnpm\jsdom@27.1.0\node_modules\jsdom\lib\jsdom\living\events\EventTarget-impl.js:296:3)
    at HTMLUnknownElementImpl._dispatch (C:\apps\Racket\Racket\node_modules\.pnpm\jsdom@27.1.0\node_modules\jsdom\lib\jsdom\living\events\EventTarget-impl.js:243:9)
Error: useAuth must be used within an AuthProvider
    at useAuth (C:/apps/Racket/Racket/frontend/src/contexts/AuthContext.tsx:431:11)
    at Dashboard (C:/apps/Racket/Racket/frontend/src/pages/Dashboard.tsx:63:37)
    at renderWithHooks (C:\apps\Racket\Racket\node_modules\.pnpm\react-dom@18.3.1_react@18.3.1\node_modules\react-dom\cjs\react-dom.development.js:15486:18)
    at mountIndeterminateComponent (C:\apps\Racket\Racket\node_modules\.pnpm\react-dom@18.3.1_react@18.3.1\node_modules\react-dom\cjs\react-dom.development.js:20103:13)
    at beginWork (C:\apps\Racket\Racket\node_modules\.pnpm\react-dom@18.3.1_react@18.3.1\node_modules\react-dom\cjs\react-dom.development.js:21626:16)
    at HTMLUnknownElement.callCallback (C:\apps\Racket\Racket\node_modules\.pnpm\react-dom@18.3.1_react@18.3.1\node_modules\react-dom\cjs\react-dom.development.js:4164:14)
    at HTMLUnknownElement.callTheUserObjectsOperation (C:\apps\Racket\Racket\node_modules\.pnpm\jsdom@27.1.0\node_modules\jsdom\lib\jsdom\living\generated\EventListener.js:26:30)
    at innerInvokeEventListeners (C:\apps\Racket\Racket\node_modules\.pnpm\jsdom@27.1.0\node_modules\jsdom\lib\jsdom\living\events\EventTarget-impl.js:360:16)
    at invokeEventListeners (C:\apps\Racket\Racket\node_modules\.pnpm\jsdom@27.1.0\node_modules\jsdom\lib\jsdom\living\events\EventTarget-impl.js:296:3)
    at HTMLUnknownElementImpl._dispatch (C:\apps\Racket\Racket\node_modules\.pnpm\jsdom@27.1.0\node_modules\jsdom\lib\jsdom\living\events\EventTarget-impl.js:243:9)
Error: useAuth must be used within an AuthProvider
    at useAuth (C:/apps/Racket/Racket/frontend/src/contexts/AuthContext.tsx:431:11)
    at Dashboard (C:/apps/Racket/Racket/frontend/src/pages/Dashboard.tsx:63:37)
    at renderWithHooks (C:\apps\Racket\Racket\node_modules\.pnpm\react-dom@18.3.1_react@18.3.1\node_modules\react-dom\cjs\react-dom.development.js:15486:18)
    at mountIndeterminateComponent (C:\apps\Racket\Racket\node_modules\.pnpm\react-dom@18.3.1_react@18.3.1\node_modules\react-dom\cjs\react-dom.development.js:20103:13)
    at beginWork (C:\apps\Racket\Racket\node_modules\.pnpm\react-dom@18.3.1_react@18.3.1\node_modules\react-dom\cjs\react-dom.development.js:21626:16)
    at HTMLUnknownElement.callCallback (C:\apps\Racket\Racket\node_modules\.pnpm\react-dom@18.3.1_react@18.3.1\node_modules\react-dom\cjs\react-dom.development.js:4164:14)
    at HTMLUnknownElement.callTheUserObjectsOperation (C:\apps\Racket\Racket\node_modules\.pnpm\jsdom@27.1.0\node_modules\jsdom\lib\jsdom\living\generated\EventListener.js:26:30)
    at innerInvokeEventListeners (C:\apps\Racket\Racket\node_modules\.pnpm\jsdom@27.1.0\node_modules\jsdom\lib\jsdom\living\events\EventTarget-impl.js:360:16)
    at invokeEventListeners (C:\apps\Racket\Racket\node_modules\.pnpm\jsdom@27.1.0\node_modules\jsdom\lib\jsdom\living\events\EventTarget-impl.js:296:3)
    at HTMLUnknownElementImpl._dispatch (C:\apps\Racket\Racket\node_modules\.pnpm\jsdom@27.1.0\node_modules\jsdom\lib\jsdom\living\events\EventTarget-impl.js:243:9)
Error: useAuth must be used within an AuthProvider
    at useAuth (C:/apps/Racket/Racket/frontend/src/contexts/AuthContext.tsx:431:11)
    at Dashboard (C:/apps/Racket/Racket/frontend/src/pages/Dashboard.tsx:63:37)
    at renderWithHooks (C:\apps\Racket\Racket\node_modules\.pnpm\react-dom@18.3.1_react@18.3.1\node_modules\react-dom\cjs\react-dom.development.js:15486:18)
    at mountIndeterminateComponent (C:\apps\Racket\Racket\node_modules\.pnpm\react-dom@18.3.1_react@18.3.1\node_modules\react-dom\cjs\react-dom.development.js:20103:13)
    at beginWork (C:\apps\Racket\Racket\node_modules\.pnpm\react-dom@18.3.1_react@18.3.1\node_modules\react-dom\cjs\react-dom.development.js:21626:16)
    at HTMLUnknownElement.callCallback (C:\apps\Racket\Racket\node_modules\.pnpm\react-dom@18.3.1_react@18.3.1\node_modules\react-dom\cjs\react-dom.development.js:4164:14)
    at HTMLUnknownElement.callTheUserObjectsOperation (C:\apps\Racket\Racket\node_modules\.pnpm\jsdom@27.1.0\node_modules\jsdom\lib\jsdom\living\generated\EventListener.js:26:30)
    at innerInvokeEventListeners (C:\apps\Racket\Racket\node_modules\.pnpm\jsdom@27.1.0\node_modules\jsdom\lib\jsdom\living\events\EventTarget-impl.js:360:16)
    at invokeEventListeners (C:\apps\Racket\Racket\node_modules\.pnpm\jsdom@27.1.0\node_modules\jsdom\lib\jsdom\living\events\EventTarget-impl.js:296:3)
    at HTMLUnknownElementImpl._dispatch (C:\apps\Racket\Racket\node_modules\.pnpm\jsdom@27.1.0\node_modules\jsdom\lib\jsdom\living\events\EventTarget-impl.js:243:9)
Error: useAuth must be used within an AuthProvider
    at useAuth (C:/apps/Racket/Racket/frontend/src/contexts/AuthContext.tsx:431:11)
    at Dashboard (C:/apps/Racket/Racket/frontend/src/pages/Dashboard.tsx:63:37)
    at renderWithHooks (C:\apps\Racket\Racket\node_modules\.pnpm\react-dom@18.3.1_react@18.3.1\node_modules\react-dom\cjs\react-dom.development.js:15486:18)
    at mountIndeterminateComponent (C:\apps\Racket\Racket\node_modules\.pnpm\react-dom@18.3.1_react@18.3.1\node_modules\react-dom\cjs\react-dom.development.js:20103:13)
    at beginWork (C:\apps\Racket\Racket\node_modules\.pnpm\react-dom@18.3.1_react@18.3.1\node_modules\react-dom\cjs\react-dom.development.js:21626:16)
    at HTMLUnknownElement.callCallback (C:\apps\Racket\Racket\node_modules\.pnpm\react-dom@18.3.1_react@18.3.1\node_modules\react-dom\cjs\react-dom.development.js:4164:14)
    at HTMLUnknownElement.callTheUserObjectsOperation (C:\apps\Racket\Racket\node_modules\.pnpm\jsdom@27.1.0\node_modules\jsdom\lib\jsdom\living\generated\EventListener.js:26:30)
    at innerInvokeEventListeners (C:\apps\Racket\Racket\node_modules\.pnpm\jsdom@27.1.0\node_modules\jsdom\lib\jsdom\living\events\EventTarget-impl.js:360:16)
    at invokeEventListeners (C:\apps\Racket\Racket\node_modules\.pnpm\jsdom@27.1.0\node_modules\jsdom\lib\jsdom\living\events\EventTarget-impl.js:296:3)
    at HTMLUnknownElementImpl._dispatch (C:\apps\Racket\Racket\node_modules\.pnpm\jsdom@27.1.0\node_modules\jsdom\lib\jsdom\living\events\EventTarget-impl.js:243:9)
Error: useAuth must be used within an AuthProvider
    at useAuth (C:/apps/Racket/Racket/frontend/src/contexts/AuthContext.tsx:431:11)
    at Dashboard (C:/apps/Racket/Racket/frontend/src/pages/Dashboard.tsx:63:37)
    at renderWithHooks (C:\apps\Racket\Racket\node_modules\.pnpm\react-dom@18.3.1_react@18.3.1\node_modules\react-dom\cjs\react-dom.development.js:15486:18)
    at mountIndeterminateComponent (C:\apps\Racket\Racket\node_modules\.pnpm\react-dom@18.3.1_react@18.3.1\node_modules\react-dom\cjs\react-dom.development.js:20103:13)
    at beginWork (C:\apps\Racket\Racket\node_modules\.pnpm\react-dom@18.3.1_react@18.3.1\node_modules\react-dom\cjs\react-dom.development.js:21626:16)
    at HTMLUnknownElement.callCallback (C:\apps\Racket\Racket\node_modules\.pnpm\react-dom@18.3.1_react@18.3.1\node_modules\react-dom\cjs\react-dom.development.js:4164:14)
    at HTMLUnknownElement.callTheUserObjectsOperation (C:\apps\Racket\Racket\node_modules\.pnpm\jsdom@27.1.0\node_modules\jsdom\lib\jsdom\living\generated\EventListener.js:26:30)
    at innerInvokeEventListeners (C:\apps\Racket\Racket\node_modules\.pnpm\jsdom@27.1.0\node_modules\jsdom\lib\jsdom\living\events\EventTarget-impl.js:360:16)
    at invokeEventListeners (C:\apps\Racket\Racket\node_modules\.pnpm\jsdom@27.1.0\node_modules\jsdom\lib\jsdom\living\events\EventTarget-impl.js:296:3)
    at HTMLUnknownElementImpl._dispatch (C:\apps\Racket\Racket\node_modules\.pnpm\jsdom@27.1.0\node_modules\jsdom\lib\jsdom\living\events\EventTarget-impl.js:243:9)
Error: useAuth must be used within an AuthProvider
    at useAuth (C:/apps/Racket/Racket/frontend/src/contexts/AuthContext.tsx:431:11)
    at Dashboard (C:/apps/Racket/Racket/frontend/src/pages/Dashboard.tsx:63:37)
    at renderWithHooks (C:\apps\Racket\Racket\node_modules\.pnpm\react-dom@18.3.1_react@18.3.1\node_modules\react-dom\cjs\react-dom.development.js:15486:18)
    at mountIndeterminateComponent (C:\apps\Racket\Racket\node_modules\.pnpm\react-dom@18.3.1_react@18.3.1\node_modules\react-dom\cjs\react-dom.development.js:20103:13)
    at beginWork (C:\apps\Racket\Racket\node_modules\.pnpm\react-dom@18.3.1_react@18.3.1\node_modules\react-dom\cjs\react-dom.development.js:21626:16)
    at HTMLUnknownElement.callCallback (C:\apps\Racket\Racket\node_modules\.pnpm\react-dom@18.3.1_react@18.3.1\node_modules\react-dom\cjs\react-dom.development.js:4164:14)
    at HTMLUnknownElement.callTheUserObjectsOperation (C:\apps\Racket\Racket\node_modules\.pnpm\jsdom@27.1.0\node_modules\jsdom\lib\jsdom\living\generated\EventListener.js:26:30)
    at innerInvokeEventListeners (C:\apps\Racket\Racket\node_modules\.pnpm\jsdom@27.1.0\node_modules\jsdom\lib\jsdom\living\events\EventTarget-impl.js:360:16)
    at invokeEventListeners (C:\apps\Racket\Racket\node_modules\.pnpm\jsdom@27.1.0\node_modules\jsdom\lib\jsdom\living\events\EventTarget-impl.js:296:3)
    at HTMLUnknownElementImpl._dispatch (C:\apps\Racket\Racket\node_modules\.pnpm\jsdom@27.1.0\node_modules\jsdom\lib\jsdom\living\events\EventTarget-impl.js:243:9)
Error: useAuth must be used within an AuthProvider
    at useAuth (C:/apps/Racket/Racket/frontend/src/contexts/AuthContext.tsx:431:11)
    at Dashboard (C:/apps/Racket/Racket/frontend/src/pages/Dashboard.tsx:63:37)
    at renderWithHooks (C:\apps\Racket\Racket\node_modules\.pnpm\react-dom@18.3.1_react@18.3.1\node_modules\react-dom\cjs\react-dom.development.js:15486:18)
    at mountIndeterminateComponent (C:\apps\Racket\Racket\node_modules\.pnpm\react-dom@18.3.1_react@18.3.1\node_modules\react-dom\cjs\react-dom.development.js:20103:13)
    at beginWork (C:\apps\Racket\Racket\node_modules\.pnpm\react-dom@18.3.1_react@18.3.1\node_modules\react-dom\cjs\react-dom.development.js:21626:16)
    at HTMLUnknownElement.callCallback (C:\apps\Racket\Racket\node_modules\.pnpm\react-dom@18.3.1_react@18.3.1\node_modules\react-dom\cjs\react-dom.development.js:4164:14)
    at HTMLUnknownElement.callTheUserObjectsOperation (C:\apps\Racket\Racket\node_modules\.pnpm\jsdom@27.1.0\node_modules\jsdom\lib\jsdom\living\generated\EventListener.js:26:30)
    at innerInvokeEventListeners (C:\apps\Racket\Racket\node_modules\.pnpm\jsdom@27.1.0\node_modules\jsdom\lib\jsdom\living\events\EventTarget-impl.js:360:16)
    at invokeEventListeners (C:\apps\Racket\Racket\node_modules\.pnpm\jsdom@27.1.0\node_modules\jsdom\lib\jsdom\living\events\EventTarget-impl.js:296:3)
    at HTMLUnknownElementImpl._dispatch (C:\apps\Racket\Racket\node_modules\.pnpm\jsdom@27.1.0\node_modules\jsdom\lib\jsdom\living\events\EventTarget-impl.js:243:9)
Error: useAuth must be used within an AuthProvider
    at useAuth (C:/apps/Racket/Racket/frontend/src/contexts/AuthContext.tsx:431:11)
    at Dashboard (C:/apps/Racket/Racket/frontend/src/pages/Dashboard.tsx:63:37)
    at renderWithHooks (C:\apps\Racket\Racket\node_modules\.pnpm\react-dom@18.3.1_react@18.3.1\node_modules\react-dom\cjs\react-dom.development.js:15486:18)
    at mountIndeterminateComponent (C:\apps\Racket\Racket\node_modules\.pnpm\react-dom@18.3.1_react@18.3.1\node_modules\react-dom\cjs\react-dom.development.js:20103:13)
    at beginWork (C:\apps\Racket\Racket\node_modules\.pnpm\react-dom@18.3.1_react@18.3.1\node_modules\react-dom\cjs\react-dom.development.js:21626:16)
    at HTMLUnknownElement.callCallback (C:\apps\Racket\Racket\node_modules\.pnpm\react-dom@18.3.1_react@18.3.1\node_modules\react-dom\cjs\react-dom.development.js:4164:14)
    at HTMLUnknownElement.callTheUserObjectsOperation (C:\apps\Racket\Racket\node_modules\.pnpm\jsdom@27.1.0\node_modules\jsdom\lib\jsdom\living\generated\EventListener.js:26:30)
    at innerInvokeEventListeners (C:\apps\Racket\Racket\node_modules\.pnpm\jsdom@27.1.0\node_modules\jsdom\lib\jsdom\living\events\EventTarget-impl.js:360:16)
    at invokeEventListeners (C:\apps\Racket\Racket\node_modules\.pnpm\jsdom@27.1.0\node_modules\jsdom\lib\jsdom\living\events\EventTarget-impl.js:296:3)
    at HTMLUnknownElementImpl._dispatch (C:\apps\Racket\Racket\node_modules\.pnpm\jsdom@27.1.0\node_modules\jsdom\lib\jsdom\living\events\EventTarget-impl.js:243:9)
Error: useAuth must be used within an AuthProvider
    at useAuth (C:/apps/Racket/Racket/frontend/src/contexts/AuthContext.tsx:431:11)
    at Dashboard (C:/apps/Racket/Racket/frontend/src/pages/Dashboard.tsx:63:37)
    at renderWithHooks (C:\apps\Racket\Racket\node_modules\.pnpm\react-dom@18.3.1_react@18.3.1\node_modules\react-dom\cjs\react-dom.development.js:15486:18)
    at mountIndeterminateComponent (C:\apps\Racket\Racket\node_modules\.pnpm\react-dom@18.3.1_react@18.3.1\node_modules\react-dom\cjs\react-dom.development.js:20103:13)
    at beginWork (C:\apps\Racket\Racket\node_modules\.pnpm\react-dom@18.3.1_react@18.3.1\node_modules\react-dom\cjs\react-dom.development.js:21626:16)
    at HTMLUnknownElement.callCallback (C:\apps\Racket\Racket\node_modules\.pnpm\react-dom@18.3.1_react@18.3.1\node_modules\react-dom\cjs\react-dom.development.js:4164:14)
    at HTMLUnknownElement.callTheUserObjectsOperation (C:\apps\Racket\Racket\node_modules\.pnpm\jsdom@27.1.0\node_modules\jsdom\lib\jsdom\living\generated\EventListener.js:26:30)
    at innerInvokeEventListeners (C:\apps\Racket\Racket\node_modules\.pnpm\jsdom@27.1.0\node_modules\jsdom\lib\jsdom\living\events\EventTarget-impl.js:360:16)
    at invokeEventListeners (C:\apps\Racket\Racket\node_modules\.pnpm\jsdom@27.1.0\node_modules\jsdom\lib\jsdom\living\events\EventTarget-impl.js:296:3)
    at HTMLUnknownElementImpl._dispatch (C:\apps\Racket\Racket\node_modules\.pnpm\jsdom@27.1.0\node_modules\jsdom\lib\jsdom\living\events\EventTarget-impl.js:243:9)
Error: useAuth must be used within an AuthProvider
    at useAuth (C:/apps/Racket/Racket/frontend/src/contexts/AuthContext.tsx:431:11)
    at Dashboard (C:/apps/Racket/Racket/frontend/src/pages/Dashboard.tsx:63:37)
    at renderWithHooks (C:\apps\Racket\Racket\node_modules\.pnpm\react-dom@18.3.1_react@18.3.1\node_modules\react-dom\cjs\react-dom.development.js:15486:18)
    at mountIndeterminateComponent (C:\apps\Racket\Racket\node_modules\.pnpm\react-dom@18.3.1_react@18.3.1\node_modules\react-dom\cjs\react-dom.development.js:20103:13)
    at beginWork (C:\apps\Racket\Racket\node_modules\.pnpm\react-dom@18.3.1_react@18.3.1\node_modules\react-dom\cjs\react-dom.development.js:21626:16)
    at HTMLUnknownElement.callCallback (C:\apps\Racket\Racket\node_modules\.pnpm\react-dom@18.3.1_react@18.3.1\node_modules\react-dom\cjs\react-dom.development.js:4164:14)
    at HTMLUnknownElement.callTheUserObjectsOperation (C:\apps\Racket\Racket\node_modules\.pnpm\jsdom@27.1.0\node_modules\jsdom\lib\jsdom\living\generated\EventListener.js:26:30)
    at innerInvokeEventListeners (C:\apps\Racket\Racket\node_modules\.pnpm\jsdom@27.1.0\node_modules\jsdom\lib\jsdom\living\events\EventTarget-impl.js:360:16)
    at invokeEventListeners (C:\apps\Racket\Racket\node_modules\.pnpm\jsdom@27.1.0\node_modules\jsdom\lib\jsdom\living\events\EventTarget-impl.js:296:3)
    at HTMLUnknownElementImpl._dispatch (C:\apps\Racket\Racket\node_modules\.pnpm\jsdom@27.1.0\node_modules\jsdom\lib\jsdom\living\events\EventTarget-impl.js:243:9)
Error: useAuth must be used within an AuthProvider
    at useAuth (C:/apps/Racket/Racket/frontend/src/contexts/AuthContext.tsx:431:11)
    at Dashboard (C:/apps/Racket/Racket/frontend/src/pages/Dashboard.tsx:63:37)
    at renderWithHooks (C:\apps\Racket\Racket\node_modules\.pnpm\react-dom@18.3.1_react@18.3.1\node_modules\react-dom\cjs\react-dom.development.js:15486:18)
    at mountIndeterminateComponent (C:\apps\Racket\Racket\node_modules\.pnpm\react-dom@18.3.1_react@18.3.1\node_modules\react-dom\cjs\react-dom.development.js:20103:13)
    at beginWork (C:\apps\Racket\Racket\node_modules\.pnpm\react-dom@18.3.1_react@18.3.1\node_modules\react-dom\cjs\react-dom.development.js:21626:16)
    at HTMLUnknownElement.callCallback (C:\apps\Racket\Racket\node_modules\.pnpm\react-dom@18.3.1_react@18.3.1\node_modules\react-dom\cjs\react-dom.development.js:4164:14)
    at HTMLUnknownElement.callTheUserObjectsOperation (C:\apps\Racket\Racket\node_modules\.pnpm\jsdom@27.1.0\node_modules\jsdom\lib\jsdom\living\generated\EventListener.js:26:30)
    at innerInvokeEventListeners (C:\apps\Racket\Racket\node_modules\.pnpm\jsdom@27.1.0\node_modules\jsdom\lib\jsdom\living\events\EventTarget-impl.js:360:16)
    at invokeEventListeners (C:\apps\Racket\Racket\node_modules\.pnpm\jsdom@27.1.0\node_modules\jsdom\lib\jsdom\living\events\EventTarget-impl.js:296:3)
    at HTMLUnknownElementImpl._dispatch (C:\apps\Racket\Racket\node_modules\.pnpm\jsdom@27.1.0\node_modules\jsdom\lib\jsdom\living\events\EventTarget-impl.js:243:9)
Error: useAuth must be used within an AuthProvider
    at useAuth (C:/apps/Racket/Racket/frontend/src/contexts/AuthContext.tsx:431:11)
    at Dashboard (C:/apps/Racket/Racket/frontend/src/pages/Dashboard.tsx:63:37)
    at renderWithHooks (C:\apps\Racket\Racket\node_modules\.pnpm\react-dom@18.3.1_react@18.3.1\node_modules\react-dom\cjs\react-dom.development.js:15486:18)
    at mountIndeterminateComponent (C:\apps\Racket\Racket\node_modules\.pnpm\react-dom@18.3.1_react@18.3.1\node_modules\react-dom\cjs\react-dom.development.js:20103:13)
    at beginWork (C:\apps\Racket\Racket\node_modules\.pnpm\react-dom@18.3.1_react@18.3.1\node_modules\react-dom\cjs\react-dom.development.js:21626:16)
    at HTMLUnknownElement.callCallback (C:\apps\Racket\Racket\node_modules\.pnpm\react-dom@18.3.1_react@18.3.1\node_modules\react-dom\cjs\react-dom.development.js:4164:14)
    at HTMLUnknownElement.callTheUserObjectsOperation (C:\apps\Racket\Racket\node_modules\.pnpm\jsdom@27.1.0\node_modules\jsdom\lib\jsdom\living\generated\EventListener.js:26:30)
    at innerInvokeEventListeners (C:\apps\Racket\Racket\node_modules\.pnpm\jsdom@27.1.0\node_modules\jsdom\lib\jsdom\living\events\EventTarget-impl.js:360:16)
    at invokeEventListeners (C:\apps\Racket\Racket\node_modules\.pnpm\jsdom@27.1.0\node_modules\jsdom\lib\jsdom\living\events\EventTarget-impl.js:296:3)
    at HTMLUnknownElementImpl._dispatch (C:\apps\Racket\Racket\node_modules\.pnpm\jsdom@27.1.0\node_modules\jsdom\lib\jsdom\living\events\EventTarget-impl.js:243:9)
Error: useAuth must be used within an AuthProvider
    at useAuth (C:/apps/Racket/Racket/frontend/src/contexts/AuthContext.tsx:431:11)
    at Dashboard (C:/apps/Racket/Racket/frontend/src/pages/Dashboard.tsx:63:37)
    at renderWithHooks (C:\apps\Racket\Racket\node_modules\.pnpm\react-dom@18.3.1_react@18.3.1\node_modules\react-dom\cjs\react-dom.development.js:15486:18)
    at mountIndeterminateComponent (C:\apps\Racket\Racket\node_modules\.pnpm\react-dom@18.3.1_react@18.3.1\node_modules\react-dom\cjs\react-dom.development.js:20103:13)
    at beginWork (C:\apps\Racket\Racket\node_modules\.pnpm\react-dom@18.3.1_react@18.3.1\node_modules\react-dom\cjs\react-dom.development.js:21626:16)
    at HTMLUnknownElement.callCallback (C:\apps\Racket\Racket\node_modules\.pnpm\react-dom@18.3.1_react@18.3.1\node_modules\react-dom\cjs\react-dom.development.js:4164:14)
    at HTMLUnknownElement.callTheUserObjectsOperation (C:\apps\Racket\Racket\node_modules\.pnpm\jsdom@27.1.0\node_modules\jsdom\lib\jsdom\living\generated\EventListener.js:26:30)
    at innerInvokeEventListeners (C:\apps\Racket\Racket\node_modules\.pnpm\jsdom@27.1.0\node_modules\jsdom\lib\jsdom\living\events\EventTarget-impl.js:360:16)
    at invokeEventListeners (C:\apps\Racket\Racket\node_modules\.pnpm\jsdom@27.1.0\node_modules\jsdom\lib\jsdom\living\events\EventTarget-impl.js:296:3)
    at HTMLUnknownElementImpl._dispatch (C:\apps\Racket\Racket\node_modules\.pnpm\jsdom@27.1.0\node_modules\jsdom\lib\jsdom\living\events\EventTarget-impl.js:243:9)
Error: useAuth must be used within an AuthProvider
    at useAuth (C:/apps/Racket/Racket/frontend/src/contexts/AuthContext.tsx:431:11)
    at Dashboard (C:/apps/Racket/Racket/frontend/src/pages/Dashboard.tsx:63:37)
    at renderWithHooks (C:\apps\Racket\Racket\node_modules\.pnpm\react-dom@18.3.1_react@18.3.1\node_modules\react-dom\cjs\react-dom.development.js:15486:18)
    at mountIndeterminateComponent (C:\apps\Racket\Racket\node_modules\.pnpm\react-dom@18.3.1_react@18.3.1\node_modules\react-dom\cjs\react-dom.development.js:20103:13)
    at beginWork (C:\apps\Racket\Racket\node_modules\.pnpm\react-dom@18.3.1_react@18.3.1\node_modules\react-dom\cjs\react-dom.development.js:21626:16)
    at HTMLUnknownElement.callCallback (C:\apps\Racket\Racket\node_modules\.pnpm\react-dom@18.3.1_react@18.3.1\node_modules\react-dom\cjs\react-dom.development.js:4164:14)
    at HTMLUnknownElement.callTheUserObjectsOperation (C:\apps\Racket\Racket\node_modules\.pnpm\jsdom@27.1.0\node_modules\jsdom\lib\jsdom\living\generated\EventListener.js:26:30)
    at innerInvokeEventListeners (C:\apps\Racket\Racket\node_modules\.pnpm\jsdom@27.1.0\node_modules\jsdom\lib\jsdom\living\events\EventTarget-impl.js:360:16)
    at invokeEventListeners (C:\apps\Racket\Racket\node_modules\.pnpm\jsdom@27.1.0\node_modules\jsdom\lib\jsdom\living\events\EventTarget-impl.js:296:3)
    at HTMLUnknownElementImpl._dispatch (C:\apps\Racket\Racket\node_modules\.pnpm\jsdom@27.1.0\node_modules\jsdom\lib\jsdom\living\events\EventTarget-impl.js:243:9)
Error: useAuth must be used within an AuthProvider
    at useAuth (C:/apps/Racket/Racket/frontend/src/contexts/AuthContext.tsx:431:11)
    at Dashboard (C:/apps/Racket/Racket/frontend/src/pages/Dashboard.tsx:63:37)
    at renderWithHooks (C:\apps\Racket\Racket\node_modules\.pnpm\react-dom@18.3.1_react@18.3.1\node_modules\react-dom\cjs\react-dom.development.js:15486:18)
    at mountIndeterminateComponent (C:\apps\Racket\Racket\node_modules\.pnpm\react-dom@18.3.1_react@18.3.1\node_modules\react-dom\cjs\react-dom.development.js:20103:13)
    at beginWork (C:\apps\Racket\Racket\node_modules\.pnpm\react-dom@18.3.1_react@18.3.1\node_modules\react-dom\cjs\react-dom.development.js:21626:16)
    at HTMLUnknownElement.callCallback (C:\apps\Racket\Racket\node_modules\.pnpm\react-dom@18.3.1_react@18.3.1\node_modules\react-dom\cjs\react-dom.development.js:4164:14)
    at HTMLUnknownElement.callTheUserObjectsOperation (C:\apps\Racket\Racket\node_modules\.pnpm\jsdom@27.1.0\node_modules\jsdom\lib\jsdom\living\generated\EventListener.js:26:30)
    at innerInvokeEventListeners (C:\apps\Racket\Racket\node_modules\.pnpm\jsdom@27.1.0\node_modules\jsdom\lib\jsdom\living\events\EventTarget-impl.js:360:16)
    at invokeEventListeners (C:\apps\Racket\Racket\node_modules\.pnpm\jsdom@27.1.0\node_modules\jsdom\lib\jsdom\living\events\EventTarget-impl.js:296:3)
    at HTMLUnknownElementImpl._dispatch (C:\apps\Racket\Racket\node_modules\.pnpm\jsdom@27.1.0\node_modules\jsdom\lib\jsdom\living\events\EventTarget-impl.js:243:9)
Error: useAuth must be used within an AuthProvider
    at useAuth (C:/apps/Racket/Racket/frontend/src/contexts/AuthContext.tsx:431:11)
    at Dashboard (C:/apps/Racket/Racket/frontend/src/pages/Dashboard.tsx:63:37)
    at renderWithHooks (C:\apps\Racket\Racket\node_modules\.pnpm\react-dom@18.3.1_react@18.3.1\node_modules\react-dom\cjs\react-dom.development.js:15486:18)
    at mountIndeterminateComponent (C:\apps\Racket\Racket\node_modules\.pnpm\react-dom@18.3.1_react@18.3.1\node_modules\react-dom\cjs\react-dom.development.js:20103:13)
    at beginWork (C:\apps\Racket\Racket\node_modules\.pnpm\react-dom@18.3.1_react@18.3.1\node_modules\react-dom\cjs\react-dom.development.js:21626:16)
    at HTMLUnknownElement.callCallback (C:\apps\Racket\Racket\node_modules\.pnpm\react-dom@18.3.1_react@18.3.1\node_modules\react-dom\cjs\react-dom.development.js:4164:14)
    at HTMLUnknownElement.callTheUserObjectsOperation (C:\apps\Racket\Racket\node_modules\.pnpm\jsdom@27.1.0\node_modules\jsdom\lib\jsdom\living\generated\EventListener.js:26:30)
    at innerInvokeEventListeners (C:\apps\Racket\Racket\node_modules\.pnpm\jsdom@27.1.0\node_modules\jsdom\lib\jsdom\living\events\EventTarget-impl.js:360:16)
    at invokeEventListeners (C:\apps\Racket\Racket\node_modules\.pnpm\jsdom@27.1.0\node_modules\jsdom\lib\jsdom\living\events\EventTarget-impl.js:296:3)
    at HTMLUnknownElementImpl._dispatch (C:\apps\Racket\Racket\node_modules\.pnpm\jsdom@27.1.0\node_modules\jsdom\lib\jsdom\living\events\EventTarget-impl.js:243:9)
Error: useAuth must be used within an AuthProvider
    at useAuth (C:/apps/Racket/Racket/frontend/src/contexts/AuthContext.tsx:431:11)
    at Dashboard (C:/apps/Racket/Racket/frontend/src/pages/Dashboard.tsx:63:37)
    at renderWithHooks (C:\apps\Racket\Racket\node_modules\.pnpm\react-dom@18.3.1_react@18.3.1\node_modules\react-dom\cjs\react-dom.development.js:15486:18)
    at mountIndeterminateComponent (C:\apps\Racket\Racket\node_modules\.pnpm\react-dom@18.3.1_react@18.3.1\node_modules\react-dom\cjs\react-dom.development.js:20103:13)
    at beginWork (C:\apps\Racket\Racket\node_modules\.pnpm\react-dom@18.3.1_react@18.3.1\node_modules\react-dom\cjs\react-dom.development.js:21626:16)
    at HTMLUnknownElement.callCallback (C:\apps\Racket\Racket\node_modules\.pnpm\react-dom@18.3.1_react@18.3.1\node_modules\react-dom\cjs\react-dom.development.js:4164:14)
    at HTMLUnknownElement.callTheUserObjectsOperation (C:\apps\Racket\Racket\node_modules\.pnpm\jsdom@27.1.0\node_modules\jsdom\lib\jsdom\living\generated\EventListener.js:26:30)
    at innerInvokeEventListeners (C:\apps\Racket\Racket\node_modules\.pnpm\jsdom@27.1.0\node_modules\jsdom\lib\jsdom\living\events\EventTarget-impl.js:360:16)
    at invokeEventListeners (C:\apps\Racket\Racket\node_modules\.pnpm\jsdom@27.1.0\node_modules\jsdom\lib\jsdom\living\events\EventTarget-impl.js:296:3)
    at HTMLUnknownElementImpl._dispatch (C:\apps\Racket\Racket\node_modules\.pnpm\jsdom@27.1.0\node_modules\jsdom\lib\jsdom\living\events\EventTarget-impl.js:243:9)
Error: useAuth must be used within an AuthProvider
    at useAuth (C:/apps/Racket/Racket/frontend/src/contexts/AuthContext.tsx:431:11)
    at Dashboard (C:/apps/Racket/Racket/frontend/src/pages/Dashboard.tsx:63:37)
    at renderWithHooks (C:\apps\Racket\Racket\node_modules\.pnpm\react-dom@18.3.1_react@18.3.1\node_modules\react-dom\cjs\react-dom.development.js:15486:18)
    at mountIndeterminateComponent (C:\apps\Racket\Racket\node_modules\.pnpm\react-dom@18.3.1_react@18.3.1\node_modules\react-dom\cjs\react-dom.development.js:20103:13)
    at beginWork (C:\apps\Racket\Racket\node_modules\.pnpm\react-dom@18.3.1_react@18.3.1\node_modules\react-dom\cjs\react-dom.development.js:21626:16)
    at HTMLUnknownElement.callCallback (C:\apps\Racket\Racket\node_modules\.pnpm\react-dom@18.3.1_react@18.3.1\node_modules\react-dom\cjs\react-dom.development.js:4164:14)
    at HTMLUnknownElement.callTheUserObjectsOperation (C:\apps\Racket\Racket\node_modules\.pnpm\jsdom@27.1.0\node_modules\jsdom\lib\jsdom\living\generated\EventListener.js:26:30)
    at innerInvokeEventListeners (C:\apps\Racket\Racket\node_modules\.pnpm\jsdom@27.1.0\node_modules\jsdom\lib\jsdom\living\events\EventTarget-impl.js:360:16)
    at invokeEventListeners (C:\apps\Racket\Racket\node_modules\.pnpm\jsdom@27.1.0\node_modules\jsdom\lib\jsdom\living\events\EventTarget-impl.js:296:3)
    at HTMLUnknownElementImpl._dispatch (C:\apps\Racket\Racket\node_modules\.pnpm\jsdom@27.1.0\node_modules\jsdom\lib\jsdom\living\events\EventTarget-impl.js:243:9)
Error: useAuth must be used within an AuthProvider
    at useAuth (C:/apps/Racket/Racket/frontend/src/contexts/AuthContext.tsx:431:11)
    at Dashboard (C:/apps/Racket/Racket/frontend/src/pages/Dashboard.tsx:63:37)
    at renderWithHooks (C:\apps\Racket\Racket\node_modules\.pnpm\react-dom@18.3.1_react@18.3.1\node_modules\react-dom\cjs\react-dom.development.js:15486:18)
    at mountIndeterminateComponent (C:\apps\Racket\Racket\node_modules\.pnpm\react-dom@18.3.1_react@18.3.1\node_modules\react-dom\cjs\react-dom.development.js:20103:13)
    at beginWork (C:\apps\Racket\Racket\node_modules\.pnpm\react-dom@18.3.1_react@18.3.1\node_modules\react-dom\cjs\react-dom.development.js:21626:16)
    at HTMLUnknownElement.callCallback (C:\apps\Racket\Racket\node_modules\.pnpm\react-dom@18.3.1_react@18.3.1\node_modules\react-dom\cjs\react-dom.development.js:4164:14)
    at HTMLUnknownElement.callTheUserObjectsOperation (C:\apps\Racket\Racket\node_modules\.pnpm\jsdom@27.1.0\node_modules\jsdom\lib\jsdom\living\generated\EventListener.js:26:30)
    at innerInvokeEventListeners (C:\apps\Racket\Racket\node_modules\.pnpm\jsdom@27.1.0\node_modules\jsdom\lib\jsdom\living\events\EventTarget-impl.js:360:16)
    at invokeEventListeners (C:\apps\Racket\Racket\node_modules\.pnpm\jsdom@27.1.0\node_modules\jsdom\lib\jsdom\living\events\EventTarget-impl.js:296:3)
    at HTMLUnknownElementImpl._dispatch (C:\apps\Racket\Racket\node_modules\.pnpm\jsdom@27.1.0\node_modules\jsdom\lib\jsdom\living\events\EventTarget-impl.js:243:9)
Error: useAuth must be used within an AuthProvider
    at useAuth (C:/apps/Racket/Racket/frontend/src/contexts/AuthContext.tsx:431:11)
    at Dashboard (C:/apps/Racket/Racket/frontend/src/pages/Dashboard.tsx:63:37)
    at renderWithHooks (C:\apps\Racket\Racket\node_modules\.pnpm\react-dom@18.3.1_react@18.3.1\node_modules\react-dom\cjs\react-dom.development.js:15486:18)
    at mountIndeterminateComponent (C:\apps\Racket\Racket\node_modules\.pnpm\react-dom@18.3.1_react@18.3.1\node_modules\react-dom\cjs\react-dom.development.js:20103:13)
    at beginWork (C:\apps\Racket\Racket\node_modules\.pnpm\react-dom@18.3.1_react@18.3.1\node_modules\react-dom\cjs\react-dom.development.js:21626:16)
    at HTMLUnknownElement.callCallback (C:\apps\Racket\Racket\node_modules\.pnpm\react-dom@18.3.1_react@18.3.1\node_modules\react-dom\cjs\react-dom.development.js:4164:14)
    at HTMLUnknownElement.callTheUserObjectsOperation (C:\apps\Racket\Racket\node_modules\.pnpm\jsdom@27.1.0\node_modules\jsdom\lib\jsdom\living\generated\EventListener.js:26:30)
    at innerInvokeEventListeners (C:\apps\Racket\Racket\node_modules\.pnpm\jsdom@27.1.0\node_modules\jsdom\lib\jsdom\living\events\EventTarget-impl.js:360:16)
    at invokeEventListeners (C:\apps\Racket\Racket\node_modules\.pnpm\jsdom@27.1.0\node_modules\jsdom\lib\jsdom\living\events\EventTarget-impl.js:296:3)
    at HTMLUnknownElementImpl._dispatch (C:\apps\Racket\Racket\node_modules\.pnpm\jsdom@27.1.0\node_modules\jsdom\lib\jsdom\living\events\EventTarget-impl.js:243:9)
Error: useAuth must be used within an AuthProvider
    at useAuth (C:/apps/Racket/Racket/frontend/src/contexts/AuthContext.tsx:431:11)
    at Dashboard (C:/apps/Racket/Racket/frontend/src/pages/Dashboard.tsx:63:37)
    at renderWithHooks (C:\apps\Racket\Racket\node_modules\.pnpm\react-dom@18.3.1_react@18.3.1\node_modules\react-dom\cjs\react-dom.development.js:15486:18)
    at mountIndeterminateComponent (C:\apps\Racket\Racket\node_modules\.pnpm\react-dom@18.3.1_react@18.3.1\node_modules\react-dom\cjs\react-dom.development.js:20103:13)
    at beginWork (C:\apps\Racket\Racket\node_modules\.pnpm\react-dom@18.3.1_react@18.3.1\node_modules\react-dom\cjs\react-dom.development.js:21626:16)
    at HTMLUnknownElement.callCallback (C:\apps\Racket\Racket\node_modules\.pnpm\react-dom@18.3.1_react@18.3.1\node_modules\react-dom\cjs\react-dom.development.js:4164:14)
    at HTMLUnknownElement.callTheUserObjectsOperation (C:\apps\Racket\Racket\node_modules\.pnpm\jsdom@27.1.0\node_modules\jsdom\lib\jsdom\living\generated\EventListener.js:26:30)
    at innerInvokeEventListeners (C:\apps\Racket\Racket\node_modules\.pnpm\jsdom@27.1.0\node_modules\jsdom\lib\jsdom\living\events\EventTarget-impl.js:360:16)
    at invokeEventListeners (C:\apps\Racket\Racket\node_modules\.pnpm\jsdom@27.1.0\node_modules\jsdom\lib\jsdom\living\events\EventTarget-impl.js:296:3)
    at HTMLUnknownElementImpl._dispatch (C:\apps\Racket\Racket\node_modules\.pnpm\jsdom@27.1.0\node_modules\jsdom\lib\jsdom\living\events\EventTarget-impl.js:243:9)
Error: useAuth must be used within an AuthProvider
    at useAuth (C:/apps/Racket/Racket/frontend/src/contexts/AuthContext.tsx:431:11)
    at Dashboard (C:/apps/Racket/Racket/frontend/src/pages/Dashboard.tsx:63:37)
    at renderWithHooks (C:\apps\Racket\Racket\node_modules\.pnpm\react-dom@18.3.1_react@18.3.1\node_modules\react-dom\cjs\react-dom.development.js:15486:18)
    at mountIndeterminateComponent (C:\apps\Racket\Racket\node_modules\.pnpm\react-dom@18.3.1_react@18.3.1\node_modules\react-dom\cjs\react-dom.development.js:20103:13)
    at beginWork (C:\apps\Racket\Racket\node_modules\.pnpm\react-dom@18.3.1_react@18.3.1\node_modules\react-dom\cjs\react-dom.development.js:21626:16)
    at HTMLUnknownElement.callCallback (C:\apps\Racket\Racket\node_modules\.pnpm\react-dom@18.3.1_react@18.3.1\node_modules\react-dom\cjs\react-dom.development.js:4164:14)
    at HTMLUnknownElement.callTheUserObjectsOperation (C:\apps\Racket\Racket\node_modules\.pnpm\jsdom@27.1.0\node_modules\jsdom\lib\jsdom\living\generated\EventListener.js:26:30)
    at innerInvokeEventListeners (C:\apps\Racket\Racket\node_modules\.pnpm\jsdom@27.1.0\node_modules\jsdom\lib\jsdom\living\events\EventTarget-impl.js:360:16)
    at invokeEventListeners (C:\apps\Racket\Racket\node_modules\.pnpm\jsdom@27.1.0\node_modules\jsdom\lib\jsdom\living\events\EventTarget-impl.js:296:3)
    at HTMLUnknownElementImpl._dispatch (C:\apps\Racket\Racket\node_modules\.pnpm\jsdom@27.1.0\node_modules\jsdom\lib\jsdom\living\events\EventTarget-impl.js:243:9)
Error: useAuth must be used within an AuthProvider
    at useAuth (C:/apps/Racket/Racket/frontend/src/contexts/AuthContext.tsx:431:11)
    at Dashboard (C:/apps/Racket/Racket/frontend/src/pages/Dashboard.tsx:63:37)
    at renderWithHooks (C:\apps\Racket\Racket\node_modules\.pnpm\react-dom@18.3.1_react@18.3.1\node_modules\react-dom\cjs\react-dom.development.js:15486:18)
    at mountIndeterminateComponent (C:\apps\Racket\Racket\node_modules\.pnpm\react-dom@18.3.1_react@18.3.1\node_modules\react-dom\cjs\react-dom.development.js:20103:13)
    at beginWork (C:\apps\Racket\Racket\node_modules\.pnpm\react-dom@18.3.1_react@18.3.1\node_modules\react-dom\cjs\react-dom.development.js:21626:16)
    at HTMLUnknownElement.callCallback (C:\apps\Racket\Racket\node_modules\.pnpm\react-dom@18.3.1_react@18.3.1\node_modules\react-dom\cjs\react-dom.development.js:4164:14)
    at HTMLUnknownElement.callTheUserObjectsOperation (C:\apps\Racket\Racket\node_modules\.pnpm\jsdom@27.1.0\node_modules\jsdom\lib\jsdom\living\generated\EventListener.js:26:30)
    at innerInvokeEventListeners (C:\apps\Racket\Racket\node_modules\.pnpm\jsdom@27.1.0\node_modules\jsdom\lib\jsdom\living\events\EventTarget-impl.js:360:16)
    at invokeEventListeners (C:\apps\Racket\Racket\node_modules\.pnpm\jsdom@27.1.0\node_modules\jsdom\lib\jsdom\living\events\EventTarget-impl.js:296:3)
    at HTMLUnknownElementImpl._dispatch (C:\apps\Racket\Racket\node_modules\.pnpm\jsdom@27.1.0\node_modules\jsdom\lib\jsdom\living\events\EventTarget-impl.js:243:9)
Error: useAuth must be used within an AuthProvider
    at useAuth (C:/apps/Racket/Racket/frontend/src/contexts/AuthContext.tsx:431:11)
    at Dashboard (C:/apps/Racket/Racket/frontend/src/pages/Dashboard.tsx:63:37)
    at renderWithHooks (C:\apps\Racket\Racket\node_modules\.pnpm\react-dom@18.3.1_react@18.3.1\node_modules\react-dom\cjs\react-dom.development.js:15486:18)
    at mountIndeterminateComponent (C:\apps\Racket\Racket\node_modules\.pnpm\react-dom@18.3.1_react@18.3.1\node_modules\react-dom\cjs\react-dom.development.js:20103:13)
    at beginWork (C:\apps\Racket\Racket\node_modules\.pnpm\react-dom@18.3.1_react@18.3.1\node_modules\react-dom\cjs\react-dom.development.js:21626:16)
    at HTMLUnknownElement.callCallback (C:\apps\Racket\Racket\node_modules\.pnpm\react-dom@18.3.1_react@18.3.1\node_modules\react-dom\cjs\react-dom.development.js:4164:14)
    at HTMLUnknownElement.callTheUserObjectsOperation (C:\apps\Racket\Racket\node_modules\.pnpm\jsdom@27.1.0\node_modules\jsdom\lib\jsdom\living\generated\EventListener.js:26:30)
    at innerInvokeEventListeners (C:\apps\Racket\Racket\node_modules\.pnpm\jsdom@27.1.0\node_modules\jsdom\lib\jsdom\living\events\EventTarget-impl.js:360:16)
    at invokeEventListeners (C:\apps\Racket\Racket\node_modules\.pnpm\jsdom@27.1.0\node_modules\jsdom\lib\jsdom\living\events\EventTarget-impl.js:296:3)
    at HTMLUnknownElementImpl._dispatch (C:\apps\Racket\Racket\node_modules\.pnpm\jsdom@27.1.0\node_modules\jsdom\lib\jsdom\living\events\EventTarget-impl.js:243:9)
Error: useAuth must be used within an AuthProvider
    at useAuth (C:/apps/Racket/Racket/frontend/src/contexts/AuthContext.tsx:431:11)
    at Dashboard (C:/apps/Racket/Racket/frontend/src/pages/Dashboard.tsx:63:37)
    at renderWithHooks (C:\apps\Racket\Racket\node_modules\.pnpm\react-dom@18.3.1_react@18.3.1\node_modules\react-dom\cjs\react-dom.development.js:15486:18)
    at mountIndeterminateComponent (C:\apps\Racket\Racket\node_modules\.pnpm\react-dom@18.3.1_react@18.3.1\node_modules\react-dom\cjs\react-dom.development.js:20103:13)
    at beginWork (C:\apps\Racket\Racket\node_modules\.pnpm\react-dom@18.3.1_react@18.3.1\node_modules\react-dom\cjs\react-dom.development.js:21626:16)
    at HTMLUnknownElement.callCallback (C:\apps\Racket\Racket\node_modules\.pnpm\react-dom@18.3.1_react@18.3.1\node_modules\react-dom\cjs\react-dom.development.js:4164:14)
    at HTMLUnknownElement.callTheUserObjectsOperation (C:\apps\Racket\Racket\node_modules\.pnpm\jsdom@27.1.0\node_modules\jsdom\lib\jsdom\living\generated\EventListener.js:26:30)
    at innerInvokeEventListeners (C:\apps\Racket\Racket\node_modules\.pnpm\jsdom@27.1.0\node_modules\jsdom\lib\jsdom\living\events\EventTarget-impl.js:360:16)
    at invokeEventListeners (C:\apps\Racket\Racket\node_modules\.pnpm\jsdom@27.1.0\node_modules\jsdom\lib\jsdom\living\events\EventTarget-impl.js:296:3)
    at HTMLUnknownElementImpl._dispatch (C:\apps\Racket\Racket\node_modules\.pnpm\jsdom@27.1.0\node_modules\jsdom\lib\jsdom\living\events\EventTarget-impl.js:243:9)
Error: useAuth must be used within an AuthProvider
    at useAuth (C:/apps/Racket/Racket/frontend/src/contexts/AuthContext.tsx:431:11)
    at Dashboard (C:/apps/Racket/Racket/frontend/src/pages/Dashboard.tsx:63:37)
    at renderWithHooks (C:\apps\Racket\Racket\node_modules\.pnpm\react-dom@18.3.1_react@18.3.1\node_modules\react-dom\cjs\react-dom.development.js:15486:18)
    at mountIndeterminateComponent (C:\apps\Racket\Racket\node_modules\.pnpm\react-dom@18.3.1_react@18.3.1\node_modules\react-dom\cjs\react-dom.development.js:20103:13)
    at beginWork (C:\apps\Racket\Racket\node_modules\.pnpm\react-dom@18.3.1_react@18.3.1\node_modules\react-dom\cjs\react-dom.development.js:21626:16)
    at HTMLUnknownElement.callCallback (C:\apps\Racket\Racket\node_modules\.pnpm\react-dom@18.3.1_react@18.3.1\node_modules\react-dom\cjs\react-dom.development.js:4164:14)
    at HTMLUnknownElement.callTheUserObjectsOperation (C:\apps\Racket\Racket\node_modules\.pnpm\jsdom@27.1.0\node_modules\jsdom\lib\jsdom\living\generated\EventListener.js:26:30)
    at innerInvokeEventListeners (C:\apps\Racket\Racket\node_modules\.pnpm\jsdom@27.1.0\node_modules\jsdom\lib\jsdom\living\events\EventTarget-impl.js:360:16)
    at invokeEventListeners (C:\apps\Racket\Racket\node_modules\.pnpm\jsdom@27.1.0\node_modules\jsdom\lib\jsdom\living\events\EventTarget-impl.js:296:3)
    at HTMLUnknownElementImpl._dispatch (C:\apps\Racket\Racket\node_modules\.pnpm\jsdom@27.1.0\node_modules\jsdom\lib\jsdom\living\events\EventTarget-impl.js:243:9)
Error: useAuth must be used within an AuthProvider
    at useAuth (C:/apps/Racket/Racket/frontend/src/contexts/AuthContext.tsx:431:11)
    at Dashboard (C:/apps/Racket/Racket/frontend/src/pages/Dashboard.tsx:63:37)
    at renderWithHooks (C:\apps\Racket\Racket\node_modules\.pnpm\react-dom@18.3.1_react@18.3.1\node_modules\react-dom\cjs\react-dom.development.js:15486:18)
    at mountIndeterminateComponent (C:\apps\Racket\Racket\node_modules\.pnpm\react-dom@18.3.1_react@18.3.1\node_modules\react-dom\cjs\react-dom.development.js:20103:13)
    at beginWork (C:\apps\Racket\Racket\node_modules\.pnpm\react-dom@18.3.1_react@18.3.1\node_modules\react-dom\cjs\react-dom.development.js:21626:16)
    at HTMLUnknownElement.callCallback (C:\apps\Racket\Racket\node_modules\.pnpm\react-dom@18.3.1_react@18.3.1\node_modules\react-dom\cjs\react-dom.development.js:4164:14)
    at HTMLUnknownElement.callTheUserObjectsOperation (C:\apps\Racket\Racket\node_modules\.pnpm\jsdom@27.1.0\node_modules\jsdom\lib\jsdom\living\generated\EventListener.js:26:30)
    at innerInvokeEventListeners (C:\apps\Racket\Racket\node_modules\.pnpm\jsdom@27.1.0\node_modules\jsdom\lib\jsdom\living\events\EventTarget-impl.js:360:16)
    at invokeEventListeners (C:\apps\Racket\Racket\node_modules\.pnpm\jsdom@27.1.0\node_modules\jsdom\lib\jsdom\living\events\EventTarget-impl.js:296:3)
    at HTMLUnknownElementImpl._dispatch (C:\apps\Racket\Racket\node_modules\.pnpm\jsdom@27.1.0\node_modules\jsdom\lib\jsdom\living\events\EventTarget-impl.js:243:9)
Error: useAuth must be used within an AuthProvider
    at useAuth (C:/apps/Racket/Racket/frontend/src/contexts/AuthContext.tsx:431:11)
    at Dashboard (C:/apps/Racket/Racket/frontend/src/pages/Dashboard.tsx:63:37)
    at renderWithHooks (C:\apps\Racket\Racket\node_modules\.pnpm\react-dom@18.3.1_react@18.3.1\node_modules\react-dom\cjs\react-dom.development.js:15486:18)
    at mountIndeterminateComponent (C:\apps\Racket\Racket\node_modules\.pnpm\react-dom@18.3.1_react@18.3.1\node_modules\react-dom\cjs\react-dom.development.js:20103:13)
    at beginWork (C:\apps\Racket\Racket\node_modules\.pnpm\react-dom@18.3.1_react@18.3.1\node_modules\react-dom\cjs\react-dom.development.js:21626:16)
    at HTMLUnknownElement.callCallback (C:\apps\Racket\Racket\node_modules\.pnpm\react-dom@18.3.1_react@18.3.1\node_modules\react-dom\cjs\react-dom.development.js:4164:14)
    at HTMLUnknownElement.callTheUserObjectsOperation (C:\apps\Racket\Racket\node_modules\.pnpm\jsdom@27.1.0\node_modules\jsdom\lib\jsdom\living\generated\EventListener.js:26:30)
    at innerInvokeEventListeners (C:\apps\Racket\Racket\node_modules\.pnpm\jsdom@27.1.0\node_modules\jsdom\lib\jsdom\living\events\EventTarget-impl.js:360:16)
    at invokeEventListeners (C:\apps\Racket\Racket\node_modules\.pnpm\jsdom@27.1.0\node_modules\jsdom\lib\jsdom\living\events\EventTarget-impl.js:296:3)
    at HTMLUnknownElementImpl._dispatch (C:\apps\Racket\Racket\node_modules\.pnpm\jsdom@27.1.0\node_modules\jsdom\lib\jsdom\living\events\EventTarget-impl.js:243:9)
Error: useAuth must be used within an AuthProvider
    at useAuth (C:/apps/Racket/Racket/frontend/src/contexts/AuthContext.tsx:431:11)
    at Dashboard (C:/apps/Racket/Racket/frontend/src/pages/Dashboard.tsx:63:37)
    at renderWithHooks (C:\apps\Racket\Racket\node_modules\.pnpm\react-dom@18.3.1_react@18.3.1\node_modules\react-dom\cjs\react-dom.development.js:15486:18)
    at mountIndeterminateComponent (C:\apps\Racket\Racket\node_modules\.pnpm\react-dom@18.3.1_react@18.3.1\node_modules\react-dom\cjs\react-dom.development.js:20103:13)
    at beginWork (C:\apps\Racket\Racket\node_modules\.pnpm\react-dom@18.3.1_react@18.3.1\node_modules\react-dom\cjs\react-dom.development.js:21626:16)
    at HTMLUnknownElement.callCallback (C:\apps\Racket\Racket\node_modules\.pnpm\react-dom@18.3.1_react@18.3.1\node_modules\react-dom\cjs\react-dom.development.js:4164:14)
    at HTMLUnknownElement.callTheUserObjectsOperation (C:\apps\Racket\Racket\node_modules\.pnpm\jsdom@27.1.0\node_modules\jsdom\lib\jsdom\living\generated\EventListener.js:26:30)
    at innerInvokeEventListeners (C:\apps\Racket\Racket\node_modules\.pnpm\jsdom@27.1.0\node_modules\jsdom\lib\jsdom\living\events\EventTarget-impl.js:360:16)
    at invokeEventListeners (C:\apps\Racket\Racket\node_modules\.pnpm\jsdom@27.1.0\node_modules\jsdom\lib\jsdom\living\events\EventTarget-impl.js:296:3)
    at HTMLUnknownElementImpl._dispatch (C:\apps\Racket\Racket\node_modules\.pnpm\jsdom@27.1.0\node_modules\jsdom\lib\jsdom\living\events\EventTarget-impl.js:243:9)
Error: useAuth must be used within an AuthProvider
    at useAuth (C:/apps/Racket/Racket/frontend/src/contexts/AuthContext.tsx:431:11)
    at Dashboard (C:/apps/Racket/Racket/frontend/src/pages/Dashboard.tsx:63:37)
    at renderWithHooks (C:\apps\Racket\Racket\node_modules\.pnpm\react-dom@18.3.1_react@18.3.1\node_modules\react-dom\cjs\react-dom.development.js:15486:18)
    at mountIndeterminateComponent (C:\apps\Racket\Racket\node_modules\.pnpm\react-dom@18.3.1_react@18.3.1\node_modules\react-dom\cjs\react-dom.development.js:20103:13)
    at beginWork (C:\apps\Racket\Racket\node_modules\.pnpm\react-dom@18.3.1_react@18.3.1\node_modules\react-dom\cjs\react-dom.development.js:21626:16)
    at HTMLUnknownElement.callCallback (C:\apps\Racket\Racket\node_modules\.pnpm\react-dom@18.3.1_react@18.3.1\node_modules\react-dom\cjs\react-dom.development.js:4164:14)
    at HTMLUnknownElement.callTheUserObjectsOperation (C:\apps\Racket\Racket\node_modules\.pnpm\jsdom@27.1.0\node_modules\jsdom\lib\jsdom\living\generated\EventListener.js:26:30)
    at innerInvokeEventListeners (C:\apps\Racket\Racket\node_modules\.pnpm\jsdom@27.1.0\node_modules\jsdom\lib\jsdom\living\events\EventTarget-impl.js:360:16)
    at invokeEventListeners (C:\apps\Racket\Racket\node_modules\.pnpm\jsdom@27.1.0\node_modules\jsdom\lib\jsdom\living\events\EventTarget-impl.js:296:3)
    at HTMLUnknownElementImpl._dispatch (C:\apps\Racket\Racket\node_modules\.pnpm\jsdom@27.1.0\node_modules\jsdom\lib\jsdom\living\events\EventTarget-impl.js:243:9)
Error: useAuth must be used within an AuthProvider
    at useAuth (C:/apps/Racket/Racket/frontend/src/contexts/AuthContext.tsx:431:11)
    at Dashboard (C:/apps/Racket/Racket/frontend/src/pages/Dashboard.tsx:63:37)
    at renderWithHooks (C:\apps\Racket\Racket\node_modules\.pnpm\react-dom@18.3.1_react@18.3.1\node_modules\react-dom\cjs\react-dom.development.js:15486:18)
    at mountIndeterminateComponent (C:\apps\Racket\Racket\node_modules\.pnpm\react-dom@18.3.1_react@18.3.1\node_modules\react-dom\cjs\react-dom.development.js:20103:13)
    at beginWork (C:\apps\Racket\Racket\node_modules\.pnpm\react-dom@18.3.1_react@18.3.1\node_modules\react-dom\cjs\react-dom.development.js:21626:16)
    at HTMLUnknownElement.callCallback (C:\apps\Racket\Racket\node_modules\.pnpm\react-dom@18.3.1_react@18.3.1\node_modules\react-dom\cjs\react-dom.development.js:4164:14)
    at HTMLUnknownElement.callTheUserObjectsOperation (C:\apps\Racket\Racket\node_modules\.pnpm\jsdom@27.1.0\node_modules\jsdom\lib\jsdom\living\generated\EventListener.js:26:30)
    at innerInvokeEventListeners (C:\apps\Racket\Racket\node_modules\.pnpm\jsdom@27.1.0\node_modules\jsdom\lib\jsdom\living\events\EventTarget-impl.js:360:16)
    at invokeEventListeners (C:\apps\Racket\Racket\node_modules\.pnpm\jsdom@27.1.0\node_modules\jsdom\lib\jsdom\living\events\EventTarget-impl.js:296:3)
    at HTMLUnknownElementImpl._dispatch (C:\apps\Racket\Racket\node_modules\.pnpm\jsdom@27.1.0\node_modules\jsdom\lib\jsdom\living\events\EventTarget-impl.js:243:9)
Error: useAuth must be used within an AuthProvider
    at useAuth (C:/apps/Racket/Racket/frontend/src/contexts/AuthContext.tsx:431:11)
    at Dashboard (C:/apps/Racket/Racket/frontend/src/pages/Dashboard.tsx:63:37)
    at renderWithHooks (C:\apps\Racket\Racket\node_modules\.pnpm\react-dom@18.3.1_react@18.3.1\node_modules\react-dom\cjs\react-dom.development.js:15486:18)
    at mountIndeterminateComponent (C:\apps\Racket\Racket\node_modules\.pnpm\react-dom@18.3.1_react@18.3.1\node_modules\react-dom\cjs\react-dom.development.js:20103:13)
    at beginWork (C:\apps\Racket\Racket\node_modules\.pnpm\react-dom@18.3.1_react@18.3.1\node_modules\react-dom\cjs\react-dom.development.js:21626:16)
    at HTMLUnknownElement.callCallback (C:\apps\Racket\Racket\node_modules\.pnpm\react-dom@18.3.1_react@18.3.1\node_modules\react-dom\cjs\react-dom.development.js:4164:14)
    at HTMLUnknownElement.callTheUserObjectsOperation (C:\apps\Racket\Racket\node_modules\.pnpm\jsdom@27.1.0\node_modules\jsdom\lib\jsdom\living\generated\EventListener.js:26:30)
    at innerInvokeEventListeners (C:\apps\Racket\Racket\node_modules\.pnpm\jsdom@27.1.0\node_modules\jsdom\lib\jsdom\living\events\EventTarget-impl.js:360:16)
    at invokeEventListeners (C:\apps\Racket\Racket\node_modules\.pnpm\jsdom@27.1.0\node_modules\jsdom\lib\jsdom\living\events\EventTarget-impl.js:296:3)
    at HTMLUnknownElementImpl._dispatch (C:\apps\Racket\Racket\node_modules\.pnpm\jsdom@27.1.0\node_modules\jsdom\lib\jsdom\living\events\EventTarget-impl.js:243:9)
Error: useAuth must be used within an AuthProvider
    at useAuth (C:/apps/Racket/Racket/frontend/src/contexts/AuthContext.tsx:431:11)
    at Dashboard (C:/apps/Racket/Racket/frontend/src/pages/Dashboard.tsx:63:37)
    at renderWithHooks (C:\apps\Racket\Racket\node_modules\.pnpm\react-dom@18.3.1_react@18.3.1\node_modules\react-dom\cjs\react-dom.development.js:15486:18)
    at mountIndeterminateComponent (C:\apps\Racket\Racket\node_modules\.pnpm\react-dom@18.3.1_react@18.3.1\node_modules\react-dom\cjs\react-dom.development.js:20103:13)
    at beginWork (C:\apps\Racket\Racket\node_modules\.pnpm\react-dom@18.3.1_react@18.3.1\node_modules\react-dom\cjs\react-dom.development.js:21626:16)
    at HTMLUnknownElement.callCallback (C:\apps\Racket\Racket\node_modules\.pnpm\react-dom@18.3.1_react@18.3.1\node_modules\react-dom\cjs\react-dom.development.js:4164:14)
    at HTMLUnknownElement.callTheUserObjectsOperation (C:\apps\Racket\Racket\node_modules\.pnpm\jsdom@27.1.0\node_modules\jsdom\lib\jsdom\living\generated\EventListener.js:26:30)
    at innerInvokeEventListeners (C:\apps\Racket\Racket\node_modules\.pnpm\jsdom@27.1.0\node_modules\jsdom\lib\jsdom\living\events\EventTarget-impl.js:360:16)
    at invokeEventListeners (C:\apps\Racket\Racket\node_modules\.pnpm\jsdom@27.1.0\node_modules\jsdom\lib\jsdom\living\events\EventTarget-impl.js:296:3)
    at HTMLUnknownElementImpl._dispatch (C:\apps\Racket\Racket\node_modules\.pnpm\jsdom@27.1.0\node_modules\jsdom\lib\jsdom\living\events\EventTarget-impl.js:243:9)
Error: useAuth must be used within an AuthProvider
    at useAuth (C:/apps/Racket/Racket/frontend/src/contexts/AuthContext.tsx:431:11)
    at Dashboard (C:/apps/Racket/Racket/frontend/src/pages/Dashboard.tsx:63:37)
    at renderWithHooks (C:\apps\Racket\Racket\node_modules\.pnpm\react-dom@18.3.1_react@18.3.1\node_modules\react-dom\cjs\react-dom.development.js:15486:18)
    at mountIndeterminateComponent (C:\apps\Racket\Racket\node_modules\.pnpm\react-dom@18.3.1_react@18.3.1\node_modules\react-dom\cjs\react-dom.development.js:20103:13)
    at beginWork (C:\apps\Racket\Racket\node_modules\.pnpm\react-dom@18.3.1_react@18.3.1\node_modules\react-dom\cjs\react-dom.development.js:21626:16)
    at HTMLUnknownElement.callCallback (C:\apps\Racket\Racket\node_modules\.pnpm\react-dom@18.3.1_react@18.3.1\node_modules\react-dom\cjs\react-dom.development.js:4164:14)
    at HTMLUnknownElement.callTheUserObjectsOperation (C:\apps\Racket\Racket\node_modules\.pnpm\jsdom@27.1.0\node_modules\jsdom\lib\jsdom\living\generated\EventListener.js:26:30)
    at innerInvokeEventListeners (C:\apps\Racket\Racket\node_modules\.pnpm\jsdom@27.1.0\node_modules\jsdom\lib\jsdom\living\events\EventTarget-impl.js:360:16)
    at invokeEventListeners (C:\apps\Racket\Racket\node_modules\.pnpm\jsdom@27.1.0\node_modules\jsdom\lib\jsdom\living\events\EventTarget-impl.js:296:3)
    at HTMLUnknownElementImpl._dispatch (C:\apps\Racket\Racket\node_modules\.pnpm\jsdom@27.1.0\node_modules\jsdom\lib\jsdom\living\events\EventTarget-impl.js:243:9)
Error: useAuth must be used within an AuthProvider
    at useAuth (C:/apps/Racket/Racket/frontend/src/contexts/AuthContext.tsx:431:11)
    at Dashboard (C:/apps/Racket/Racket/frontend/src/pages/Dashboard.tsx:63:37)
    at renderWithHooks (C:\apps\Racket\Racket\node_modules\.pnpm\react-dom@18.3.1_react@18.3.1\node_modules\react-dom\cjs\react-dom.development.js:15486:18)
    at mountIndeterminateComponent (C:\apps\Racket\Racket\node_modules\.pnpm\react-dom@18.3.1_react@18.3.1\node_modules\react-dom\cjs\react-dom.development.js:20103:13)
    at beginWork (C:\apps\Racket\Racket\node_modules\.pnpm\react-dom@18.3.1_react@18.3.1\node_modules\react-dom\cjs\react-dom.development.js:21626:16)
    at HTMLUnknownElement.callCallback (C:\apps\Racket\Racket\node_modules\.pnpm\react-dom@18.3.1_react@18.3.1\node_modules\react-dom\cjs\react-dom.development.js:4164:14)
    at HTMLUnknownElement.callTheUserObjectsOperation (C:\apps\Racket\Racket\node_modules\.pnpm\jsdom@27.1.0\node_modules\jsdom\lib\jsdom\living\generated\EventListener.js:26:30)
    at innerInvokeEventListeners (C:\apps\Racket\Racket\node_modules\.pnpm\jsdom@27.1.0\node_modules\jsdom\lib\jsdom\living\events\EventTarget-impl.js:360:16)
    at invokeEventListeners (C:\apps\Racket\Racket\node_modules\.pnpm\jsdom@27.1.0\node_modules\jsdom\lib\jsdom\living\events\EventTarget-impl.js:296:3)
    at HTMLUnknownElementImpl._dispatch (C:\apps\Racket\Racket\node_modules\.pnpm\jsdom@27.1.0\node_modules\jsdom\lib\jsdom\living\events\EventTarget-impl.js:243:9)
Error: useAuth must be used within an AuthProvider
    at useAuth (C:/apps/Racket/Racket/frontend/src/contexts/AuthContext.tsx:431:11)
    at Dashboard (C:/apps/Racket/Racket/frontend/src/pages/Dashboard.tsx:63:37)
    at renderWithHooks (C:\apps\Racket\Racket\node_modules\.pnpm\react-dom@18.3.1_react@18.3.1\node_modules\react-dom\cjs\react-dom.development.js:15486:18)
    at mountIndeterminateComponent (C:\apps\Racket\Racket\node_modules\.pnpm\react-dom@18.3.1_react@18.3.1\node_modules\react-dom\cjs\react-dom.development.js:20103:13)
    at beginWork (C:\apps\Racket\Racket\node_modules\.pnpm\react-dom@18.3.1_react@18.3.1\node_modules\react-dom\cjs\react-dom.development.js:21626:16)
    at HTMLUnknownElement.callCallback (C:\apps\Racket\Racket\node_modules\.pnpm\react-dom@18.3.1_react@18.3.1\node_modules\react-dom\cjs\react-dom.development.js:4164:14)
    at HTMLUnknownElement.callTheUserObjectsOperation (C:\apps\Racket\Racket\node_modules\.pnpm\jsdom@27.1.0\node_modules\jsdom\lib\jsdom\living\generated\EventListener.js:26:30)
    at innerInvokeEventListeners (C:\apps\Racket\Racket\node_modules\.pnpm\jsdom@27.1.0\node_modules\jsdom\lib\jsdom\living\events\EventTarget-impl.js:360:16)
    at invokeEventListeners (C:\apps\Racket\Racket\node_modules\.pnpm\jsdom@27.1.0\node_modules\jsdom\lib\jsdom\living\events\EventTarget-impl.js:296:3)
    at HTMLUnknownElementImpl._dispatch (C:\apps\Racket\Racket\node_modules\.pnpm\jsdom@27.1.0\node_modules\jsdom\lib\jsdom\living\events\EventTarget-impl.js:243:9)
Error: useAuth must be used within an AuthProvider
    at useAuth (C:/apps/Racket/Racket/frontend/src/contexts/AuthContext.tsx:431:11)
    at Dashboard (C:/apps/Racket/Racket/frontend/src/pages/Dashboard.tsx:63:37)
    at renderWithHooks (C:\apps\Racket\Racket\node_modules\.pnpm\react-dom@18.3.1_react@18.3.1\node_modules\react-dom\cjs\react-dom.development.js:15486:18)
    at mountIndeterminateComponent (C:\apps\Racket\Racket\node_modules\.pnpm\react-dom@18.3.1_react@18.3.1\node_modules\react-dom\cjs\react-dom.development.js:20103:13)
    at beginWork (C:\apps\Racket\Racket\node_modules\.pnpm\react-dom@18.3.1_react@18.3.1\node_modules\react-dom\cjs\react-dom.development.js:21626:16)
    at HTMLUnknownElement.callCallback (C:\apps\Racket\Racket\node_modules\.pnpm\react-dom@18.3.1_react@18.3.1\node_modules\react-dom\cjs\react-dom.development.js:4164:14)
    at HTMLUnknownElement.callTheUserObjectsOperation (C:\apps\Racket\Racket\node_modules\.pnpm\jsdom@27.1.0\node_modules\jsdom\lib\jsdom\living\generated\EventListener.js:26:30)
    at innerInvokeEventListeners (C:\apps\Racket\Racket\node_modules\.pnpm\jsdom@27.1.0\node_modules\jsdom\lib\jsdom\living\events\EventTarget-impl.js:360:16)
    at invokeEventListeners (C:\apps\Racket\Racket\node_modules\.pnpm\jsdom@27.1.0\node_modules\jsdom\lib\jsdom\living\events\EventTarget-impl.js:296:3)
    at HTMLUnknownElementImpl._dispatch (C:\apps\Racket\Racket\node_modules\.pnpm\jsdom@27.1.0\node_modules\jsdom\lib\jsdom\living\events\EventTarget-impl.js:243:9)
Error: useAuth must be used within an AuthProvider
    at useAuth (C:/apps/Racket/Racket/frontend/src/contexts/AuthContext.tsx:431:11)
    at Dashboard (C:/apps/Racket/Racket/frontend/src/pages/Dashboard.tsx:63:37)
    at renderWithHooks (C:\apps\Racket\Racket\node_modules\.pnpm\react-dom@18.3.1_react@18.3.1\node_modules\react-dom\cjs\react-dom.development.js:15486:18)
    at mountIndeterminateComponent (C:\apps\Racket\Racket\node_modules\.pnpm\react-dom@18.3.1_react@18.3.1\node_modules\react-dom\cjs\react-dom.development.js:20103:13)
    at beginWork (C:\apps\Racket\Racket\node_modules\.pnpm\react-dom@18.3.1_react@18.3.1\node_modules\react-dom\cjs\react-dom.development.js:21626:16)
    at HTMLUnknownElement.callCallback (C:\apps\Racket\Racket\node_modules\.pnpm\react-dom@18.3.1_react@18.3.1\node_modules\react-dom\cjs\react-dom.development.js:4164:14)
    at HTMLUnknownElement.callTheUserObjectsOperation (C:\apps\Racket\Racket\node_modules\.pnpm\jsdom@27.1.0\node_modules\jsdom\lib\jsdom\living\generated\EventListener.js:26:30)
    at innerInvokeEventListeners (C:\apps\Racket\Racket\node_modules\.pnpm\jsdom@27.1.0\node_modules\jsdom\lib\jsdom\living\events\EventTarget-impl.js:360:16)
    at invokeEventListeners (C:\apps\Racket\Racket\node_modules\.pnpm\jsdom@27.1.0\node_modules\jsdom\lib\jsdom\living\events\EventTarget-impl.js:296:3)
    at HTMLUnknownElementImpl._dispatch (C:\apps\Racket\Racket\node_modules\.pnpm\jsdom@27.1.0\node_modules\jsdom\lib\jsdom\living\events\EventTarget-impl.js:243:9)
Error: useAuth must be used within an AuthProvider
    at useAuth (C:/apps/Racket/Racket/frontend/src/contexts/AuthContext.tsx:431:11)
    at Dashboard (C:/apps/Racket/Racket/frontend/src/pages/Dashboard.tsx:63:37)
    at renderWithHooks (C:\apps\Racket\Racket\node_modules\.pnpm\react-dom@18.3.1_react@18.3.1\node_modules\react-dom\cjs\react-dom.development.js:15486:18)
    at mountIndeterminateComponent (C:\apps\Racket\Racket\node_modules\.pnpm\react-dom@18.3.1_react@18.3.1\node_modules\react-dom\cjs\react-dom.development.js:20103:13)
    at beginWork (C:\apps\Racket\Racket\node_modules\.pnpm\react-dom@18.3.1_react@18.3.1\node_modules\react-dom\cjs\react-dom.development.js:21626:16)
    at HTMLUnknownElement.callCallback (C:\apps\Racket\Racket\node_modules\.pnpm\react-dom@18.3.1_react@18.3.1\node_modules\react-dom\cjs\react-dom.development.js:4164:14)
    at HTMLUnknownElement.callTheUserObjectsOperation (C:\apps\Racket\Racket\node_modules\.pnpm\jsdom@27.1.0\node_modules\jsdom\lib\jsdom\living\generated\EventListener.js:26:30)
    at innerInvokeEventListeners (C:\apps\Racket\Racket\node_modules\.pnpm\jsdom@27.1.0\node_modules\jsdom\lib\jsdom\living\events\EventTarget-impl.js:360:16)
    at invokeEventListeners (C:\apps\Racket\Racket\node_modules\.pnpm\jsdom@27.1.0\node_modules\jsdom\lib\jsdom\living\events\EventTarget-impl.js:296:3)
    at HTMLUnknownElementImpl._dispatch (C:\apps\Racket\Racket\node_modules\.pnpm\jsdom@27.1.0\node_modules\jsdom\lib\jsdom\living\events\EventTarget-impl.js:243:9)
Error: useAuth must be used within an AuthProvider
    at useAuth (C:/apps/Racket/Racket/frontend/src/contexts/AuthContext.tsx:431:11)
    at Dashboard (C:/apps/Racket/Racket/frontend/src/pages/Dashboard.tsx:63:37)
    at renderWithHooks (C:\apps\Racket\Racket\node_modules\.pnpm\react-dom@18.3.1_react@18.3.1\node_modules\react-dom\cjs\react-dom.development.js:15486:18)
    at mountIndeterminateComponent (C:\apps\Racket\Racket\node_modules\.pnpm\react-dom@18.3.1_react@18.3.1\node_modules\react-dom\cjs\react-dom.development.js:20103:13)
    at beginWork (C:\apps\Racket\Racket\node_modules\.pnpm\react-dom@18.3.1_react@18.3.1\node_modules\react-dom\cjs\react-dom.development.js:21626:16)
    at HTMLUnknownElement.callCallback (C:\apps\Racket\Racket\node_modules\.pnpm\react-dom@18.3.1_react@18.3.1\node_modules\react-dom\cjs\react-dom.development.js:4164:14)
    at HTMLUnknownElement.callTheUserObjectsOperation (C:\apps\Racket\Racket\node_modules\.pnpm\jsdom@27.1.0\node_modules\jsdom\lib\jsdom\living\generated\EventListener.js:26:30)
    at innerInvokeEventListeners (C:\apps\Racket\Racket\node_modules\.pnpm\jsdom@27.1.0\node_modules\jsdom\lib\jsdom\living\events\EventTarget-impl.js:360:16)
    at invokeEventListeners (C:\apps\Racket\Racket\node_modules\.pnpm\jsdom@27.1.0\node_modules\jsdom\lib\jsdom\living\events\EventTarget-impl.js:296:3)
    at HTMLUnknownElementImpl._dispatch (C:\apps\Racket\Racket\node_modules\.pnpm\jsdom@27.1.0\node_modules\jsdom\lib\jsdom\living\events\EventTarget-impl.js:243:9)
Error: useAuth must be used within an AuthProvider
    at useAuth (C:/apps/Racket/Racket/frontend/src/contexts/AuthContext.tsx:431:11)
    at Dashboard (C:/apps/Racket/Racket/frontend/src/pages/Dashboard.tsx:63:37)
    at renderWithHooks (C:\apps\Racket\Racket\node_modules\.pnpm\react-dom@18.3.1_react@18.3.1\node_modules\react-dom\cjs\react-dom.development.js:15486:18)
    at mountIndeterminateComponent (C:\apps\Racket\Racket\node_modules\.pnpm\react-dom@18.3.1_react@18.3.1\node_modules\react-dom\cjs\react-dom.development.js:20103:13)
    at beginWork (C:\apps\Racket\Racket\node_modules\.pnpm\react-dom@18.3.1_react@18.3.1\node_modules\react-dom\cjs\react-dom.development.js:21626:16)
    at HTMLUnknownElement.callCallback (C:\apps\Racket\Racket\node_modules\.pnpm\react-dom@18.3.1_react@18.3.1\node_modules\react-dom\cjs\react-dom.development.js:4164:14)
    at HTMLUnknownElement.callTheUserObjectsOperation (C:\apps\Racket\Racket\node_modules\.pnpm\jsdom@27.1.0\node_modules\jsdom\lib\jsdom\living\generated\EventListener.js:26:30)
    at innerInvokeEventListeners (C:\apps\Racket\Racket\node_modules\.pnpm\jsdom@27.1.0\node_modules\jsdom\lib\jsdom\living\events\EventTarget-impl.js:360:16)
    at invokeEventListeners (C:\apps\Racket\Racket\node_modules\.pnpm\jsdom@27.1.0\node_modules\jsdom\lib\jsdom\living\events\EventTarget-impl.js:296:3)
    at HTMLUnknownElementImpl._dispatch (C:\apps\Racket\Racket\node_modules\.pnpm\jsdom@27.1.0\node_modules\jsdom\lib\jsdom\living\events\EventTarget-impl.js:243:9)
Error: useAuth must be used within an AuthProvider
    at useAuth (C:/apps/Racket/Racket/frontend/src/contexts/AuthContext.tsx:431:11)
    at Dashboard (C:/apps/Racket/Racket/frontend/src/pages/Dashboard.tsx:63:37)
    at renderWithHooks (C:\apps\Racket\Racket\node_modules\.pnpm\react-dom@18.3.1_react@18.3.1\node_modules\react-dom\cjs\react-dom.development.js:15486:18)
    at mountIndeterminateComponent (C:\apps\Racket\Racket\node_modules\.pnpm\react-dom@18.3.1_react@18.3.1\node_modules\react-dom\cjs\react-dom.development.js:20103:13)
    at beginWork (C:\apps\Racket\Racket\node_modules\.pnpm\react-dom@18.3.1_react@18.3.1\node_modules\react-dom\cjs\react-dom.development.js:21626:16)
    at HTMLUnknownElement.callCallback (C:\apps\Racket\Racket\node_modules\.pnpm\react-dom@18.3.1_react@18.3.1\node_modules\react-dom\cjs\react-dom.development.js:4164:14)
    at HTMLUnknownElement.callTheUserObjectsOperation (C:\apps\Racket\Racket\node_modules\.pnpm\jsdom@27.1.0\node_modules\jsdom\lib\jsdom\living\generated\EventListener.js:26:30)
    at innerInvokeEventListeners (C:\apps\Racket\Racket\node_modules\.pnpm\jsdom@27.1.0\node_modules\jsdom\lib\jsdom\living\events\EventTarget-impl.js:360:16)
    at invokeEventListeners (C:\apps\Racket\Racket\node_modules\.pnpm\jsdom@27.1.0\node_modules\jsdom\lib\jsdom\living\events\EventTarget-impl.js:296:3)
    at HTMLUnknownElementImpl._dispatch (C:\apps\Racket\Racket\node_modules\.pnpm\jsdom@27.1.0\node_modules\jsdom\lib\jsdom\living\events\EventTarget-impl.js:243:9)
Error: useAuth must be used within an AuthProvider
    at useAuth (C:/apps/Racket/Racket/frontend/src/contexts/AuthContext.tsx:431:11)
    at Dashboard (C:/apps/Racket/Racket/frontend/src/pages/Dashboard.tsx:63:37)
    at renderWithHooks (C:\apps\Racket\Racket\node_modules\.pnpm\react-dom@18.3.1_react@18.3.1\node_modules\react-dom\cjs\react-dom.development.js:15486:18)
    at mountIndeterminateComponent (C:\apps\Racket\Racket\node_modules\.pnpm\react-dom@18.3.1_react@18.3.1\node_modules\react-dom\cjs\react-dom.development.js:20103:13)
    at beginWork (C:\apps\Racket\Racket\node_modules\.pnpm\react-dom@18.3.1_react@18.3.1\node_modules\react-dom\cjs\react-dom.development.js:21626:16)
    at HTMLUnknownElement.callCallback (C:\apps\Racket\Racket\node_modules\.pnpm\react-dom@18.3.1_react@18.3.1\node_modules\react-dom\cjs\react-dom.development.js:4164:14)
    at HTMLUnknownElement.callTheUserObjectsOperation (C:\apps\Racket\Racket\node_modules\.pnpm\jsdom@27.1.0\node_modules\jsdom\lib\jsdom\living\generated\EventListener.js:26:30)
    at innerInvokeEventListeners (C:\apps\Racket\Racket\node_modules\.pnpm\jsdom@27.1.0\node_modules\jsdom\lib\jsdom\living\events\EventTarget-impl.js:360:16)
    at invokeEventListeners (C:\apps\Racket\Racket\node_modules\.pnpm\jsdom@27.1.0\node_modules\jsdom\lib\jsdom\living\events\EventTarget-impl.js:296:3)
    at HTMLUnknownElementImpl._dispatch (C:\apps\Racket\Racket\node_modules\.pnpm\jsdom@27.1.0\node_modules\jsdom\lib\jsdom\living\events\EventTarget-impl.js:243:9)
Error: useAuth must be used within an AuthProvider
    at useAuth (C:/apps/Racket/Racket/frontend/src/contexts/AuthContext.tsx:431:11)
    at Dashboard (C:/apps/Racket/Racket/frontend/src/pages/Dashboard.tsx:63:37)
    at renderWithHooks (C:\apps\Racket\Racket\node_modules\.pnpm\react-dom@18.3.1_react@18.3.1\node_modules\react-dom\cjs\react-dom.development.js:15486:18)
    at mountIndeterminateComponent (C:\apps\Racket\Racket\node_modules\.pnpm\react-dom@18.3.1_react@18.3.1\node_modules\react-dom\cjs\react-dom.development.js:20103:13)
    at beginWork (C:\apps\Racket\Racket\node_modules\.pnpm\react-dom@18.3.1_react@18.3.1\node_modules\react-dom\cjs\react-dom.development.js:21626:16)
    at HTMLUnknownElement.callCallback (C:\apps\Racket\Racket\node_modules\.pnpm\react-dom@18.3.1_react@18.3.1\node_modules\react-dom\cjs\react-dom.development.js:4164:14)
    at HTMLUnknownElement.callTheUserObjectsOperation (C:\apps\Racket\Racket\node_modules\.pnpm\jsdom@27.1.0\node_modules\jsdom\lib\jsdom\living\generated\EventListener.js:26:30)
    at innerInvokeEventListeners (C:\apps\Racket\Racket\node_modules\.pnpm\jsdom@27.1.0\node_modules\jsdom\lib\jsdom\living\events\EventTarget-impl.js:360:16)
    at invokeEventListeners (C:\apps\Racket\Racket\node_modules\.pnpm\jsdom@27.1.0\node_modules\jsdom\lib\jsdom\living\events\EventTarget-impl.js:296:3)
    at HTMLUnknownElementImpl._dispatch (C:\apps\Racket\Racket\node_modules\.pnpm\jsdom@27.1.0\node_modules\jsdom\lib\jsdom\living\events\EventTarget-impl.js:243:9)
Error: useAuth must be used within an AuthProvider
    at useAuth (C:/apps/Racket/Racket/frontend/src/contexts/AuthContext.tsx:431:11)
    at Dashboard (C:/apps/Racket/Racket/frontend/src/pages/Dashboard.tsx:63:37)
    at renderWithHooks (C:\apps\Racket\Racket\node_modules\.pnpm\react-dom@18.3.1_react@18.3.1\node_modules\react-dom\cjs\react-dom.development.js:15486:18)
    at mountIndeterminateComponent (C:\apps\Racket\Racket\node_modules\.pnpm\react-dom@18.3.1_react@18.3.1\node_modules\react-dom\cjs\react-dom.development.js:20103:13)
    at beginWork (C:\apps\Racket\Racket\node_modules\.pnpm\react-dom@18.3.1_react@18.3.1\node_modules\react-dom\cjs\react-dom.development.js:21626:16)
    at HTMLUnknownElement.callCallback (C:\apps\Racket\Racket\node_modules\.pnpm\react-dom@18.3.1_react@18.3.1\node_modules\react-dom\cjs\react-dom.development.js:4164:14)
    at HTMLUnknownElement.callTheUserObjectsOperation (C:\apps\Racket\Racket\node_modules\.pnpm\jsdom@27.1.0\node_modules\jsdom\lib\jsdom\living\generated\EventListener.js:26:30)
    at innerInvokeEventListeners (C:\apps\Racket\Racket\node_modules\.pnpm\jsdom@27.1.0\node_modules\jsdom\lib\jsdom\living\events\EventTarget-impl.js:360:16)
    at invokeEventListeners (C:\apps\Racket\Racket\node_modules\.pnpm\jsdom@27.1.0\node_modules\jsdom\lib\jsdom\living\events\EventTarget-impl.js:296:3)
    at HTMLUnknownElementImpl._dispatch (C:\apps\Racket\Racket\node_modules\.pnpm\jsdom@27.1.0\node_modules\jsdom\lib\jsdom\living\events\EventTarget-impl.js:243:9)
Error: useAuth must be used within an AuthProvider
    at useAuth (C:/apps/Racket/Racket/frontend/src/contexts/AuthContext.tsx:431:11)
    at Dashboard (C:/apps/Racket/Racket/frontend/src/pages/Dashboard.tsx:63:37)
    at renderWithHooks (C:\apps\Racket\Racket\node_modules\.pnpm\react-dom@18.3.1_react@18.3.1\node_modules\react-dom\cjs\react-dom.development.js:15486:18)
    at mountIndeterminateComponent (C:\apps\Racket\Racket\node_modules\.pnpm\react-dom@18.3.1_react@18.3.1\node_modules\react-dom\cjs\react-dom.development.js:20103:13)
    at beginWork (C:\apps\Racket\Racket\node_modules\.pnpm\react-dom@18.3.1_react@18.3.1\node_modules\react-dom\cjs\react-dom.development.js:21626:16)
    at HTMLUnknownElement.callCallback (C:\apps\Racket\Racket\node_modules\.pnpm\react-dom@18.3.1_react@18.3.1\node_modules\react-dom\cjs\react-dom.development.js:4164:14)
    at HTMLUnknownElement.callTheUserObjectsOperation (C:\apps\Racket\Racket\node_modules\.pnpm\jsdom@27.1.0\node_modules\jsdom\lib\jsdom\living\generated\EventListener.js:26:30)
    at innerInvokeEventListeners (C:\apps\Racket\Racket\node_modules\.pnpm\jsdom@27.1.0\node_modules\jsdom\lib\jsdom\living\events\EventTarget-impl.js:360:16)
    at invokeEventListeners (C:\apps\Racket\Racket\node_modules\.pnpm\jsdom@27.1.0\node_modules\jsdom\lib\jsdom\living\events\EventTarget-impl.js:296:3)
    at HTMLUnknownElementImpl._dispatch (C:\apps\Racket\Racket\node_modules\.pnpm\jsdom@27.1.0\node_modules\jsdom\lib\jsdom\living\events\EventTarget-impl.js:243:9)
Error: useAuth must be used within an AuthProvider
    at useAuth (C:/apps/Racket/Racket/frontend/src/contexts/AuthContext.tsx:431:11)
    at Dashboard (C:/apps/Racket/Racket/frontend/src/pages/Dashboard.tsx:63:37)
    at renderWithHooks (C:\apps\Racket\Racket\node_modules\.pnpm\react-dom@18.3.1_react@18.3.1\node_modules\react-dom\cjs\react-dom.development.js:15486:18)
    at mountIndeterminateComponent (C:\apps\Racket\Racket\node_modules\.pnpm\react-dom@18.3.1_react@18.3.1\node_modules\react-dom\cjs\react-dom.development.js:20103:13)
    at beginWork (C:\apps\Racket\Racket\node_modules\.pnpm\react-dom@18.3.1_react@18.3.1\node_modules\react-dom\cjs\react-dom.development.js:21626:16)
    at HTMLUnknownElement.callCallback (C:\apps\Racket\Racket\node_modules\.pnpm\react-dom@18.3.1_react@18.3.1\node_modules\react-dom\cjs\react-dom.development.js:4164:14)
    at HTMLUnknownElement.callTheUserObjectsOperation (C:\apps\Racket\Racket\node_modules\.pnpm\jsdom@27.1.0\node_modules\jsdom\lib\jsdom\living\generated\EventListener.js:26:30)
    at innerInvokeEventListeners (C:\apps\Racket\Racket\node_modules\.pnpm\jsdom@27.1.0\node_modules\jsdom\lib\jsdom\living\events\EventTarget-impl.js:360:16)
    at invokeEventListeners (C:\apps\Racket\Racket\node_modules\.pnpm\jsdom@27.1.0\node_modules\jsdom\lib\jsdom\living\events\EventTarget-impl.js:296:3)
    at HTMLUnknownElementImpl._dispatch (C:\apps\Racket\Racket\node_modules\.pnpm\jsdom@27.1.0\node_modules\jsdom\lib\jsdom\living\events\EventTarget-impl.js:243:9)
Error: useAuth must be used within an AuthProvider
    at useAuth (C:/apps/Racket/Racket/frontend/src/contexts/AuthContext.tsx:431:11)
    at Dashboard (C:/apps/Racket/Racket/frontend/src/pages/Dashboard.tsx:63:37)
    at renderWithHooks (C:\apps\Racket\Racket\node_modules\.pnpm\react-dom@18.3.1_react@18.3.1\node_modules\react-dom\cjs\react-dom.development.js:15486:18)
    at mountIndeterminateComponent (C:\apps\Racket\Racket\node_modules\.pnpm\react-dom@18.3.1_react@18.3.1\node_modules\react-dom\cjs\react-dom.development.js:20103:13)
    at beginWork (C:\apps\Racket\Racket\node_modules\.pnpm\react-dom@18.3.1_react@18.3.1\node_modules\react-dom\cjs\react-dom.development.js:21626:16)
    at HTMLUnknownElement.callCallback (C:\apps\Racket\Racket\node_modules\.pnpm\react-dom@18.3.1_react@18.3.1\node_modules\react-dom\cjs\react-dom.development.js:4164:14)
    at HTMLUnknownElement.callTheUserObjectsOperation (C:\apps\Racket\Racket\node_modules\.pnpm\jsdom@27.1.0\node_modules\jsdom\lib\jsdom\living\generated\EventListener.js:26:30)
    at innerInvokeEventListeners (C:\apps\Racket\Racket\node_modules\.pnpm\jsdom@27.1.0\node_modules\jsdom\lib\jsdom\living\events\EventTarget-impl.js:360:16)
    at invokeEventListeners (C:\apps\Racket\Racket\node_modules\.pnpm\jsdom@27.1.0\node_modules\jsdom\lib\jsdom\living\events\EventTarget-impl.js:296:3)
    at HTMLUnknownElementImpl._dispatch (C:\apps\Racket\Racket\node_modules\.pnpm\jsdom@27.1.0\node_modules\jsdom\lib\jsdom\living\events\EventTarget-impl.js:243:9)
Error: useAuth must be used within an AuthProvider
    at useAuth (C:/apps/Racket/Racket/frontend/src/contexts/AuthContext.tsx:431:11)
    at Dashboard (C:/apps/Racket/Racket/frontend/src/pages/Dashboard.tsx:63:37)
    at renderWithHooks (C:\apps\Racket\Racket\node_modules\.pnpm\react-dom@18.3.1_react@18.3.1\node_modules\react-dom\cjs\react-dom.development.js:15486:18)
    at mountIndeterminateComponent (C:\apps\Racket\Racket\node_modules\.pnpm\react-dom@18.3.1_react@18.3.1\node_modules\react-dom\cjs\react-dom.development.js:20103:13)
    at beginWork (C:\apps\Racket\Racket\node_modules\.pnpm\react-dom@18.3.1_react@18.3.1\node_modules\react-dom\cjs\react-dom.development.js:21626:16)
    at HTMLUnknownElement.callCallback (C:\apps\Racket\Racket\node_modules\.pnpm\react-dom@18.3.1_react@18.3.1\node_modules\react-dom\cjs\react-dom.development.js:4164:14)
    at HTMLUnknownElement.callTheUserObjectsOperation (C:\apps\Racket\Racket\node_modules\.pnpm\jsdom@27.1.0\node_modules\jsdom\lib\jsdom\living\generated\EventListener.js:26:30)
    at innerInvokeEventListeners (C:\apps\Racket\Racket\node_modules\.pnpm\jsdom@27.1.0\node_modules\jsdom\lib\jsdom\living\events\EventTarget-impl.js:360:16)
    at invokeEventListeners (C:\apps\Racket\Racket\node_modules\.pnpm\jsdom@27.1.0\node_modules\jsdom\lib\jsdom\living\events\EventTarget-impl.js:296:3)
    at HTMLUnknownElementImpl._dispatch (C:\apps\Racket\Racket\node_modules\.pnpm\jsdom@27.1.0\node_modules\jsdom\lib\jsdom\living\events\EventTarget-impl.js:243:9)
Error: useAuth must be used within an AuthProvider
    at useAuth (C:/apps/Racket/Racket/frontend/src/contexts/AuthContext.tsx:431:11)
    at Dashboard (C:/apps/Racket/Racket/frontend/src/pages/Dashboard.tsx:63:37)
    at renderWithHooks (C:\apps\Racket\Racket\node_modules\.pnpm\react-dom@18.3.1_react@18.3.1\node_modules\react-dom\cjs\react-dom.development.js:15486:18)
    at mountIndeterminateComponent (C:\apps\Racket\Racket\node_modules\.pnpm\react-dom@18.3.1_react@18.3.1\node_modules\react-dom\cjs\react-dom.development.js:20103:13)
    at beginWork (C:\apps\Racket\Racket\node_modules\.pnpm\react-dom@18.3.1_react@18.3.1\node_modules\react-dom\cjs\react-dom.development.js:21626:16)
    at HTMLUnknownElement.callCallback (C:\apps\Racket\Racket\node_modules\.pnpm\react-dom@18.3.1_react@18.3.1\node_modules\react-dom\cjs\react-dom.development.js:4164:14)
    at HTMLUnknownElement.callTheUserObjectsOperation (C:\apps\Racket\Racket\node_modules\.pnpm\jsdom@27.1.0\node_modules\jsdom\lib\jsdom\living\generated\EventListener.js:26:30)
    at innerInvokeEventListeners (C:\apps\Racket\Racket\node_modules\.pnpm\jsdom@27.1.0\node_modules\jsdom\lib\jsdom\living\events\EventTarget-impl.js:360:16)
    at invokeEventListeners (C:\apps\Racket\Racket\node_modules\.pnpm\jsdom@27.1.0\node_modules\jsdom\lib\jsdom\living\events\EventTarget-impl.js:296:3)
    at HTMLUnknownElementImpl._dispatch (C:\apps\Racket\Racket\node_modules\.pnpm\jsdom@27.1.0\node_modules\jsdom\lib\jsdom\living\events\EventTarget-impl.js:243:9)
Error: useAuth must be used within an AuthProvider
    at useAuth (C:/apps/Racket/Racket/frontend/src/contexts/AuthContext.tsx:431:11)
    at Dashboard (C:/apps/Racket/Racket/frontend/src/pages/Dashboard.tsx:63:37)
    at renderWithHooks (C:\apps\Racket\Racket\node_modules\.pnpm\react-dom@18.3.1_react@18.3.1\node_modules\react-dom\cjs\react-dom.development.js:15486:18)
    at mountIndeterminateComponent (C:\apps\Racket\Racket\node_modules\.pnpm\react-dom@18.3.1_react@18.3.1\node_modules\react-dom\cjs\react-dom.development.js:20103:13)
    at beginWork (C:\apps\Racket\Racket\node_modules\.pnpm\react-dom@18.3.1_react@18.3.1\node_modules\react-dom\cjs\react-dom.development.js:21626:16)
    at HTMLUnknownElement.callCallback (C:\apps\Racket\Racket\node_modules\.pnpm\react-dom@18.3.1_react@18.3.1\node_modules\react-dom\cjs\react-dom.development.js:4164:14)
    at HTMLUnknownElement.callTheUserObjectsOperation (C:\apps\Racket\Racket\node_modules\.pnpm\jsdom@27.1.0\node_modules\jsdom\lib\jsdom\living\generated\EventListener.js:26:30)
    at innerInvokeEventListeners (C:\apps\Racket\Racket\node_modules\.pnpm\jsdom@27.1.0\node_modules\jsdom\lib\jsdom\living\events\EventTarget-impl.js:360:16)
    at invokeEventListeners (C:\apps\Racket\Racket\node_modules\.pnpm\jsdom@27.1.0\node_modules\jsdom\lib\jsdom\living\events\EventTarget-impl.js:296:3)
    at HTMLUnknownElementImpl._dispatch (C:\apps\Racket\Racket\node_modules\.pnpm\jsdom@27.1.0\node_modules\jsdom\lib\jsdom\living\events\EventTarget-impl.js:243:9)
Error: useAuth must be used within an AuthProvider
    at useAuth (C:/apps/Racket/Racket/frontend/src/contexts/AuthContext.tsx:431:11)
    at Dashboard (C:/apps/Racket/Racket/frontend/src/pages/Dashboard.tsx:63:37)
    at renderWithHooks (C:\apps\Racket\Racket\node_modules\.pnpm\react-dom@18.3.1_react@18.3.1\node_modules\react-dom\cjs\react-dom.development.js:15486:18)
    at mountIndeterminateComponent (C:\apps\Racket\Racket\node_modules\.pnpm\react-dom@18.3.1_react@18.3.1\node_modules\react-dom\cjs\react-dom.development.js:20103:13)
    at beginWork (C:\apps\Racket\Racket\node_modules\.pnpm\react-dom@18.3.1_react@18.3.1\node_modules\react-dom\cjs\react-dom.development.js:21626:16)
    at HTMLUnknownElement.callCallback (C:\apps\Racket\Racket\node_modules\.pnpm\react-dom@18.3.1_react@18.3.1\node_modules\react-dom\cjs\react-dom.development.js:4164:14)
    at HTMLUnknownElement.callTheUserObjectsOperation (C:\apps\Racket\Racket\node_modules\.pnpm\jsdom@27.1.0\node_modules\jsdom\lib\jsdom\living\generated\EventListener.js:26:30)
    at innerInvokeEventListeners (C:\apps\Racket\Racket\node_modules\.pnpm\jsdom@27.1.0\node_modules\jsdom\lib\jsdom\living\events\EventTarget-impl.js:360:16)
    at invokeEventListeners (C:\apps\Racket\Racket\node_modules\.pnpm\jsdom@27.1.0\node_modules\jsdom\lib\jsdom\living\events\EventTarget-impl.js:296:3)
    at HTMLUnknownElementImpl._dispatch (C:\apps\Racket\Racket\node_modules\.pnpm\jsdom@27.1.0\node_modules\jsdom\lib\jsdom\living\events\EventTarget-impl.js:243:9)
Error: useAuth must be used within an AuthProvider
    at useAuth (C:/apps/Racket/Racket/frontend/src/contexts/AuthContext.tsx:431:11)
    at Dashboard (C:/apps/Racket/Racket/frontend/src/pages/Dashboard.tsx:63:37)
    at renderWithHooks (C:\apps\Racket\Racket\node_modules\.pnpm\react-dom@18.3.1_react@18.3.1\node_modules\react-dom\cjs\react-dom.development.js:15486:18)
    at mountIndeterminateComponent (C:\apps\Racket\Racket\node_modules\.pnpm\react-dom@18.3.1_react@18.3.1\node_modules\react-dom\cjs\react-dom.development.js:20103:13)
    at beginWork (C:\apps\Racket\Racket\node_modules\.pnpm\react-dom@18.3.1_react@18.3.1\node_modules\react-dom\cjs\react-dom.development.js:21626:16)
    at HTMLUnknownElement.callCallback (C:\apps\Racket\Racket\node_modules\.pnpm\react-dom@18.3.1_react@18.3.1\node_modules\react-dom\cjs\react-dom.development.js:4164:14)
    at HTMLUnknownElement.callTheUserObjectsOperation (C:\apps\Racket\Racket\node_modules\.pnpm\jsdom@27.1.0\node_modules\jsdom\lib\jsdom\living\generated\EventListener.js:26:30)
    at innerInvokeEventListeners (C:\apps\Racket\Racket\node_modules\.pnpm\jsdom@27.1.0\node_modules\jsdom\lib\jsdom\living\events\EventTarget-impl.js:360:16)
    at invokeEventListeners (C:\apps\Racket\Racket\node_modules\.pnpm\jsdom@27.1.0\node_modules\jsdom\lib\jsdom\living\events\EventTarget-impl.js:296:3)
    at HTMLUnknownElementImpl._dispatch (C:\apps\Racket\Racket\node_modules\.pnpm\jsdom@27.1.0\node_modules\jsdom\lib\jsdom\living\events\EventTarget-impl.js:243:9)
Error: useAuth must be used within an AuthProvider
    at useAuth (C:/apps/Racket/Racket/frontend/src/contexts/AuthContext.tsx:431:11)
    at Dashboard (C:/apps/Racket/Racket/frontend/src/pages/Dashboard.tsx:63:37)
    at renderWithHooks (C:\apps\Racket\Racket\node_modules\.pnpm\react-dom@18.3.1_react@18.3.1\node_modules\react-dom\cjs\react-dom.development.js:15486:18)
    at mountIndeterminateComponent (C:\apps\Racket\Racket\node_modules\.pnpm\react-dom@18.3.1_react@18.3.1\node_modules\react-dom\cjs\react-dom.development.js:20103:13)
    at beginWork (C:\apps\Racket\Racket\node_modules\.pnpm\react-dom@18.3.1_react@18.3.1\node_modules\react-dom\cjs\react-dom.development.js:21626:16)
    at HTMLUnknownElement.callCallback (C:\apps\Racket\Racket\node_modules\.pnpm\react-dom@18.3.1_react@18.3.1\node_modules\react-dom\cjs\react-dom.development.js:4164:14)
    at HTMLUnknownElement.callTheUserObjectsOperation (C:\apps\Racket\Racket\node_modules\.pnpm\jsdom@27.1.0\node_modules\jsdom\lib\jsdom\living\generated\EventListener.js:26:30)
    at innerInvokeEventListeners (C:\apps\Racket\Racket\node_modules\.pnpm\jsdom@27.1.0\node_modules\jsdom\lib\jsdom\living\events\EventTarget-impl.js:360:16)
    at invokeEventListeners (C:\apps\Racket\Racket\node_modules\.pnpm\jsdom@27.1.0\node_modules\jsdom\lib\jsdom\living\events\EventTarget-impl.js:296:3)
    at HTMLUnknownElementImpl._dispatch (C:\apps\Racket\Racket\node_modules\.pnpm\jsdom@27.1.0\node_modules\jsdom\lib\jsdom\living\events\EventTarget-impl.js:243:9)
Error: useAuth must be used within an AuthProvider
    at useAuth (C:/apps/Racket/Racket/frontend/src/contexts/AuthContext.tsx:431:11)
    at Dashboard (C:/apps/Racket/Racket/frontend/src/pages/Dashboard.tsx:63:37)
    at renderWithHooks (C:\apps\Racket\Racket\node_modules\.pnpm\react-dom@18.3.1_react@18.3.1\node_modules\react-dom\cjs\react-dom.development.js:15486:18)
    at mountIndeterminateComponent (C:\apps\Racket\Racket\node_modules\.pnpm\react-dom@18.3.1_react@18.3.1\node_modules\react-dom\cjs\react-dom.development.js:20103:13)
    at beginWork (C:\apps\Racket\Racket\node_modules\.pnpm\react-dom@18.3.1_react@18.3.1\node_modules\react-dom\cjs\react-dom.development.js:21626:16)
    at HTMLUnknownElement.callCallback (C:\apps\Racket\Racket\node_modules\.pnpm\react-dom@18.3.1_react@18.3.1\node_modules\react-dom\cjs\react-dom.development.js:4164:14)
    at HTMLUnknownElement.callTheUserObjectsOperation (C:\apps\Racket\Racket\node_modules\.pnpm\jsdom@27.1.0\node_modules\jsdom\lib\jsdom\living\generated\EventListener.js:26:30)
    at innerInvokeEventListeners (C:\apps\Racket\Racket\node_modules\.pnpm\jsdom@27.1.0\node_modules\jsdom\lib\jsdom\living\events\EventTarget-impl.js:360:16)
    at invokeEventListeners (C:\apps\Racket\Racket\node_modules\.pnpm\jsdom@27.1.0\node_modules\jsdom\lib\jsdom\living\events\EventTarget-impl.js:296:3)
    at HTMLUnknownElementImpl._dispatch (C:\apps\Racket\Racket\node_modules\.pnpm\jsdom@27.1.0\node_modules\jsdom\lib\jsdom\living\events\EventTarget-impl.js:243:9)
Error: useAuth must be used within an AuthProvider
    at useAuth (C:/apps/Racket/Racket/frontend/src/contexts/AuthContext.tsx:431:11)
    at Dashboard (C:/apps/Racket/Racket/frontend/src/pages/Dashboard.tsx:63:37)
    at renderWithHooks (C:\apps\Racket\Racket\node_modules\.pnpm\react-dom@18.3.1_react@18.3.1\node_modules\react-dom\cjs\react-dom.development.js:15486:18)
    at mountIndeterminateComponent (C:\apps\Racket\Racket\node_modules\.pnpm\react-dom@18.3.1_react@18.3.1\node_modules\react-dom\cjs\react-dom.development.js:20103:13)
    at beginWork (C:\apps\Racket\Racket\node_modules\.pnpm\react-dom@18.3.1_react@18.3.1\node_modules\react-dom\cjs\react-dom.development.js:21626:16)
    at HTMLUnknownElement.callCallback (C:\apps\Racket\Racket\node_modules\.pnpm\react-dom@18.3.1_react@18.3.1\node_modules\react-dom\cjs\react-dom.development.js:4164:14)
    at HTMLUnknownElement.callTheUserObjectsOperation (C:\apps\Racket\Racket\node_modules\.pnpm\jsdom@27.1.0\node_modules\jsdom\lib\jsdom\living\generated\EventListener.js:26:30)
    at innerInvokeEventListeners (C:\apps\Racket\Racket\node_modules\.pnpm\jsdom@27.1.0\node_modules\jsdom\lib\jsdom\living\events\EventTarget-impl.js:360:16)
    at invokeEventListeners (C:\apps\Racket\Racket\node_modules\.pnpm\jsdom@27.1.0\node_modules\jsdom\lib\jsdom\living\events\EventTarget-impl.js:296:3)
    at HTMLUnknownElementImpl._dispatch (C:\apps\Racket\Racket\node_modules\.pnpm\jsdom@27.1.0\node_modules\jsdom\lib\jsdom\living\events\EventTarget-impl.js:243:9)
Error: useAuth must be used within an AuthProvider
    at useAuth (C:/apps/Racket/Racket/frontend/src/contexts/AuthContext.tsx:431:11)
    at Dashboard (C:/apps/Racket/Racket/frontend/src/pages/Dashboard.tsx:63:37)
    at renderWithHooks (C:\apps\Racket\Racket\node_modules\.pnpm\react-dom@18.3.1_react@18.3.1\node_modules\react-dom\cjs\react-dom.development.js:15486:18)
    at mountIndeterminateComponent (C:\apps\Racket\Racket\node_modules\.pnpm\react-dom@18.3.1_react@18.3.1\node_modules\react-dom\cjs\react-dom.development.js:20103:13)
    at beginWork (C:\apps\Racket\Racket\node_modules\.pnpm\react-dom@18.3.1_react@18.3.1\node_modules\react-dom\cjs\react-dom.development.js:21626:16)
    at HTMLUnknownElement.callCallback (C:\apps\Racket\Racket\node_modules\.pnpm\react-dom@18.3.1_react@18.3.1\node_modules\react-dom\cjs\react-dom.development.js:4164:14)
    at HTMLUnknownElement.callTheUserObjectsOperation (C:\apps\Racket\Racket\node_modules\.pnpm\jsdom@27.1.0\node_modules\jsdom\lib\jsdom\living\generated\EventListener.js:26:30)
    at innerInvokeEventListeners (C:\apps\Racket\Racket\node_modules\.pnpm\jsdom@27.1.0\node_modules\jsdom\lib\jsdom\living\events\EventTarget-impl.js:360:16)
    at invokeEventListeners (C:\apps\Racket\Racket\node_modules\.pnpm\jsdom@27.1.0\node_modules\jsdom\lib\jsdom\living\events\EventTarget-impl.js:296:3)
    at HTMLUnknownElementImpl._dispatch (C:\apps\Racket\Racket\node_modules\.pnpm\jsdom@27.1.0\node_modules\jsdom\lib\jsdom\living\events\EventTarget-impl.js:243:9)
Error: useAuth must be used within an AuthProvider
    at useAuth (C:/apps/Racket/Racket/frontend/src/contexts/AuthContext.tsx:431:11)
    at Dashboard (C:/apps/Racket/Racket/frontend/src/pages/Dashboard.tsx:63:37)
    at renderWithHooks (C:\apps\Racket\Racket\node_modules\.pnpm\react-dom@18.3.1_react@18.3.1\node_modules\react-dom\cjs\react-dom.development.js:15486:18)
    at mountIndeterminateComponent (C:\apps\Racket\Racket\node_modules\.pnpm\react-dom@18.3.1_react@18.3.1\node_modules\react-dom\cjs\react-dom.development.js:20103:13)
    at beginWork (C:\apps\Racket\Racket\node_modules\.pnpm\react-dom@18.3.1_react@18.3.1\node_modules\react-dom\cjs\react-dom.development.js:21626:16)
    at HTMLUnknownElement.callCallback (C:\apps\Racket\Racket\node_modules\.pnpm\react-dom@18.3.1_react@18.3.1\node_modules\react-dom\cjs\react-dom.development.js:4164:14)
    at HTMLUnknownElement.callTheUserObjectsOperation (C:\apps\Racket\Racket\node_modules\.pnpm\jsdom@27.1.0\node_modules\jsdom\lib\jsdom\living\generated\EventListener.js:26:30)
    at innerInvokeEventListeners (C:\apps\Racket\Racket\node_modules\.pnpm\jsdom@27.1.0\node_modules\jsdom\lib\jsdom\living\events\EventTarget-impl.js:360:16)
    at invokeEventListeners (C:\apps\Racket\Racket\node_modules\.pnpm\jsdom@27.1.0\node_modules\jsdom\lib\jsdom\living\events\EventTarget-impl.js:296:3)
    at HTMLUnknownElementImpl._dispatch (C:\apps\Racket\Racket\node_modules\.pnpm\jsdom@27.1.0\node_modules\jsdom\lib\jsdom\living\events\EventTarget-impl.js:243:9)
Error: useAuth must be used within an AuthProvider
    at useAuth (C:/apps/Racket/Racket/frontend/src/contexts/AuthContext.tsx:431:11)
    at Dashboard (C:/apps/Racket/Racket/frontend/src/pages/Dashboard.tsx:63:37)
    at renderWithHooks (C:\apps\Racket\Racket\node_modules\.pnpm\react-dom@18.3.1_react@18.3.1\node_modules\react-dom\cjs\react-dom.development.js:15486:18)
    at mountIndeterminateComponent (C:\apps\Racket\Racket\node_modules\.pnpm\react-dom@18.3.1_react@18.3.1\node_modules\react-dom\cjs\react-dom.development.js:20103:13)
    at beginWork (C:\apps\Racket\Racket\node_modules\.pnpm\react-dom@18.3.1_react@18.3.1\node_modules\react-dom\cjs\react-dom.development.js:21626:16)
    at HTMLUnknownElement.callCallback (C:\apps\Racket\Racket\node_modules\.pnpm\react-dom@18.3.1_react@18.3.1\node_modules\react-dom\cjs\react-dom.development.js:4164:14)
    at HTMLUnknownElement.callTheUserObjectsOperation (C:\apps\Racket\Racket\node_modules\.pnpm\jsdom@27.1.0\node_modules\jsdom\lib\jsdom\living\generated\EventListener.js:26:30)
    at innerInvokeEventListeners (C:\apps\Racket\Racket\node_modules\.pnpm\jsdom@27.1.0\node_modules\jsdom\lib\jsdom\living\events\EventTarget-impl.js:360:16)
    at invokeEventListeners (C:\apps\Racket\Racket\node_modules\.pnpm\jsdom@27.1.0\node_modules\jsdom\lib\jsdom\living\events\EventTarget-impl.js:296:3)
    at HTMLUnknownElementImpl._dispatch (C:\apps\Racket\Racket\node_modules\.pnpm\jsdom@27.1.0\node_modules\jsdom\lib\jsdom\living\events\EventTarget-impl.js:243:9)
Error: useAuth must be used within an AuthProvider
    at useAuth (C:/apps/Racket/Racket/frontend/src/contexts/AuthContext.tsx:431:11)
    at Dashboard (C:/apps/Racket/Racket/frontend/src/pages/Dashboard.tsx:63:37)
    at renderWithHooks (C:\apps\Racket\Racket\node_modules\.pnpm\react-dom@18.3.1_react@18.3.1\node_modules\react-dom\cjs\react-dom.development.js:15486:18)
    at mountIndeterminateComponent (C:\apps\Racket\Racket\node_modules\.pnpm\react-dom@18.3.1_react@18.3.1\node_modules\react-dom\cjs\react-dom.development.js:20103:13)
    at beginWork (C:\apps\Racket\Racket\node_modules\.pnpm\react-dom@18.3.1_react@18.3.1\node_modules\react-dom\cjs\react-dom.development.js:21626:16)
    at HTMLUnknownElement.callCallback (C:\apps\Racket\Racket\node_modules\.pnpm\react-dom@18.3.1_react@18.3.1\node_modules\react-dom\cjs\react-dom.development.js:4164:14)
    at HTMLUnknownElement.callTheUserObjectsOperation (C:\apps\Racket\Racket\node_modules\.pnpm\jsdom@27.1.0\node_modules\jsdom\lib\jsdom\living\generated\EventListener.js:26:30)
    at innerInvokeEventListeners (C:\apps\Racket\Racket\node_modules\.pnpm\jsdom@27.1.0\node_modules\jsdom\lib\jsdom\living\events\EventTarget-impl.js:360:16)
    at invokeEventListeners (C:\apps\Racket\Racket\node_modules\.pnpm\jsdom@27.1.0\node_modules\jsdom\lib\jsdom\living\events\EventTarget-impl.js:296:3)
    at HTMLUnknownElementImpl._dispatch (C:\apps\Racket\Racket\node_modules\.pnpm\jsdom@27.1.0\node_modules\jsdom\lib\jsdom\living\events\EventTarget-impl.js:243:9)
Error: useAuth must be used within an AuthProvider
    at useAuth (C:/apps/Racket/Racket/frontend/src/contexts/AuthContext.tsx:431:11)
    at Dashboard (C:/apps/Racket/Racket/frontend/src/pages/Dashboard.tsx:63:37)
    at renderWithHooks (C:\apps\Racket\Racket\node_modules\.pnpm\react-dom@18.3.1_react@18.3.1\node_modules\react-dom\cjs\react-dom.development.js:15486:18)
    at mountIndeterminateComponent (C:\apps\Racket\Racket\node_modules\.pnpm\react-dom@18.3.1_react@18.3.1\node_modules\react-dom\cjs\react-dom.development.js:20103:13)
    at beginWork (C:\apps\Racket\Racket\node_modules\.pnpm\react-dom@18.3.1_react@18.3.1\node_modules\react-dom\cjs\react-dom.development.js:21626:16)
    at HTMLUnknownElement.callCallback (C:\apps\Racket\Racket\node_modules\.pnpm\react-dom@18.3.1_react@18.3.1\node_modules\react-dom\cjs\react-dom.development.js:4164:14)
    at HTMLUnknownElement.callTheUserObjectsOperation (C:\apps\Racket\Racket\node_modules\.pnpm\jsdom@27.1.0\node_modules\jsdom\lib\jsdom\living\generated\EventListener.js:26:30)
    at innerInvokeEventListeners (C:\apps\Racket\Racket\node_modules\.pnpm\jsdom@27.1.0\node_modules\jsdom\lib\jsdom\living\events\EventTarget-impl.js:360:16)
    at invokeEventListeners (C:\apps\Racket\Racket\node_modules\.pnpm\jsdom@27.1.0\node_modules\jsdom\lib\jsdom\living\events\EventTarget-impl.js:296:3)
    at HTMLUnknownElementImpl._dispatch (C:\apps\Racket\Racket\node_modules\.pnpm\jsdom@27.1.0\node_modules\jsdom\lib\jsdom\living\events\EventTarget-impl.js:243:9)
Error: useAuth must be used within an AuthProvider
    at useAuth (C:/apps/Racket/Racket/frontend/src/contexts/AuthContext.tsx:431:11)
    at Dashboard (C:/apps/Racket/Racket/frontend/src/pages/Dashboard.tsx:63:37)
    at renderWithHooks (C:\apps\Racket\Racket\node_modules\.pnpm\react-dom@18.3.1_react@18.3.1\node_modules\react-dom\cjs\react-dom.development.js:15486:18)
    at mountIndeterminateComponent (C:\apps\Racket\Racket\node_modules\.pnpm\react-dom@18.3.1_react@18.3.1\node_modules\react-dom\cjs\react-dom.development.js:20103:13)
    at beginWork (C:\apps\Racket\Racket\node_modules\.pnpm\react-dom@18.3.1_react@18.3.1\node_modules\react-dom\cjs\react-dom.development.js:21626:16)
    at HTMLUnknownElement.callCallback (C:\apps\Racket\Racket\node_modules\.pnpm\react-dom@18.3.1_react@18.3.1\node_modules\react-dom\cjs\react-dom.development.js:4164:14)
    at HTMLUnknownElement.callTheUserObjectsOperation (C:\apps\Racket\Racket\node_modules\.pnpm\jsdom@27.1.0\node_modules\jsdom\lib\jsdom\living\generated\EventListener.js:26:30)
    at innerInvokeEventListeners (C:\apps\Racket\Racket\node_modules\.pnpm\jsdom@27.1.0\node_modules\jsdom\lib\jsdom\living\events\EventTarget-impl.js:360:16)
    at invokeEventListeners (C:\apps\Racket\Racket\node_modules\.pnpm\jsdom@27.1.0\node_modules\jsdom\lib\jsdom\living\events\EventTarget-impl.js:296:3)
    at HTMLUnknownElementImpl._dispatch (C:\apps\Racket\Racket\node_modules\.pnpm\jsdom@27.1.0\node_modules\jsdom\lib\jsdom\living\events\EventTarget-impl.js:243:9)
Error: useAuth must be used within an AuthProvider
    at useAuth (C:/apps/Racket/Racket/frontend/src/contexts/AuthContext.tsx:431:11)
    at Dashboard (C:/apps/Racket/Racket/frontend/src/pages/Dashboard.tsx:63:37)
    at renderWithHooks (C:\apps\Racket\Racket\node_modules\.pnpm\react-dom@18.3.1_react@18.3.1\node_modules\react-dom\cjs\react-dom.development.js:15486:18)
    at mountIndeterminateComponent (C:\apps\Racket\Racket\node_modules\.pnpm\react-dom@18.3.1_react@18.3.1\node_modules\react-dom\cjs\react-dom.development.js:20103:13)
    at beginWork (C:\apps\Racket\Racket\node_modules\.pnpm\react-dom@18.3.1_react@18.3.1\node_modules\react-dom\cjs\react-dom.development.js:21626:16)
    at HTMLUnknownElement.callCallback (C:\apps\Racket\Racket\node_modules\.pnpm\react-dom@18.3.1_react@18.3.1\node_modules\react-dom\cjs\react-dom.development.js:4164:14)
    at HTMLUnknownElement.callTheUserObjectsOperation (C:\apps\Racket\Racket\node_modules\.pnpm\jsdom@27.1.0\node_modules\jsdom\lib\jsdom\living\generated\EventListener.js:26:30)
    at innerInvokeEventListeners (C:\apps\Racket\Racket\node_modules\.pnpm\jsdom@27.1.0\node_modules\jsdom\lib\jsdom\living\events\EventTarget-impl.js:360:16)
    at invokeEventListeners (C:\apps\Racket\Racket\node_modules\.pnpm\jsdom@27.1.0\node_modules\jsdom\lib\jsdom\living\events\EventTarget-impl.js:296:3)
    at HTMLUnknownElementImpl._dispatch (C:\apps\Racket\Racket\node_modules\.pnpm\jsdom@27.1.0\node_modules\jsdom\lib\jsdom\living\events\EventTarget-impl.js:243:9)
Error: useAuth must be used within an AuthProvider
    at useAuth (C:/apps/Racket/Racket/frontend/src/contexts/AuthContext.tsx:431:11)
    at Dashboard (C:/apps/Racket/Racket/frontend/src/pages/Dashboard.tsx:63:37)
    at renderWithHooks (C:\apps\Racket\Racket\node_modules\.pnpm\react-dom@18.3.1_react@18.3.1\node_modules\react-dom\cjs\react-dom.development.js:15486:18)
    at mountIndeterminateComponent (C:\apps\Racket\Racket\node_modules\.pnpm\react-dom@18.3.1_react@18.3.1\node_modules\react-dom\cjs\react-dom.development.js:20103:13)
    at beginWork (C:\apps\Racket\Racket\node_modules\.pnpm\react-dom@18.3.1_react@18.3.1\node_modules\react-dom\cjs\react-dom.development.js:21626:16)
    at HTMLUnknownElement.callCallback (C:\apps\Racket\Racket\node_modules\.pnpm\react-dom@18.3.1_react@18.3.1\node_modules\react-dom\cjs\react-dom.development.js:4164:14)
    at HTMLUnknownElement.callTheUserObjectsOperation (C:\apps\Racket\Racket\node_modules\.pnpm\jsdom@27.1.0\node_modules\jsdom\lib\jsdom\living\generated\EventListener.js:26:30)
    at innerInvokeEventListeners (C:\apps\Racket\Racket\node_modules\.pnpm\jsdom@27.1.0\node_modules\jsdom\lib\jsdom\living\events\EventTarget-impl.js:360:16)
    at invokeEventListeners (C:\apps\Racket\Racket\node_modules\.pnpm\jsdom@27.1.0\node_modules\jsdom\lib\jsdom\living\events\EventTarget-impl.js:296:3)
    at HTMLUnknownElementImpl._dispatch (C:\apps\Racket\Racket\node_modules\.pnpm\jsdom@27.1.0\node_modules\jsdom\lib\jsdom\living\events\EventTarget-impl.js:243:9)
Error: useAuth must be used within an AuthProvider
    at useAuth (C:/apps/Racket/Racket/frontend/src/contexts/AuthContext.tsx:431:11)
    at Dashboard (C:/apps/Racket/Racket/frontend/src/pages/Dashboard.tsx:63:37)
    at renderWithHooks (C:\apps\Racket\Racket\node_modules\.pnpm\react-dom@18.3.1_react@18.3.1\node_modules\react-dom\cjs\react-dom.development.js:15486:18)
    at mountIndeterminateComponent (C:\apps\Racket\Racket\node_modules\.pnpm\react-dom@18.3.1_react@18.3.1\node_modules\react-dom\cjs\react-dom.development.js:20103:13)
    at beginWork (C:\apps\Racket\Racket\node_modules\.pnpm\react-dom@18.3.1_react@18.3.1\node_modules\react-dom\cjs\react-dom.development.js:21626:16)
    at HTMLUnknownElement.callCallback (C:\apps\Racket\Racket\node_modules\.pnpm\react-dom@18.3.1_react@18.3.1\node_modules\react-dom\cjs\react-dom.development.js:4164:14)
    at HTMLUnknownElement.callTheUserObjectsOperation (C:\apps\Racket\Racket\node_modules\.pnpm\jsdom@27.1.0\node_modules\jsdom\lib\jsdom\living\generated\EventListener.js:26:30)
    at innerInvokeEventListeners (C:\apps\Racket\Racket\node_modules\.pnpm\jsdom@27.1.0\node_modules\jsdom\lib\jsdom\living\events\EventTarget-impl.js:360:16)
    at invokeEventListeners (C:\apps\Racket\Racket\node_modules\.pnpm\jsdom@27.1.0\node_modules\jsdom\lib\jsdom\living\events\EventTarget-impl.js:296:3)
    at HTMLUnknownElementImpl._dispatch (C:\apps\Racket\Racket\node_modules\.pnpm\jsdom@27.1.0\node_modules\jsdom\lib\jsdom\living\events\EventTarget-impl.js:243:9)
Error: useAuth must be used within an AuthProvider
    at useAuth (C:/apps/Racket/Racket/frontend/src/contexts/AuthContext.tsx:431:11)
    at Dashboard (C:/apps/Racket/Racket/frontend/src/pages/Dashboard.tsx:63:37)
    at renderWithHooks (C:\apps\Racket\Racket\node_modules\.pnpm\react-dom@18.3.1_react@18.3.1\node_modules\react-dom\cjs\react-dom.development.js:15486:18)
    at mountIndeterminateComponent (C:\apps\Racket\Racket\node_modules\.pnpm\react-dom@18.3.1_react@18.3.1\node_modules\react-dom\cjs\react-dom.development.js:20103:13)
    at beginWork (C:\apps\Racket\Racket\node_modules\.pnpm\react-dom@18.3.1_react@18.3.1\node_modules\react-dom\cjs\react-dom.development.js:21626:16)
    at HTMLUnknownElement.callCallback (C:\apps\Racket\Racket\node_modules\.pnpm\react-dom@18.3.1_react@18.3.1\node_modules\react-dom\cjs\react-dom.development.js:4164:14)
    at HTMLUnknownElement.callTheUserObjectsOperation (C:\apps\Racket\Racket\node_modules\.pnpm\jsdom@27.1.0\node_modules\jsdom\lib\jsdom\living\generated\EventListener.js:26:30)
    at innerInvokeEventListeners (C:\apps\Racket\Racket\node_modules\.pnpm\jsdom@27.1.0\node_modules\jsdom\lib\jsdom\living\events\EventTarget-impl.js:360:16)
    at invokeEventListeners (C:\apps\Racket\Racket\node_modules\.pnpm\jsdom@27.1.0\node_modules\jsdom\lib\jsdom\living\events\EventTarget-impl.js:296:3)
    at HTMLUnknownElementImpl._dispatch (C:\apps\Racket\Racket\node_modules\.pnpm\jsdom@27.1.0\node_modules\jsdom\lib\jsdom\living\events\EventTarget-impl.js:243:9)
Error: useAuth must be used within an AuthProvider
    at useAuth (C:/apps/Racket/Racket/frontend/src/contexts/AuthContext.tsx:431:11)
    at Dashboard (C:/apps/Racket/Racket/frontend/src/pages/Dashboard.tsx:63:37)
    at renderWithHooks (C:\apps\Racket\Racket\node_modules\.pnpm\react-dom@18.3.1_react@18.3.1\node_modules\react-dom\cjs\react-dom.development.js:15486:18)
    at mountIndeterminateComponent (C:\apps\Racket\Racket\node_modules\.pnpm\react-dom@18.3.1_react@18.3.1\node_modules\react-dom\cjs\react-dom.development.js:20103:13)
    at beginWork (C:\apps\Racket\Racket\node_modules\.pnpm\react-dom@18.3.1_react@18.3.1\node_modules\react-dom\cjs\react-dom.development.js:21626:16)
    at HTMLUnknownElement.callCallback (C:\apps\Racket\Racket\node_modules\.pnpm\react-dom@18.3.1_react@18.3.1\node_modules\react-dom\cjs\react-dom.development.js:4164:14)
    at HTMLUnknownElement.callTheUserObjectsOperation (C:\apps\Racket\Racket\node_modules\.pnpm\jsdom@27.1.0\node_modules\jsdom\lib\jsdom\living\generated\EventListener.js:26:30)
    at innerInvokeEventListeners (C:\apps\Racket\Racket\node_modules\.pnpm\jsdom@27.1.0\node_modules\jsdom\lib\jsdom\living\events\EventTarget-impl.js:360:16)
    at invokeEventListeners (C:\apps\Racket\Racket\node_modules\.pnpm\jsdom@27.1.0\node_modules\jsdom\lib\jsdom\living\events\EventTarget-impl.js:296:3)
    at HTMLUnknownElementImpl._dispatch (C:\apps\Racket\Racket\node_modules\.pnpm\jsdom@27.1.0\node_modules\jsdom\lib\jsdom\living\events\EventTarget-impl.js:243:9)
Error: useAuth must be used within an AuthProvider
    at useAuth (C:/apps/Racket/Racket/frontend/src/contexts/AuthContext.tsx:431:11)
    at Dashboard (C:/apps/Racket/Racket/frontend/src/pages/Dashboard.tsx:63:37)
    at renderWithHooks (C:\apps\Racket\Racket\node_modules\.pnpm\react-dom@18.3.1_react@18.3.1\node_modules\react-dom\cjs\react-dom.development.js:15486:18)
    at mountIndeterminateComponent (C:\apps\Racket\Racket\node_modules\.pnpm\react-dom@18.3.1_react@18.3.1\node_modules\react-dom\cjs\react-dom.development.js:20103:13)
    at beginWork (C:\apps\Racket\Racket\node_modules\.pnpm\react-dom@18.3.1_react@18.3.1\node_modules\react-dom\cjs\react-dom.development.js:21626:16)
    at HTMLUnknownElement.callCallback (C:\apps\Racket\Racket\node_modules\.pnpm\react-dom@18.3.1_react@18.3.1\node_modules\react-dom\cjs\react-dom.development.js:4164:14)
    at HTMLUnknownElement.callTheUserObjectsOperation (C:\apps\Racket\Racket\node_modules\.pnpm\jsdom@27.1.0\node_modules\jsdom\lib\jsdom\living\generated\EventListener.js:26:30)
    at innerInvokeEventListeners (C:\apps\Racket\Racket\node_modules\.pnpm\jsdom@27.1.0\node_modules\jsdom\lib\jsdom\living\events\EventTarget-impl.js:360:16)
    at invokeEventListeners (C:\apps\Racket\Racket\node_modules\.pnpm\jsdom@27.1.0\node_modules\jsdom\lib\jsdom\living\events\EventTarget-impl.js:296:3)
    at HTMLUnknownElementImpl._dispatch (C:\apps\Racket\Racket\node_modules\.pnpm\jsdom@27.1.0\node_modules\jsdom\lib\jsdom\living\events\EventTarget-impl.js:243:9)
Error: useAuth must be used within an AuthProvider
    at useAuth (C:/apps/Racket/Racket/frontend/src/contexts/AuthContext.tsx:431:11)
    at Dashboard (C:/apps/Racket/Racket/frontend/src/pages/Dashboard.tsx:63:37)
    at renderWithHooks (C:\apps\Racket\Racket\node_modules\.pnpm\react-dom@18.3.1_react@18.3.1\node_modules\react-dom\cjs\react-dom.development.js:15486:18)
    at mountIndeterminateComponent (C:\apps\Racket\Racket\node_modules\.pnpm\react-dom@18.3.1_react@18.3.1\node_modules\react-dom\cjs\react-dom.development.js:20103:13)
    at beginWork (C:\apps\Racket\Racket\node_modules\.pnpm\react-dom@18.3.1_react@18.3.1\node_modules\react-dom\cjs\react-dom.development.js:21626:16)
    at HTMLUnknownElement.callCallback (C:\apps\Racket\Racket\node_modules\.pnpm\react-dom@18.3.1_react@18.3.1\node_modules\react-dom\cjs\react-dom.development.js:4164:14)
    at HTMLUnknownElement.callTheUserObjectsOperation (C:\apps\Racket\Racket\node_modules\.pnpm\jsdom@27.1.0\node_modules\jsdom\lib\jsdom\living\generated\EventListener.js:26:30)
    at innerInvokeEventListeners (C:\apps\Racket\Racket\node_modules\.pnpm\jsdom@27.1.0\node_modules\jsdom\lib\jsdom\living\events\EventTarget-impl.js:360:16)
    at invokeEventListeners (C:\apps\Racket\Racket\node_modules\.pnpm\jsdom@27.1.0\node_modules\jsdom\lib\jsdom\living\events\EventTarget-impl.js:296:3)
    at HTMLUnknownElementImpl._dispatch (C:\apps\Racket\Racket\node_modules\.pnpm\jsdom@27.1.0\node_modules\jsdom\lib\jsdom\living\events\EventTarget-impl.js:243:9)
Error: useAuth must be used within an AuthProvider
    at useAuth (C:/apps/Racket/Racket/frontend/src/contexts/AuthContext.tsx:431:11)
    at Dashboard (C:/apps/Racket/Racket/frontend/src/pages/Dashboard.tsx:63:37)
    at renderWithHooks (C:\apps\Racket\Racket\node_modules\.pnpm\react-dom@18.3.1_react@18.3.1\node_modules\react-dom\cjs\react-dom.development.js:15486:18)
    at mountIndeterminateComponent (C:\apps\Racket\Racket\node_modules\.pnpm\react-dom@18.3.1_react@18.3.1\node_modules\react-dom\cjs\react-dom.development.js:20103:13)
    at beginWork (C:\apps\Racket\Racket\node_modules\.pnpm\react-dom@18.3.1_react@18.3.1\node_modules\react-dom\cjs\react-dom.development.js:21626:16)
    at HTMLUnknownElement.callCallback (C:\apps\Racket\Racket\node_modules\.pnpm\react-dom@18.3.1_react@18.3.1\node_modules\react-dom\cjs\react-dom.development.js:4164:14)
    at HTMLUnknownElement.callTheUserObjectsOperation (C:\apps\Racket\Racket\node_modules\.pnpm\jsdom@27.1.0\node_modules\jsdom\lib\jsdom\living\generated\EventListener.js:26:30)
    at innerInvokeEventListeners (C:\apps\Racket\Racket\node_modules\.pnpm\jsdom@27.1.0\node_modules\jsdom\lib\jsdom\living\events\EventTarget-impl.js:360:16)
    at invokeEventListeners (C:\apps\Racket\Racket\node_modules\.pnpm\jsdom@27.1.0\node_modules\jsdom\lib\jsdom\living\events\EventTarget-impl.js:296:3)
    at HTMLUnknownElementImpl._dispatch (C:\apps\Racket\Racket\node_modules\.pnpm\jsdom@27.1.0\node_modules\jsdom\lib\jsdom\living\events\EventTarget-impl.js:243:9)
Error: useAuth must be used within an AuthProvider
    at useAuth (C:/apps/Racket/Racket/frontend/src/contexts/AuthContext.tsx:431:11)
    at Dashboard (C:/apps/Racket/Racket/frontend/src/pages/Dashboard.tsx:63:37)
    at renderWithHooks (C:\apps\Racket\Racket\node_modules\.pnpm\react-dom@18.3.1_react@18.3.1\node_modules\react-dom\cjs\react-dom.development.js:15486:18)
    at mountIndeterminateComponent (C:\apps\Racket\Racket\node_modules\.pnpm\react-dom@18.3.1_react@18.3.1\node_modules\react-dom\cjs\react-dom.development.js:20103:13)
    at beginWork (C:\apps\Racket\Racket\node_modules\.pnpm\react-dom@18.3.1_react@18.3.1\node_modules\react-dom\cjs\react-dom.development.js:21626:16)
    at HTMLUnknownElement.callCallback (C:\apps\Racket\Racket\node_modules\.pnpm\react-dom@18.3.1_react@18.3.1\node_modules\react-dom\cjs\react-dom.development.js:4164:14)
    at HTMLUnknownElement.callTheUserObjectsOperation (C:\apps\Racket\Racket\node_modules\.pnpm\jsdom@27.1.0\node_modules\jsdom\lib\jsdom\living\generated\EventListener.js:26:30)
    at innerInvokeEventListeners (C:\apps\Racket\Racket\node_modules\.pnpm\jsdom@27.1.0\node_modules\jsdom\lib\jsdom\living\events\EventTarget-impl.js:360:16)
    at invokeEventListeners (C:\apps\Racket\Racket\node_modules\.pnpm\jsdom@27.1.0\node_modules\jsdom\lib\jsdom\living\events\EventTarget-impl.js:296:3)
    at HTMLUnknownElementImpl._dispatch (C:\apps\Racket\Racket\node_modules\.pnpm\jsdom@27.1.0\node_modules\jsdom\lib\jsdom\living\events\EventTarget-impl.js:243:9)
Error: useAuth must be used within an AuthProvider
    at useAuth (C:/apps/Racket/Racket/frontend/src/contexts/AuthContext.tsx:431:11)
    at Dashboard (C:/apps/Racket/Racket/frontend/src/pages/Dashboard.tsx:63:37)
    at renderWithHooks (C:\apps\Racket\Racket\node_modules\.pnpm\react-dom@18.3.1_react@18.3.1\node_modules\react-dom\cjs\react-dom.development.js:15486:18)
    at mountIndeterminateComponent (C:\apps\Racket\Racket\node_modules\.pnpm\react-dom@18.3.1_react@18.3.1\node_modules\react-dom\cjs\react-dom.development.js:20103:13)
    at beginWork (C:\apps\Racket\Racket\node_modules\.pnpm\react-dom@18.3.1_react@18.3.1\node_modules\react-dom\cjs\react-dom.development.js:21626:16)
    at HTMLUnknownElement.callCallback (C:\apps\Racket\Racket\node_modules\.pnpm\react-dom@18.3.1_react@18.3.1\node_modules\react-dom\cjs\react-dom.development.js:4164:14)
    at HTMLUnknownElement.callTheUserObjectsOperation (C:\apps\Racket\Racket\node_modules\.pnpm\jsdom@27.1.0\node_modules\jsdom\lib\jsdom\living\generated\EventListener.js:26:30)
    at innerInvokeEventListeners (C:\apps\Racket\Racket\node_modules\.pnpm\jsdom@27.1.0\node_modules\jsdom\lib\jsdom\living\events\EventTarget-impl.js:360:16)
    at invokeEventListeners (C:\apps\Racket\Racket\node_modules\.pnpm\jsdom@27.1.0\node_modules\jsdom\lib\jsdom\living\events\EventTarget-impl.js:296:3)
    at HTMLUnknownElementImpl._dispatch (C:\apps\Racket\Racket\node_modules\.pnpm\jsdom@27.1.0\node_modules\jsdom\lib\jsdom\living\events\EventTarget-impl.js:243:9)
Error: useAuth must be used within an AuthProvider
    at useAuth (C:/apps/Racket/Racket/frontend/src/contexts/AuthContext.tsx:431:11)
    at Dashboard (C:/apps/Racket/Racket/frontend/src/pages/Dashboard.tsx:63:37)
    at renderWithHooks (C:\apps\Racket\Racket\node_modules\.pnpm\react-dom@18.3.1_react@18.3.1\node_modules\react-dom\cjs\react-dom.development.js:15486:18)
    at mountIndeterminateComponent (C:\apps\Racket\Racket\node_modules\.pnpm\react-dom@18.3.1_react@18.3.1\node_modules\react-dom\cjs\react-dom.development.js:20103:13)
    at beginWork (C:\apps\Racket\Racket\node_modules\.pnpm\react-dom@18.3.1_react@18.3.1\node_modules\react-dom\cjs\react-dom.development.js:21626:16)
    at HTMLUnknownElement.callCallback (C:\apps\Racket\Racket\node_modules\.pnpm\react-dom@18.3.1_react@18.3.1\node_modules\react-dom\cjs\react-dom.development.js:4164:14)
    at HTMLUnknownElement.callTheUserObjectsOperation (C:\apps\Racket\Racket\node_modules\.pnpm\jsdom@27.1.0\node_modules\jsdom\lib\jsdom\living\generated\EventListener.js:26:30)
    at innerInvokeEventListeners (C:\apps\Racket\Racket\node_modules\.pnpm\jsdom@27.1.0\node_modules\jsdom\lib\jsdom\living\events\EventTarget-impl.js:360:16)
    at invokeEventListeners (C:\apps\Racket\Racket\node_modules\.pnpm\jsdom@27.1.0\node_modules\jsdom\lib\jsdom\living\events\EventTarget-impl.js:296:3)
    at HTMLUnknownElementImpl._dispatch (C:\apps\Racket\Racket\node_modules\.pnpm\jsdom@27.1.0\node_modules\jsdom\lib\jsdom\living\events\EventTarget-impl.js:243:9)
Error: useAuth must be used within an AuthProvider
    at useAuth (C:/apps/Racket/Racket/frontend/src/contexts/AuthContext.tsx:431:11)
    at Dashboard (C:/apps/Racket/Racket/frontend/src/pages/Dashboard.tsx:63:37)
    at renderWithHooks (C:\apps\Racket\Racket\node_modules\.pnpm\react-dom@18.3.1_react@18.3.1\node_modules\react-dom\cjs\react-dom.development.js:15486:18)
    at mountIndeterminateComponent (C:\apps\Racket\Racket\node_modules\.pnpm\react-dom@18.3.1_react@18.3.1\node_modules\react-dom\cjs\react-dom.development.js:20103:13)
    at beginWork (C:\apps\Racket\Racket\node_modules\.pnpm\react-dom@18.3.1_react@18.3.1\node_modules\react-dom\cjs\react-dom.development.js:21626:16)
    at HTMLUnknownElement.callCallback (C:\apps\Racket\Racket\node_modules\.pnpm\react-dom@18.3.1_react@18.3.1\node_modules\react-dom\cjs\react-dom.development.js:4164:14)
    at HTMLUnknownElement.callTheUserObjectsOperation (C:\apps\Racket\Racket\node_modules\.pnpm\jsdom@27.1.0\node_modules\jsdom\lib\jsdom\living\generated\EventListener.js:26:30)
    at innerInvokeEventListeners (C:\apps\Racket\Racket\node_modules\.pnpm\jsdom@27.1.0\node_modules\jsdom\lib\jsdom\living\events\EventTarget-impl.js:360:16)
    at invokeEventListeners (C:\apps\Racket\Racket\node_modules\.pnpm\jsdom@27.1.0\node_modules\jsdom\lib\jsdom\living\events\EventTarget-impl.js:296:3)
    at HTMLUnknownElementImpl._dispatch (C:\apps\Racket\Racket\node_modules\.pnpm\jsdom@27.1.0\node_modules\jsdom\lib\jsdom\living\events\EventTarget-impl.js:243:9)
Error: useAuth must be used within an AuthProvider
    at useAuth (C:/apps/Racket/Racket/frontend/src/contexts/AuthContext.tsx:431:11)
    at Dashboard (C:/apps/Racket/Racket/frontend/src/pages/Dashboard.tsx:63:37)
    at renderWithHooks (C:\apps\Racket\Racket\node_modules\.pnpm\react-dom@18.3.1_react@18.3.1\node_modules\react-dom\cjs\react-dom.development.js:15486:18)
    at mountIndeterminateComponent (C:\apps\Racket\Racket\node_modules\.pnpm\react-dom@18.3.1_react@18.3.1\node_modules\react-dom\cjs\react-dom.development.js:20103:13)
    at beginWork (C:\apps\Racket\Racket\node_modules\.pnpm\react-dom@18.3.1_react@18.3.1\node_modules\react-dom\cjs\react-dom.development.js:21626:16)
    at HTMLUnknownElement.callCallback (C:\apps\Racket\Racket\node_modules\.pnpm\react-dom@18.3.1_react@18.3.1\node_modules\react-dom\cjs\react-dom.development.js:4164:14)
    at HTMLUnknownElement.callTheUserObjectsOperation (C:\apps\Racket\Racket\node_modules\.pnpm\jsdom@27.1.0\node_modules\jsdom\lib\jsdom\living\generated\EventListener.js:26:30)
    at innerInvokeEventListeners (C:\apps\Racket\Racket\node_modules\.pnpm\jsdom@27.1.0\node_modules\jsdom\lib\jsdom\living\events\EventTarget-impl.js:360:16)
    at invokeEventListeners (C:\apps\Racket\Racket\node_modules\.pnpm\jsdom@27.1.0\node_modules\jsdom\lib\jsdom\living\events\EventTarget-impl.js:296:3)
    at HTMLUnknownElementImpl._dispatch (C:\apps\Racket\Racket\node_modules\.pnpm\jsdom@27.1.0\node_modules\jsdom\lib\jsdom\living\events\EventTarget-impl.js:243:9)
Error: useAuth must be used within an AuthProvider
    at useAuth (C:/apps/Racket/Racket/frontend/src/contexts/AuthContext.tsx:431:11)
    at Dashboard (C:/apps/Racket/Racket/frontend/src/pages/Dashboard.tsx:63:37)
    at renderWithHooks (C:\apps\Racket\Racket\node_modules\.pnpm\react-dom@18.3.1_react@18.3.1\node_modules\react-dom\cjs\react-dom.development.js:15486:18)
    at mountIndeterminateComponent (C:\apps\Racket\Racket\node_modules\.pnpm\react-dom@18.3.1_react@18.3.1\node_modules\react-dom\cjs\react-dom.development.js:20103:13)
    at beginWork (C:\apps\Racket\Racket\node_modules\.pnpm\react-dom@18.3.1_react@18.3.1\node_modules\react-dom\cjs\react-dom.development.js:21626:16)
    at HTMLUnknownElement.callCallback (C:\apps\Racket\Racket\node_modules\.pnpm\react-dom@18.3.1_react@18.3.1\node_modules\react-dom\cjs\react-dom.development.js:4164:14)
    at HTMLUnknownElement.callTheUserObjectsOperation (C:\apps\Racket\Racket\node_modules\.pnpm\jsdom@27.1.0\node_modules\jsdom\lib\jsdom\living\generated\EventListener.js:26:30)
    at innerInvokeEventListeners (C:\apps\Racket\Racket\node_modules\.pnpm\jsdom@27.1.0\node_modules\jsdom\lib\jsdom\living\events\EventTarget-impl.js:360:16)
    at invokeEventListeners (C:\apps\Racket\Racket\node_modules\.pnpm\jsdom@27.1.0\node_modules\jsdom\lib\jsdom\living\events\EventTarget-impl.js:296:3)
    at HTMLUnknownElementImpl._dispatch (C:\apps\Racket\Racket\node_modules\.pnpm\jsdom@27.1.0\node_modules\jsdom\lib\jsdom\living\events\EventTarget-impl.js:243:9)
Error: useAuth must be used within an AuthProvider
    at useAuth (C:/apps/Racket/Racket/frontend/src/contexts/AuthContext.tsx:431:11)
    at Dashboard (C:/apps/Racket/Racket/frontend/src/pages/Dashboard.tsx:63:37)
    at renderWithHooks (C:\apps\Racket\Racket\node_modules\.pnpm\react-dom@18.3.1_react@18.3.1\node_modules\react-dom\cjs\react-dom.development.js:15486:18)
    at mountIndeterminateComponent (C:\apps\Racket\Racket\node_modules\.pnpm\react-dom@18.3.1_react@18.3.1\node_modules\react-dom\cjs\react-dom.development.js:20103:13)
    at beginWork (C:\apps\Racket\Racket\node_modules\.pnpm\react-dom@18.3.1_react@18.3.1\node_modules\react-dom\cjs\react-dom.development.js:21626:16)
    at HTMLUnknownElement.callCallback (C:\apps\Racket\Racket\node_modules\.pnpm\react-dom@18.3.1_react@18.3.1\node_modules\react-dom\cjs\react-dom.development.js:4164:14)
    at HTMLUnknownElement.callTheUserObjectsOperation (C:\apps\Racket\Racket\node_modules\.pnpm\jsdom@27.1.0\node_modules\jsdom\lib\jsdom\living\generated\EventListener.js:26:30)
    at innerInvokeEventListeners (C:\apps\Racket\Racket\node_modules\.pnpm\jsdom@27.1.0\node_modules\jsdom\lib\jsdom\living\events\EventTarget-impl.js:360:16)
    at invokeEventListeners (C:\apps\Racket\Racket\node_modules\.pnpm\jsdom@27.1.0\node_modules\jsdom\lib\jsdom\living\events\EventTarget-impl.js:296:3)
    at HTMLUnknownElementImpl._dispatch (C:\apps\Racket\Racket\node_modules\.pnpm\jsdom@27.1.0\node_modules\jsdom\lib\jsdom\living\events\EventTarget-impl.js:243:9)
Error: useAuth must be used within an AuthProvider
    at useAuth (C:/apps/Racket/Racket/frontend/src/contexts/AuthContext.tsx:431:11)
    at Dashboard (C:/apps/Racket/Racket/frontend/src/pages/Dashboard.tsx:63:37)
    at renderWithHooks (C:\apps\Racket\Racket\node_modules\.pnpm\react-dom@18.3.1_react@18.3.1\node_modules\react-dom\cjs\react-dom.development.js:15486:18)
    at mountIndeterminateComponent (C:\apps\Racket\Racket\node_modules\.pnpm\react-dom@18.3.1_react@18.3.1\node_modules\react-dom\cjs\react-dom.development.js:20103:13)
    at beginWork (C:\apps\Racket\Racket\node_modules\.pnpm\react-dom@18.3.1_react@18.3.1\node_modules\react-dom\cjs\react-dom.development.js:21626:16)
    at HTMLUnknownElement.callCallback (C:\apps\Racket\Racket\node_modules\.pnpm\react-dom@18.3.1_react@18.3.1\node_modules\react-dom\cjs\react-dom.development.js:4164:14)
    at HTMLUnknownElement.callTheUserObjectsOperation (C:\apps\Racket\Racket\node_modules\.pnpm\jsdom@27.1.0\node_modules\jsdom\lib\jsdom\living\generated\EventListener.js:26:30)
    at innerInvokeEventListeners (C:\apps\Racket\Racket\node_modules\.pnpm\jsdom@27.1.0\node_modules\jsdom\lib\jsdom\living\events\EventTarget-impl.js:360:16)
    at invokeEventListeners (C:\apps\Racket\Racket\node_modules\.pnpm\jsdom@27.1.0\node_modules\jsdom\lib\jsdom\living\events\EventTarget-impl.js:296:3)
    at HTMLUnknownElementImpl._dispatch (C:\apps\Racket\Racket\node_modules\.pnpm\jsdom@27.1.0\node_modules\jsdom\lib\jsdom\living\events\EventTarget-impl.js:243:9)
Error: useAuth must be used within an AuthProvider
    at useAuth (C:/apps/Racket/Racket/frontend/src/contexts/AuthContext.tsx:431:11)
    at Dashboard (C:/apps/Racket/Racket/frontend/src/pages/Dashboard.tsx:63:37)
    at renderWithHooks (C:\apps\Racket\Racket\node_modules\.pnpm\react-dom@18.3.1_react@18.3.1\node_modules\react-dom\cjs\react-dom.development.js:15486:18)
    at mountIndeterminateComponent (C:\apps\Racket\Racket\node_modules\.pnpm\react-dom@18.3.1_react@18.3.1\node_modules\react-dom\cjs\react-dom.development.js:20103:13)
    at beginWork (C:\apps\Racket\Racket\node_modules\.pnpm\react-dom@18.3.1_react@18.3.1\node_modules\react-dom\cjs\react-dom.development.js:21626:16)
    at HTMLUnknownElement.callCallback (C:\apps\Racket\Racket\node_modules\.pnpm\react-dom@18.3.1_react@18.3.1\node_modules\react-dom\cjs\react-dom.development.js:4164:14)
    at HTMLUnknownElement.callTheUserObjectsOperation (C:\apps\Racket\Racket\node_modules\.pnpm\jsdom@27.1.0\node_modules\jsdom\lib\jsdom\living\generated\EventListener.js:26:30)
    at innerInvokeEventListeners (C:\apps\Racket\Racket\node_modules\.pnpm\jsdom@27.1.0\node_modules\jsdom\lib\jsdom\living\events\EventTarget-impl.js:360:16)
    at invokeEventListeners (C:\apps\Racket\Racket\node_modules\.pnpm\jsdom@27.1.0\node_modules\jsdom\lib\jsdom\living\events\EventTarget-impl.js:296:3)
    at HTMLUnknownElementImpl._dispatch (C:\apps\Racket\Racket\node_modules\.pnpm\jsdom@27.1.0\node_modules\jsdom\lib\jsdom\living\events\EventTarget-impl.js:243:9)
Error: useAuth must be used within an AuthProvider
    at useAuth (C:/apps/Racket/Racket/frontend/src/contexts/AuthContext.tsx:431:11)
    at Dashboard (C:/apps/Racket/Racket/frontend/src/pages/Dashboard.tsx:63:37)
    at renderWithHooks (C:\apps\Racket\Racket\node_modules\.pnpm\react-dom@18.3.1_react@18.3.1\node_modules\react-dom\cjs\react-dom.development.js:15486:18)
    at mountIndeterminateComponent (C:\apps\Racket\Racket\node_modules\.pnpm\react-dom@18.3.1_react@18.3.1\node_modules\react-dom\cjs\react-dom.development.js:20103:13)
    at beginWork (C:\apps\Racket\Racket\node_modules\.pnpm\react-dom@18.3.1_react@18.3.1\node_modules\react-dom\cjs\react-dom.development.js:21626:16)
    at HTMLUnknownElement.callCallback (C:\apps\Racket\Racket\node_modules\.pnpm\react-dom@18.3.1_react@18.3.1\node_modules\react-dom\cjs\react-dom.development.js:4164:14)
    at HTMLUnknownElement.callTheUserObjectsOperation (C:\apps\Racket\Racket\node_modules\.pnpm\jsdom@27.1.0\node_modules\jsdom\lib\jsdom\living\generated\EventListener.js:26:30)
    at innerInvokeEventListeners (C:\apps\Racket\Racket\node_modules\.pnpm\jsdom@27.1.0\node_modules\jsdom\lib\jsdom\living\events\EventTarget-impl.js:360:16)
    at invokeEventListeners (C:\apps\Racket\Racket\node_modules\.pnpm\jsdom@27.1.0\node_modules\jsdom\lib\jsdom\living\events\EventTarget-impl.js:296:3)
    at HTMLUnknownElementImpl._dispatch (C:\apps\Racket\Racket\node_modules\.pnpm\jsdom@27.1.0\node_modules\jsdom\lib\jsdom\living\events\EventTarget-impl.js:243:9)
Error: useAuth must be used within an AuthProvider
    at useAuth (C:/apps/Racket/Racket/frontend/src/contexts/AuthContext.tsx:431:11)
    at Dashboard (C:/apps/Racket/Racket/frontend/src/pages/Dashboard.tsx:63:37)
    at renderWithHooks (C:\apps\Racket\Racket\node_modules\.pnpm\react-dom@18.3.1_react@18.3.1\node_modules\react-dom\cjs\react-dom.development.js:15486:18)
    at mountIndeterminateComponent (C:\apps\Racket\Racket\node_modules\.pnpm\react-dom@18.3.1_react@18.3.1\node_modules\react-dom\cjs\react-dom.development.js:20103:13)
    at beginWork (C:\apps\Racket\Racket\node_modules\.pnpm\react-dom@18.3.1_react@18.3.1\node_modules\react-dom\cjs\react-dom.development.js:21626:16)
    at HTMLUnknownElement.callCallback (C:\apps\Racket\Racket\node_modules\.pnpm\react-dom@18.3.1_react@18.3.1\node_modules\react-dom\cjs\react-dom.development.js:4164:14)
    at HTMLUnknownElement.callTheUserObjectsOperation (C:\apps\Racket\Racket\node_modules\.pnpm\jsdom@27.1.0\node_modules\jsdom\lib\jsdom\living\generated\EventListener.js:26:30)
    at innerInvokeEventListeners (C:\apps\Racket\Racket\node_modules\.pnpm\jsdom@27.1.0\node_modules\jsdom\lib\jsdom\living\events\EventTarget-impl.js:360:16)
    at invokeEventListeners (C:\apps\Racket\Racket\node_modules\.pnpm\jsdom@27.1.0\node_modules\jsdom\lib\jsdom\living\events\EventTarget-impl.js:296:3)
    at HTMLUnknownElementImpl._dispatch (C:\apps\Racket\Racket\node_modules\.pnpm\jsdom@27.1.0\node_modules\jsdom\lib\jsdom\living\events\EventTarget-impl.js:243:9)
Error: useAuth must be used within an AuthProvider
    at useAuth (C:/apps/Racket/Racket/frontend/src/contexts/AuthContext.tsx:431:11)
    at Dashboard (C:/apps/Racket/Racket/frontend/src/pages/Dashboard.tsx:63:37)
    at renderWithHooks (C:\apps\Racket\Racket\node_modules\.pnpm\react-dom@18.3.1_react@18.3.1\node_modules\react-dom\cjs\react-dom.development.js:15486:18)
    at mountIndeterminateComponent (C:\apps\Racket\Racket\node_modules\.pnpm\react-dom@18.3.1_react@18.3.1\node_modules\react-dom\cjs\react-dom.development.js:20103:13)
    at beginWork (C:\apps\Racket\Racket\node_modules\.pnpm\react-dom@18.3.1_react@18.3.1\node_modules\react-dom\cjs\react-dom.development.js:21626:16)
    at HTMLUnknownElement.callCallback (C:\apps\Racket\Racket\node_modules\.pnpm\react-dom@18.3.1_react@18.3.1\node_modules\react-dom\cjs\react-dom.development.js:4164:14)
    at HTMLUnknownElement.callTheUserObjectsOperation (C:\apps\Racket\Racket\node_modules\.pnpm\jsdom@27.1.0\node_modules\jsdom\lib\jsdom\living\generated\EventListener.js:26:30)
    at innerInvokeEventListeners (C:\apps\Racket\Racket\node_modules\.pnpm\jsdom@27.1.0\node_modules\jsdom\lib\jsdom\living\events\EventTarget-impl.js:360:16)
    at invokeEventListeners (C:\apps\Racket\Racket\node_modules\.pnpm\jsdom@27.1.0\node_modules\jsdom\lib\jsdom\living\events\EventTarget-impl.js:296:3)
    at HTMLUnknownElementImpl._dispatch (C:\apps\Racket\Racket\node_modules\.pnpm\jsdom@27.1.0\node_modules\jsdom\lib\jsdom\living\events\EventTarget-impl.js:243:9)
Error: useAuth must be used within an AuthProvider
    at useAuth (C:/apps/Racket/Racket/frontend/src/contexts/AuthContext.tsx:431:11)
    at Dashboard (C:/apps/Racket/Racket/frontend/src/pages/Dashboard.tsx:63:37)
    at renderWithHooks (C:\apps\Racket\Racket\node_modules\.pnpm\react-dom@18.3.1_react@18.3.1\node_modules\react-dom\cjs\react-dom.development.js:15486:18)
    at mountIndeterminateComponent (C:\apps\Racket\Racket\node_modules\.pnpm\react-dom@18.3.1_react@18.3.1\node_modules\react-dom\cjs\react-dom.development.js:20103:13)
    at beginWork (C:\apps\Racket\Racket\node_modules\.pnpm\react-dom@18.3.1_react@18.3.1\node_modules\react-dom\cjs\react-dom.development.js:21626:16)
    at HTMLUnknownElement.callCallback (C:\apps\Racket\Racket\node_modules\.pnpm\react-dom@18.3.1_react@18.3.1\node_modules\react-dom\cjs\react-dom.development.js:4164:14)
    at HTMLUnknownElement.callTheUserObjectsOperation (C:\apps\Racket\Racket\node_modules\.pnpm\jsdom@27.1.0\node_modules\jsdom\lib\jsdom\living\generated\EventListener.js:26:30)
    at innerInvokeEventListeners (C:\apps\Racket\Racket\node_modules\.pnpm\jsdom@27.1.0\node_modules\jsdom\lib\jsdom\living\events\EventTarget-impl.js:360:16)
    at invokeEventListeners (C:\apps\Racket\Racket\node_modules\.pnpm\jsdom@27.1.0\node_modules\jsdom\lib\jsdom\living\events\EventTarget-impl.js:296:3)
    at HTMLUnknownElementImpl._dispatch (C:\apps\Racket\Racket\node_modules\.pnpm\jsdom@27.1.0\node_modules\jsdom\lib\jsdom\living\events\EventTarget-impl.js:243:9)
Error: useAuth must be used within an AuthProvider
    at useAuth (C:/apps/Racket/Racket/frontend/src/contexts/AuthContext.tsx:431:11)
    at Dashboard (C:/apps/Racket/Racket/frontend/src/pages/Dashboard.tsx:63:37)
    at renderWithHooks (C:\apps\Racket\Racket\node_modules\.pnpm\react-dom@18.3.1_react@18.3.1\node_modules\react-dom\cjs\react-dom.development.js:15486:18)
    at mountIndeterminateComponent (C:\apps\Racket\Racket\node_modules\.pnpm\react-dom@18.3.1_react@18.3.1\node_modules\react-dom\cjs\react-dom.development.js:20103:13)
    at beginWork (C:\apps\Racket\Racket\node_modules\.pnpm\react-dom@18.3.1_react@18.3.1\node_modules\react-dom\cjs\react-dom.development.js:21626:16)
    at HTMLUnknownElement.callCallback (C:\apps\Racket\Racket\node_modules\.pnpm\react-dom@18.3.1_react@18.3.1\node_modules\react-dom\cjs\react-dom.development.js:4164:14)
    at HTMLUnknownElement.callTheUserObjectsOperation (C:\apps\Racket\Racket\node_modules\.pnpm\jsdom@27.1.0\node_modules\jsdom\lib\jsdom\living\generated\EventListener.js:26:30)
    at innerInvokeEventListeners (C:\apps\Racket\Racket\node_modules\.pnpm\jsdom@27.1.0\node_modules\jsdom\lib\jsdom\living\events\EventTarget-impl.js:360:16)
    at invokeEventListeners (C:\apps\Racket\Racket\node_modules\.pnpm\jsdom@27.1.0\node_modules\jsdom\lib\jsdom\living\events\EventTarget-impl.js:296:3)
    at HTMLUnknownElementImpl._dispatch (C:\apps\Racket\Racket\node_modules\.pnpm\jsdom@27.1.0\node_modules\jsdom\lib\jsdom\living\events\EventTarget-impl.js:243:9)
Error: useAuth must be used within an AuthProvider
    at useAuth (C:/apps/Racket/Racket/frontend/src/contexts/AuthContext.tsx:431:11)
    at Dashboard (C:/apps/Racket/Racket/frontend/src/pages/Dashboard.tsx:63:37)
    at renderWithHooks (C:\apps\Racket\Racket\node_modules\.pnpm\react-dom@18.3.1_react@18.3.1\node_modules\react-dom\cjs\react-dom.development.js:15486:18)
    at mountIndeterminateComponent (C:\apps\Racket\Racket\node_modules\.pnpm\react-dom@18.3.1_react@18.3.1\node_modules\react-dom\cjs\react-dom.development.js:20103:13)
    at beginWork (C:\apps\Racket\Racket\node_modules\.pnpm\react-dom@18.3.1_react@18.3.1\node_modules\react-dom\cjs\react-dom.development.js:21626:16)
    at HTMLUnknownElement.callCallback (C:\apps\Racket\Racket\node_modules\.pnpm\react-dom@18.3.1_react@18.3.1\node_modules\react-dom\cjs\react-dom.development.js:4164:14)
    at HTMLUnknownElement.callTheUserObjectsOperation (C:\apps\Racket\Racket\node_modules\.pnpm\jsdom@27.1.0\node_modules\jsdom\lib\jsdom\living\generated\EventListener.js:26:30)
    at innerInvokeEventListeners (C:\apps\Racket\Racket\node_modules\.pnpm\jsdom@27.1.0\node_modules\jsdom\lib\jsdom\living\events\EventTarget-impl.js:360:16)
    at invokeEventListeners (C:\apps\Racket\Racket\node_modules\.pnpm\jsdom@27.1.0\node_modules\jsdom\lib\jsdom\living\events\EventTarget-impl.js:296:3)
    at HTMLUnknownElementImpl._dispatch (C:\apps\Racket\Racket\node_modules\.pnpm\jsdom@27.1.0\node_modules\jsdom\lib\jsdom\living\events\EventTarget-impl.js:243:9)
 [31mÔØ»[39m src/pages/__tests__/Dashboard.test.tsx [2m([22m[2m24 tests[22m[2m | [22m[31m24 failed[39m[2m)[22m[33m 586[2mms[22m[39m
[31m     [31m├ù[31m renders dashboard with title and new match button[39m[32m 108[2mms[22m[39m
[31m     [31m├ù[31m shows loading message when loading is true[39m[32m 17[2mms[22m[39m
[31m     [31m├ù[31m shows error message when error is present[39m[32m 46[2mms[22m[39m
[31m     [31m├ù[31m calls onNewMatchClick when new match button is clicked[39m[32m 14[2mms[22m[39m
[31m     [31m├ù[31m filters matches based on user permissions[39m[32m 11[2mms[22m[39m
[31m     [31m├ù[31m calls onStartMatch when clicking on NOT_STARTED match[39m[32m 19[2mms[22m[39m
[31m     [31m├ù[31m calls onContinueMatch when clicking on IN_PROGRESS match via carousel[39m[32m 18[2mms[22m[39m
[31m     [31m├ù[31m opens stats modal when stats button is clicked[39m[32m 6[2mms[22m[39m
[31m     [31m├ù[31m shows loading state on stats button when fetching[39m[32m 7[2mms[22m[39m
[31m     [31m├ù[31m handles fetch errors gracefully[39m[32m 7[2mms[22m[39m
[31m     [31m├ù[31m renders live matches in the carousel for IN_PROGRESS matches[39m[32m 6[2mms[22m[39m
[31m     [31m├ù[31m renders match partials in the carousel for live matches[39m[32m 28[2mms[22m[39m
[31m     [31m├ù[31m renders match format labels correctly[39m[32m 12[2mms[22m[39m
[31m     [31m├ù[31m handles matches without players object[39m[32m 7[2mms[22m[39m
[31m     [31m├ù[31m handles empty matches array[39m[32m 17[2mms[22m[39m
[31m     [31m├ù[31m handles null currentUser[39m[32m 44[2mms[22m[39m
[31m     [31m├ù[31m closes stats modal when close button is clicked[39m[32m 32[2mms[22m[39m
[31m     [31m├ù[31m exibe estado vazio quando n├úo h├í partidas vis├¡veis[39m[32m 42[2mms[22m[39m
[31m     [31m├ù[31m aplica classe card--live no carousel para partidas IN_PROGRESS[39m[32m 27[2mms[22m[39m
[31m     [31m├ù[31m aplica classe card--pending em partidas NOT_STARTED[39m[32m 38[2mms[22m[39m
[31m     [31m├ù[31m aplica classe card--finished em partidas FINISHED[39m[32m 13[2mms[22m[39m
[31m     [31m├ù[31m exibe parciais na card-finished-score para partidas FINISHED[39m[32m 20[2mms[22m[39m
[31m     [31m├ù[31m exibe badge de quadra quando courtType ├® definido[39m[32m 30[2mms[22m[39m
[31m     [31m├ù[31m n├úo exibe estado vazio quando h├í loading[39m[32m 12[2mms[22m[39m
Error: useAuth must be used within an AuthProvider
    at useAuth (C:/apps/Racket/Racket/frontend/src/contexts/AuthContext.tsx:431:11)
    at Dashboard (C:/apps/Racket/Racket/frontend/src/pages/Dashboard.tsx:63:37)
    at renderWithHooks (C:\apps\Racket\Racket\node_modules\.pnpm\react-dom@18.3.1_react@18.3.1\node_modules\react-dom\cjs\react-dom.development.js:15486:18)
    at mountIndeterminateComponent (C:\apps\Racket\Racket\node_modules\.pnpm\react-dom@18.3.1_react@18.3.1\node_modules\react-dom\cjs\react-dom.development.js:20103:13)
    at beginWork (C:\apps\Racket\Racket\node_modules\.pnpm\react-dom@18.3.1_react@18.3.1\node_modules\react-dom\cjs\react-dom.development.js:21626:16)
    at HTMLUnknownElement.callCallback (C:\apps\Racket\Racket\node_modules\.pnpm\react-dom@18.3.1_react@18.3.1\node_modules\react-dom\cjs\react-dom.development.js:4164:14)
    at HTMLUnknownElement.callTheUserObjectsOperation (C:\apps\Racket\Racket\node_modules\.pnpm\jsdom@27.1.0\node_modules\jsdom\lib\jsdom\living\generated\EventListener.js:26:30)
    at innerInvokeEventListeners (C:\apps\Racket\Racket\node_modules\.pnpm\jsdom@27.1.0\node_modules\jsdom\lib\jsdom\living\events\EventTarget-impl.js:360:16)
    at invokeEventListeners (C:\apps\Racket\Racket\node_modules\.pnpm\jsdom@27.1.0\node_modules\jsdom\lib\jsdom\living\events\EventTarget-impl.js:296:3)
    at HTMLUnknownElementImpl._dispatch (C:\apps\Racket\Racket\node_modules\.pnpm\jsdom@27.1.0\node_modules\jsdom\lib\jsdom\living\events\EventTarget-impl.js:243:9)
Error: useAuth must be used within an AuthProvider
    at useAuth (C:/apps/Racket/Racket/frontend/src/contexts/AuthContext.tsx:431:11)
    at Dashboard (C:/apps/Racket/Racket/frontend/src/pages/Dashboard.tsx:63:37)
    at renderWithHooks (C:\apps\Racket\Racket\node_modules\.pnpm\react-dom@18.3.1_react@18.3.1\node_modules\react-dom\cjs\react-dom.development.js:15486:18)
    at mountIndeterminateComponent (C:\apps\Racket\Racket\node_modules\.pnpm\react-dom@18.3.1_react@18.3.1\node_modules\react-dom\cjs\react-dom.development.js:20103:13)
    at beginWork (C:\apps\Racket\Racket\node_modules\.pnpm\react-dom@18.3.1_react@18.3.1\node_modules\react-dom\cjs\react-dom.development.js:21626:16)
    at HTMLUnknownElement.callCallback (C:\apps\Racket\Racket\node_modules\.pnpm\react-dom@18.3.1_react@18.3.1\node_modules\react-dom\cjs\react-dom.development.js:4164:14)
    at HTMLUnknownElement.callTheUserObjectsOperation (C:\apps\Racket\Racket\node_modules\.pnpm\jsdom@27.1.0\node_modules\jsdom\lib\jsdom\living\generated\EventListener.js:26:30)
    at innerInvokeEventListeners (C:\apps\Racket\Racket\node_modules\.pnpm\jsdom@27.1.0\node_modules\jsdom\lib\jsdom\living\events\EventTarget-impl.js:360:16)
    at invokeEventListeners (C:\apps\Racket\Racket\node_modules\.pnpm\jsdom@27.1.0\node_modules\jsdom\lib\jsdom\living\events\EventTarget-impl.js:296:3)
    at HTMLUnknownElementImpl._dispatch (C:\apps\Racket\Racket\node_modules\.pnpm\jsdom@27.1.0\node_modules\jsdom\lib\jsdom\living\events\EventTarget-impl.js:243:9)
Error: useAuth must be used within an AuthProvider
    at useAuth (C:/apps/Racket/Racket/frontend/src/contexts/AuthContext.tsx:431:11)
    at Dashboard (C:/apps/Racket/Racket/frontend/src/pages/Dashboard.tsx:63:37)
    at renderWithHooks (C:\apps\Racket\Racket\node_modules\.pnpm\react-dom@18.3.1_react@18.3.1\node_modules\react-dom\cjs\react-dom.development.js:15486:18)
    at mountIndeterminateComponent (C:\apps\Racket\Racket\node_modules\.pnpm\react-dom@18.3.1_react@18.3.1\node_modules\react-dom\cjs\react-dom.development.js:20103:13)
    at beginWork (C:\apps\Racket\Racket\node_modules\.pnpm\react-dom@18.3.1_react@18.3.1\node_modules\react-dom\cjs\react-dom.development.js:21626:16)
    at HTMLUnknownElement.callCallback (C:\apps\Racket\Racket\node_modules\.pnpm\react-dom@18.3.1_react@18.3.1\node_modules\react-dom\cjs\react-dom.development.js:4164:14)
    at HTMLUnknownElement.callTheUserObjectsOperation (C:\apps\Racket\Racket\node_modules\.pnpm\jsdom@27.1.0\node_modules\jsdom\lib\jsdom\living\generated\EventListener.js:26:30)
    at innerInvokeEventListeners (C:\apps\Racket\Racket\node_modules\.pnpm\jsdom@27.1.0\node_modules\jsdom\lib\jsdom\living\events\EventTarget-impl.js:360:16)
    at invokeEventListeners (C:\apps\Racket\Racket\node_modules\.pnpm\jsdom@27.1.0\node_modules\jsdom\lib\jsdom\living\events\EventTarget-impl.js:296:3)
    at HTMLUnknownElementImpl._dispatch (C:\apps\Racket\Racket\node_modules\.pnpm\jsdom@27.1.0\node_modules\jsdom\lib\jsdom\living\events\EventTarget-impl.js:243:9)
Error: useAuth must be used within an AuthProvider
    at useAuth (C:/apps/Racket/Racket/frontend/src/contexts/AuthContext.tsx:431:11)
    at Dashboard (C:/apps/Racket/Racket/frontend/src/pages/Dashboard.tsx:63:37)
    at renderWithHooks (C:\apps\Racket\Racket\node_modules\.pnpm\react-dom@18.3.1_react@18.3.1\node_modules\react-dom\cjs\react-dom.development.js:15486:18)
    at mountIndeterminateComponent (C:\apps\Racket\Racket\node_modules\.pnpm\react-dom@18.3.1_react@18.3.1\node_modules\react-dom\cjs\react-dom.development.js:20103:13)
    at beginWork (C:\apps\Racket\Racket\node_modules\.pnpm\react-dom@18.3.1_react@18.3.1\node_modules\react-dom\cjs\react-dom.development.js:21626:16)
    at HTMLUnknownElement.callCallback (C:\apps\Racket\Racket\node_modules\.pnpm\react-dom@18.3.1_react@18.3.1\node_modules\react-dom\cjs\react-dom.development.js:4164:14)
    at HTMLUnknownElement.callTheUserObjectsOperation (C:\apps\Racket\Racket\node_modules\.pnpm\jsdom@27.1.0\node_modules\jsdom\lib\jsdom\living\generated\EventListener.js:26:30)
    at innerInvokeEventListeners (C:\apps\Racket\Racket\node_modules\.pnpm\jsdom@27.1.0\node_modules\jsdom\lib\jsdom\living\events\EventTarget-impl.js:360:16)
    at invokeEventListeners (C:\apps\Racket\Racket\node_modules\.pnpm\jsdom@27.1.0\node_modules\jsdom\lib\jsdom\living\events\EventTarget-impl.js:296:3)
    at HTMLUnknownElementImpl._dispatch (C:\apps\Racket\Racket\node_modules\.pnpm\jsdom@27.1.0\node_modules\jsdom\lib\jsdom\living\events\EventTarget-impl.js:243:9)
Error: useAuth must be used within an AuthProvider
    at useAuth (C:/apps/Racket/Racket/frontend/src/contexts/AuthContext.tsx:431:11)
    at Dashboard (C:/apps/Racket/Racket/frontend/src/pages/Dashboard.tsx:63:37)
    at renderWithHooks (C:\apps\Racket\Racket\node_modules\.pnpm\react-dom@18.3.1_react@18.3.1\node_modules\react-dom\cjs\react-dom.development.js:15486:18)
    at mountIndeterminateComponent (C:\apps\Racket\Racket\node_modules\.pnpm\react-dom@18.3.1_react@18.3.1\node_modules\react-dom\cjs\react-dom.development.js:20103:13)
    at beginWork (C:\apps\Racket\Racket\node_modules\.pnpm\react-dom@18.3.1_react@18.3.1\node_modules\react-dom\cjs\react-dom.development.js:21626:16)
    at HTMLUnknownElement.callCallback (C:\apps\Racket\Racket\node_modules\.pnpm\react-dom@18.3.1_react@18.3.1\node_modules\react-dom\cjs\react-dom.development.js:4164:14)
    at HTMLUnknownElement.callTheUserObjectsOperation (C:\apps\Racket\Racket\node_modules\.pnpm\jsdom@27.1.0\node_modules\jsdom\lib\jsdom\living\generated\EventListener.js:26:30)
    at innerInvokeEventListeners (C:\apps\Racket\Racket\node_modules\.pnpm\jsdom@27.1.0\node_modules\jsdom\lib\jsdom\living\events\EventTarget-impl.js:360:16)
    at invokeEventListeners (C:\apps\Racket\Racket\node_modules\.pnpm\jsdom@27.1.0\node_modules\jsdom\lib\jsdom\living\events\EventTarget-impl.js:296:3)
    at HTMLUnknownElementImpl._dispatch (C:\apps\Racket\Racket\node_modules\.pnpm\jsdom@27.1.0\node_modules\jsdom\lib\jsdom\living\events\EventTarget-impl.js:243:9)
Error: useAuth must be used within an AuthProvider
    at useAuth (C:/apps/Racket/Racket/frontend/src/contexts/AuthContext.tsx:431:11)
    at Dashboard (C:/apps/Racket/Racket/frontend/src/pages/Dashboard.tsx:63:37)
    at renderWithHooks (C:\apps\Racket\Racket\node_modules\.pnpm\react-dom@18.3.1_react@18.3.1\node_modules\react-dom\cjs\react-dom.development.js:15486:18)
    at mountIndeterminateComponent (C:\apps\Racket\Racket\node_modules\.pnpm\react-dom@18.3.1_react@18.3.1\node_modules\react-dom\cjs\react-dom.development.js:20103:13)
    at beginWork (C:\apps\Racket\Racket\node_modules\.pnpm\react-dom@18.3.1_react@18.3.1\node_modules\react-dom\cjs\react-dom.development.js:21626:16)
    at HTMLUnknownElement.callCallback (C:\apps\Racket\Racket\node_modules\.pnpm\react-dom@18.3.1_react@18.3.1\node_modules\react-dom\cjs\react-dom.development.js:4164:14)
    at HTMLUnknownElement.callTheUserObjectsOperation (C:\apps\Racket\Racket\node_modules\.pnpm\jsdom@27.1.0\node_modules\jsdom\lib\jsdom\living\generated\EventListener.js:26:30)
    at innerInvokeEventListeners (C:\apps\Racket\Racket\node_modules\.pnpm\jsdom@27.1.0\node_modules\jsdom\lib\jsdom\living\events\EventTarget-impl.js:360:16)
    at invokeEventListeners (C:\apps\Racket\Racket\node_modules\.pnpm\jsdom@27.1.0\node_modules\jsdom\lib\jsdom\living\events\EventTarget-impl.js:296:3)
    at HTMLUnknownElementImpl._dispatch (C:\apps\Racket\Racket\node_modules\.pnpm\jsdom@27.1.0\node_modules\jsdom\lib\jsdom\living\events\EventTarget-impl.js:243:9)
Error: useAuth must be used within an AuthProvider
    at useAuth (C:/apps/Racket/Racket/frontend/src/contexts/AuthContext.tsx:431:11)
    at Dashboard (C:/apps/Racket/Racket/frontend/src/pages/Dashboard.tsx:63:37)
    at renderWithHooks (C:\apps\Racket\Racket\node_modules\.pnpm\react-dom@18.3.1_react@18.3.1\node_modules\react-dom\cjs\react-dom.development.js:15486:18)
    at mountIndeterminateComponent (C:\apps\Racket\Racket\node_modules\.pnpm\react-dom@18.3.1_react@18.3.1\node_modules\react-dom\cjs\react-dom.development.js:20103:13)
    at beginWork (C:\apps\Racket\Racket\node_modules\.pnpm\react-dom@18.3.1_react@18.3.1\node_modules\react-dom\cjs\react-dom.development.js:21626:16)
    at HTMLUnknownElement.callCallback (C:\apps\Racket\Racket\node_modules\.pnpm\react-dom@18.3.1_react@18.3.1\node_modules\react-dom\cjs\react-dom.development.js:4164:14)
    at HTMLUnknownElement.callTheUserObjectsOperation (C:\apps\Racket\Racket\node_modules\.pnpm\jsdom@27.1.0\node_modules\jsdom\lib\jsdom\living\generated\EventListener.js:26:30)
    at innerInvokeEventListeners (C:\apps\Racket\Racket\node_modules\.pnpm\jsdom@27.1.0\node_modules\jsdom\lib\jsdom\living\events\EventTarget-impl.js:360:16)
    at invokeEventListeners (C:\apps\Racket\Racket\node_modules\.pnpm\jsdom@27.1.0\node_modules\jsdom\lib\jsdom\living\events\EventTarget-impl.js:296:3)
    at HTMLUnknownElementImpl._dispatch (C:\apps\Racket\Racket\node_modules\.pnpm\jsdom@27.1.0\node_modules\jsdom\lib\jsdom\living\events\EventTarget-impl.js:243:9)
Error: useAuth must be used within an AuthProvider
    at useAuth (C:/apps/Racket/Racket/frontend/src/contexts/AuthContext.tsx:431:11)
    at Dashboard (C:/apps/Racket/Racket/frontend/src/pages/Dashboard.tsx:63:37)
    at renderWithHooks (C:\apps\Racket\Racket\node_modules\.pnpm\react-dom@18.3.1_react@18.3.1\node_modules\react-dom\cjs\react-dom.development.js:15486:18)
    at mountIndeterminateComponent (C:\apps\Racket\Racket\node_modules\.pnpm\react-dom@18.3.1_react@18.3.1\node_modules\react-dom\cjs\react-dom.development.js:20103:13)
    at beginWork (C:\apps\Racket\Racket\node_modules\.pnpm\react-dom@18.3.1_react@18.3.1\node_modules\react-dom\cjs\react-dom.development.js:21626:16)
    at HTMLUnknownElement.callCallback (C:\apps\Racket\Racket\node_modules\.pnpm\react-dom@18.3.1_react@18.3.1\node_modules\react-dom\cjs\react-dom.development.js:4164:14)
    at HTMLUnknownElement.callTheUserObjectsOperation (C:\apps\Racket\Racket\node_modules\.pnpm\jsdom@27.1.0\node_modules\jsdom\lib\jsdom\living\generated\EventListener.js:26:30)
    at innerInvokeEventListeners (C:\apps\Racket\Racket\node_modules\.pnpm\jsdom@27.1.0\node_modules\jsdom\lib\jsdom\living\events\EventTarget-impl.js:360:16)
    at invokeEventListeners (C:\apps\Racket\Racket\node_modules\.pnpm\jsdom@27.1.0\node_modules\jsdom\lib\jsdom\living\events\EventTarget-impl.js:296:3)
    at HTMLUnknownElementImpl._dispatch (C:\apps\Racket\Racket\node_modules\.pnpm\jsdom@27.1.0\node_modules\jsdom\lib\jsdom\living\events\EventTarget-impl.js:243:9)
Error: useAuth must be used within an AuthProvider
    at useAuth (C:/apps/Racket/Racket/frontend/src/contexts/AuthContext.tsx:431:11)
    at Dashboard (C:/apps/Racket/Racket/frontend/src/pages/Dashboard.tsx:63:37)
    at renderWithHooks (C:\apps\Racket\Racket\node_modules\.pnpm\react-dom@18.3.1_react@18.3.1\node_modules\react-dom\cjs\react-dom.development.js:15486:18)
    at mountIndeterminateComponent (C:\apps\Racket\Racket\node_modules\.pnpm\react-dom@18.3.1_react@18.3.1\node_modules\react-dom\cjs\react-dom.development.js:20103:13)
    at beginWork (C:\apps\Racket\Racket\node_modules\.pnpm\react-dom@18.3.1_react@18.3.1\node_modules\react-dom\cjs\react-dom.development.js:21626:16)
    at HTMLUnknownElement.callCallback (C:\apps\Racket\Racket\node_modules\.pnpm\react-dom@18.3.1_react@18.3.1\node_modules\react-dom\cjs\react-dom.development.js:4164:14)
    at HTMLUnknownElement.callTheUserObjectsOperation (C:\apps\Racket\Racket\node_modules\.pnpm\jsdom@27.1.0\node_modules\jsdom\lib\jsdom\living\generated\EventListener.js:26:30)
    at innerInvokeEventListeners (C:\apps\Racket\Racket\node_modules\.pnpm\jsdom@27.1.0\node_modules\jsdom\lib\jsdom\living\events\EventTarget-impl.js:360:16)
    at invokeEventListeners (C:\apps\Racket\Racket\node_modules\.pnpm\jsdom@27.1.0\node_modules\jsdom\lib\jsdom\living\events\EventTarget-impl.js:296:3)
    at HTMLUnknownElementImpl._dispatch (C:\apps\Racket\Racket\node_modules\.pnpm\jsdom@27.1.0\node_modules\jsdom\lib\jsdom\living\events\EventTarget-impl.js:243:9)
Error: useAuth must be used within an AuthProvider
    at useAuth (C:/apps/Racket/Racket/frontend/src/contexts/AuthContext.tsx:431:11)
    at Dashboard (C:/apps/Racket/Racket/frontend/src/pages/Dashboard.tsx:63:37)
    at renderWithHooks (C:\apps\Racket\Racket\node_modules\.pnpm\react-dom@18.3.1_react@18.3.1\node_modules\react-dom\cjs\react-dom.development.js:15486:18)
    at mountIndeterminateComponent (C:\apps\Racket\Racket\node_modules\.pnpm\react-dom@18.3.1_react@18.3.1\node_modules\react-dom\cjs\react-dom.development.js:20103:13)
    at beginWork (C:\apps\Racket\Racket\node_modules\.pnpm\react-dom@18.3.1_react@18.3.1\node_modules\react-dom\cjs\react-dom.development.js:21626:16)
    at HTMLUnknownElement.callCallback (C:\apps\Racket\Racket\node_modules\.pnpm\react-dom@18.3.1_react@18.3.1\node_modules\react-dom\cjs\react-dom.development.js:4164:14)
    at HTMLUnknownElement.callTheUserObjectsOperation (C:\apps\Racket\Racket\node_modules\.pnpm\jsdom@27.1.0\node_modules\jsdom\lib\jsdom\living\generated\EventListener.js:26:30)
    at innerInvokeEventListeners (C:\apps\Racket\Racket\node_modules\.pnpm\jsdom@27.1.0\node_modules\jsdom\lib\jsdom\living\events\EventTarget-impl.js:360:16)
    at invokeEventListeners (C:\apps\Racket\Racket\node_modules\.pnpm\jsdom@27.1.0\node_modules\jsdom\lib\jsdom\living\events\EventTarget-impl.js:296:3)
    at HTMLUnknownElementImpl._dispatch (C:\apps\Racket\Racket\node_modules\.pnpm\jsdom@27.1.0\node_modules\jsdom\lib\jsdom\living\events\EventTarget-impl.js:243:9)
Error: useAuth must be used within an AuthProvider
    at useAuth (C:/apps/Racket/Racket/frontend/src/contexts/AuthContext.tsx:431:11)
    at Dashboard (C:/apps/Racket/Racket/frontend/src/pages/Dashboard.tsx:63:37)
    at renderWithHooks (C:\apps\Racket\Racket\node_modules\.pnpm\react-dom@18.3.1_react@18.3.1\node_modules\react-dom\cjs\react-dom.development.js:15486:18)
    at mountIndeterminateComponent (C:\apps\Racket\Racket\node_modules\.pnpm\react-dom@18.3.1_react@18.3.1\node_modules\react-dom\cjs\react-dom.development.js:20103:13)
    at beginWork (C:\apps\Racket\Racket\node_modules\.pnpm\react-dom@18.3.1_react@18.3.1\node_modules\react-dom\cjs\react-dom.development.js:21626:16)
    at HTMLUnknownElement.callCallback (C:\apps\Racket\Racket\node_modules\.pnpm\react-dom@18.3.1_react@18.3.1\node_modules\react-dom\cjs\react-dom.development.js:4164:14)
    at HTMLUnknownElement.callTheUserObjectsOperation (C:\apps\Racket\Racket\node_modules\.pnpm\jsdom@27.1.0\node_modules\jsdom\lib\jsdom\living\generated\EventListener.js:26:30)
    at innerInvokeEventListeners (C:\apps\Racket\Racket\node_modules\.pnpm\jsdom@27.1.0\node_modules\jsdom\lib\jsdom\living\events\EventTarget-impl.js:360:16)
    at invokeEventListeners (C:\apps\Racket\Racket\node_modules\.pnpm\jsdom@27.1.0\node_modules\jsdom\lib\jsdom\living\events\EventTarget-impl.js:296:3)
    at HTMLUnknownElementImpl._dispatch (C:\apps\Racket\Racket\node_modules\.pnpm\jsdom@27.1.0\node_modules\jsdom\lib\jsdom\living\events\EventTarget-impl.js:243:9)
[90mstdout[2m | src/pages/__tests__/ScoreboardV2.advanced.test.tsx[2m > [22m[2mScoreboardV2 - Cobertura Avan├ºada[2m > [22m[2mManipula├º├úo de Segundo Servi├ºo[2m > [22m[2mdeve permitir marcar segundo servi├ºo
[22m[39m[ScoreboardV2] Iniciando carregamento da partida test-match-id
[ScoreboardV2] Buscando estado atualizado do backend para test-match-id

[90mstdout[2m | src/pages/__tests__/ScoreboardV2.advanced.test.tsx[2m > [22m[2mScoreboardV2 - Cobertura Avan├ºada[2m > [22m[2mManipula├º├úo de Segundo Servi├ºo[2m > [22m[2mdeve permitir marcar segundo servi├ºo
[22m[39m[ScoreboardV2] Dados da partida carregados: {
  id: [32m'test-match-id'[39m,
  sportType: [32m'T├¬nis'[39m,
  format: [32m'BEST_OF_3'[39m,
  players: { p1: [32m'Jogador 1'[39m, p2: [32m'Jogador 2'[39m },
  status: [32m'IN_PROGRESS'[39m,
  matchState: {
    sets: { PLAYER_1: [33m0[39m, PLAYER_2: [33m0[39m },
    currentSet: [33m1[39m,
    currentSetState: { games: [36m[Object][39m },
    currentGame: { points: [36m[Object][39m, server: [32m'PLAYER_1'[39m, isTiebreak: [33mfalse[39m },
    server: [32m'PLAYER_1'[39m,
    isFinished: [33mfalse[39m,
    config: {},
    startedAt: [32m'2026-03-08T10:12:51.721Z'[39m
  },
  stats: {
    totalPoints: [33m10[39m,
    player1: {
      pointsWon: [33m5[39m,
      totalServes: [33m5[39m,
      firstServes: [33m4[39m,
      secondServes: [33m1[39m,
      firstServeWins: [33m3[39m,
      secondServeWins: [33m1[39m,
      aces: [33m1[39m,
      doubleFaults: [33m0[39m,
      serviceWinners: [33m1[39m,
      servicePointsWon: [33m4[39m,
      returnPointsWon: [33m1[39m,
      winners: [33m2[39m,
      unforcedErrors: [33m1[39m,
      forcedErrors: [33m0[39m,
      shortRallies: [33m2[39m,
      longRallies: [33m1[39m,
      breakPoints: [33m1[39m,
      breakPointsSaved: [33m0[39m,
      firstServePercentage: [33m80[39m,
      firstServeWinPercentage: [33m75[39m,
      secondServeWinPercentage: [33m100[39m,
      serviceHoldPercentage: [33m80[39m,
      breakPointConversion: [33m0[39m,
      winnerToErrorRatio: [33m2[39m,
      returnWinPercentage: [33m20[39m,
      dominanceRatio: [33m2[39m
    },
    player2: {
      pointsWon: [33m5[39m,
      totalServes: [33m5[39m,
      firstServes: [33m3[39m,
      secondServes: [33m2[39m,
      firstServeWins: [33m2[39m,
      secondServeWins: [33m1[39m,
      aces: [33m0[39m,
      doubleFaults: [33m1[39m,
      serviceWinners: [33m0[39m,
      servicePointsWon: [33m3[39m,
      returnPointsWon: [33m2[39m,
      winners: [33m1[39m,
      unforcedErrors: [33m2[39m,
      forcedErrors: [33m1[39m,
      shortRallies: [33m1[39m,
      longRallies: [33m0[39m,
      breakPoints: [33m0[39m,
      breakPointsSaved: [33m0[39m,
      firstServePercentage: [33m60[39m,
      firstServeWinPercentage: [33m66.7[39m,
      secondServeWinPercentage: [33m50[39m,
      serviceHoldPercentage: [33m60[39m,
      breakPointConversion: [33m0[39m,
      winnerToErrorRatio: [33m0.5[39m,
      returnWinPercentage: [33m40[39m,
      dominanceRatio: [33m1[39m
    },
    match: {
      avgRallyLength: [33m5.5[39m,
      longestRally: [33m12[39m,
      shortestRally: [33m1[39m,
      totalRallies: [33m10[39m
    },
    pointsHistory: []
  }
}
[ScoreboardV2] Retomando partida com estado: {
  sets: { PLAYER_1: [33m0[39m, PLAYER_2: [33m0[39m },
  currentSet: [33m1[39m,
  currentSetState: { games: { PLAYER_1: [33m0[39m, PLAYER_2: [33m0[39m } },
  currentGame: {
    points: { PLAYER_1: [32m'0'[39m, PLAYER_2: [32m'0'[39m },
    server: [32m'PLAYER_1'[39m,
    isTiebreak: [33mfalse[39m
  },
  server: [32m'PLAYER_1'[39m,
  isFinished: [33mfalse[39m,
  config: {},
  startedAt: [32m'2026-03-08T10:12:51.721Z'[39m
}

Error: useAuth must be used within an AuthProvider
    at useAuth (C:/apps/Racket/Racket/frontend/src/contexts/AuthContext.tsx:431:11)
    at Dashboard (C:/apps/Racket/Racket/frontend/src/pages/Dashboard.tsx:63:37)
    at renderWithHooks (C:\apps\Racket\Racket\node_modules\.pnpm\react-dom@18.3.1_react@18.3.1\node_modules\react-dom\cjs\react-dom.development.js:15486:18)
    at mountIndeterminateComponent (C:\apps\Racket\Racket\node_modules\.pnpm\react-dom@18.3.1_react@18.3.1\node_modules\react-dom\cjs\react-dom.development.js:20103:13)
    at beginWork (C:\apps\Racket\Racket\node_modules\.pnpm\react-dom@18.3.1_react@18.3.1\node_modules\react-dom\cjs\react-dom.development.js:21626:16)
    at HTMLUnknownElement.callCallback (C:\apps\Racket\Racket\node_modules\.pnpm\react-dom@18.3.1_react@18.3.1\node_modules\react-dom\cjs\react-dom.development.js:4164:14)
    at HTMLUnknownElement.callTheUserObjectsOperation (C:\apps\Racket\Racket\node_modules\.pnpm\jsdom@27.1.0\node_modules\jsdom\lib\jsdom\living\generated\EventListener.js:26:30)
    at innerInvokeEventListeners (C:\apps\Racket\Racket\node_modules\.pnpm\jsdom@27.1.0\node_modules\jsdom\lib\jsdom\living\events\EventTarget-impl.js:360:16)
    at invokeEventListeners (C:\apps\Racket\Racket\node_modules\.pnpm\jsdom@27.1.0\node_modules\jsdom\lib\jsdom\living\events\EventTarget-impl.js:296:3)
    at HTMLUnknownElementImpl._dispatch (C:\apps\Racket\Racket\node_modules\.pnpm\jsdom@27.1.0\node_modules\jsdom\lib\jsdom\living\events\EventTarget-impl.js:243:9)
Error: useAuth must be used within an AuthProvider
    at useAuth (C:/apps/Racket/Racket/frontend/src/contexts/AuthContext.tsx:431:11)
    at Dashboard (C:/apps/Racket/Racket/frontend/src/pages/Dashboard.tsx:63:37)
    at renderWithHooks (C:\apps\Racket\Racket\node_modules\.pnpm\react-dom@18.3.1_react@18.3.1\node_modules\react-dom\cjs\react-dom.development.js:15486:18)
    at mountIndeterminateComponent (C:\apps\Racket\Racket\node_modules\.pnpm\react-dom@18.3.1_react@18.3.1\node_modules\react-dom\cjs\react-dom.development.js:20103:13)
    at beginWork (C:\apps\Racket\Racket\node_modules\.pnpm\react-dom@18.3.1_react@18.3.1\node_modules\react-dom\cjs\react-dom.development.js:21626:16)
    at HTMLUnknownElement.callCallback (C:\apps\Racket\Racket\node_modules\.pnpm\react-dom@18.3.1_react@18.3.1\node_modules\react-dom\cjs\react-dom.development.js:4164:14)
    at HTMLUnknownElement.callTheUserObjectsOperation (C:\apps\Racket\Racket\node_modules\.pnpm\jsdom@27.1.0\node_modules\jsdom\lib\jsdom\living\generated\EventListener.js:26:30)
    at innerInvokeEventListeners (C:\apps\Racket\Racket\node_modules\.pnpm\jsdom@27.1.0\node_modules\jsdom\lib\jsdom\living\events\EventTarget-impl.js:360:16)
    at invokeEventListeners (C:\apps\Racket\Racket\node_modules\.pnpm\jsdom@27.1.0\node_modules\jsdom\lib\jsdom\living\events\EventTarget-impl.js:296:3)
    at HTMLUnknownElementImpl._dispatch (C:\apps\Racket\Racket\node_modules\.pnpm\jsdom@27.1.0\node_modules\jsdom\lib\jsdom\living\events\EventTarget-impl.js:243:9)
Error: useAuth must be used within an AuthProvider
    at useAuth (C:/apps/Racket/Racket/frontend/src/contexts/AuthContext.tsx:431:11)
    at Dashboard (C:/apps/Racket/Racket/frontend/src/pages/Dashboard.tsx:63:37)
    at renderWithHooks (C:\apps\Racket\Racket\node_modules\.pnpm\react-dom@18.3.1_react@18.3.1\node_modules\react-dom\cjs\react-dom.development.js:15486:18)
    at mountIndeterminateComponent (C:\apps\Racket\Racket\node_modules\.pnpm\react-dom@18.3.1_react@18.3.1\node_modules\react-dom\cjs\react-dom.development.js:20103:13)
    at beginWork (C:\apps\Racket\Racket\node_modules\.pnpm\react-dom@18.3.1_react@18.3.1\node_modules\react-dom\cjs\react-dom.development.js:21626:16)
    at HTMLUnknownElement.callCallback (C:\apps\Racket\Racket\node_modules\.pnpm\react-dom@18.3.1_react@18.3.1\node_modules\react-dom\cjs\react-dom.development.js:4164:14)
    at HTMLUnknownElement.callTheUserObjectsOperation (C:\apps\Racket\Racket\node_modules\.pnpm\jsdom@27.1.0\node_modules\jsdom\lib\jsdom\living\generated\EventListener.js:26:30)
    at innerInvokeEventListeners (C:\apps\Racket\Racket\node_modules\.pnpm\jsdom@27.1.0\node_modules\jsdom\lib\jsdom\living\events\EventTarget-impl.js:360:16)
    at invokeEventListeners (C:\apps\Racket\Racket\node_modules\.pnpm\jsdom@27.1.0\node_modules\jsdom\lib\jsdom\living\events\EventTarget-impl.js:296:3)
    at HTMLUnknownElementImpl._dispatch (C:\apps\Racket\Racket\node_modules\.pnpm\jsdom@27.1.0\node_modules\jsdom\lib\jsdom\living\events\EventTarget-impl.js:243:9)
Error: useAuth must be used within an AuthProvider
    at useAuth (C:/apps/Racket/Racket/frontend/src/contexts/AuthContext.tsx:431:11)
    at Dashboard (C:/apps/Racket/Racket/frontend/src/pages/Dashboard.tsx:63:37)
    at renderWithHooks (C:\apps\Racket\Racket\node_modules\.pnpm\react-dom@18.3.1_react@18.3.1\node_modules\react-dom\cjs\react-dom.development.js:15486:18)
    at mountIndeterminateComponent (C:\apps\Racket\Racket\node_modules\.pnpm\react-dom@18.3.1_react@18.3.1\node_modules\react-dom\cjs\react-dom.development.js:20103:13)
    at beginWork (C:\apps\Racket\Racket\node_modules\.pnpm\react-dom@18.3.1_react@18.3.1\node_modules\react-dom\cjs\react-dom.development.js:21626:16)
    at HTMLUnknownElement.callCallback (C:\apps\Racket\Racket\node_modules\.pnpm\react-dom@18.3.1_react@18.3.1\node_modules\react-dom\cjs\react-dom.development.js:4164:14)
    at HTMLUnknownElement.callTheUserObjectsOperation (C:\apps\Racket\Racket\node_modules\.pnpm\jsdom@27.1.0\node_modules\jsdom\lib\jsdom\living\generated\EventListener.js:26:30)
    at innerInvokeEventListeners (C:\apps\Racket\Racket\node_modules\.pnpm\jsdom@27.1.0\node_modules\jsdom\lib\jsdom\living\events\EventTarget-impl.js:360:16)
    at invokeEventListeners (C:\apps\Racket\Racket\node_modules\.pnpm\jsdom@27.1.0\node_modules\jsdom\lib\jsdom\living\events\EventTarget-impl.js:296:3)
    at HTMLUnknownElementImpl._dispatch (C:\apps\Racket\Racket\node_modules\.pnpm\jsdom@27.1.0\node_modules\jsdom\lib\jsdom\living\events\EventTarget-impl.js:243:9)
[90mstdout[2m | src/pages/__tests__/ScoreboardV2.server-effect.test.tsx[2m > [22m[2mScoreboardV2 - ServerEffect Integration[2m > [22m[2mBot├Áes informativos de saque[2m > [22m[2mexibe "1┬║ Saque" e, ap├│s falta, "2┬║ Saque" como bot├Áes informativos sem funcionalidade
[22m[39m[ScoreboardV2] Iniciando carregamento da partida test-match-id
[ScoreboardV2] Buscando estado atualizado do backend para test-match-id
[ScoreboardV2] Dados da partida carregados: {
  id: [32m'test-match-id'[39m,
  sportType: [32m'T├¬nis'[39m,
  format: [32m'BEST_OF_3'[39m,
  players: { p1: [32m'Player 1'[39m, p2: [32m'Player 2'[39m },
  status: [32m'IN_PROGRESS'[39m,
  matchState: {
    sets: { PLAYER_1: [33m0[39m, PLAYER_2: [33m0[39m },
    currentSet: [33m1[39m,
    currentSetState: { games: [36m[Object][39m },
    currentGame: { points: [36m[Object][39m, server: [32m'PLAYER_1'[39m, isTiebreak: [33mfalse[39m },
    server: [32m'PLAYER_1'[39m,
    isFinished: [33mfalse[39m,
    config: {},
    startedAt: [32m'2026-03-08T10:12:51.721Z'[39m
  }
}
[ScoreboardV2] Retomando partida com estado: {
  sets: { PLAYER_1: [33m0[39m, PLAYER_2: [33m0[39m },
  currentSet: [33m1[39m,
  currentSetState: { games: { PLAYER_1: [33m0[39m, PLAYER_2: [33m0[39m } },
  currentGame: {
    points: { PLAYER_1: [32m'0'[39m, PLAYER_2: [32m'0'[39m },
    server: [32m'PLAYER_1'[39m,
    isTiebreak: [33mfalse[39m
  },
  server: [32m'PLAYER_1'[39m,
  isFinished: [33mfalse[39m,
  config: {},
  startedAt: [32m'2026-03-08T10:12:51.721Z'[39m
}

stderr | src/pages/__tests__/ScoreboardV2.server-effect.test.tsx > ScoreboardV2 - ServerEffect Integration > Bot├Áes informativos de saque > exibe "1┬║ Saque" e, ap├│s falta, "2┬║ Saque" como bot├Áes informativos sem funcionalidade
ÔÜá´©Å React Router Future Flag Warning: React Router will begin wrapping state updates in `React.startTransition` in v7. You can use the `v7_startTransition` future flag to opt-in early. For more information, see https://reactrouter.com/v6/upgrading/future#v7_starttransition.
ÔÜá´©Å React Router Future Flag Warning: Relative route resolution within Splat routes is changing in v7. You can use the `v7_relativeSplatPath` future flag to opt-in early. For more information, see https://reactrouter.com/v6/upgrading/future#v7_relativesplatpath.

Error: useAuth must be used within an AuthProvider
    at useAuth (C:/apps/Racket/Racket/frontend/src/contexts/AuthContext.tsx:431:11)
    at Dashboard (C:/apps/Racket/Racket/frontend/src/pages/Dashboard.tsx:63:37)
    at renderWithHooks (C:\apps\Racket\Racket\node_modules\.pnpm\react-dom@18.3.1_react@18.3.1\node_modules\react-dom\cjs\react-dom.development.js:15486:18)
    at mountIndeterminateComponent (C:\apps\Racket\Racket\node_modules\.pnpm\react-dom@18.3.1_react@18.3.1\node_modules\react-dom\cjs\react-dom.development.js:20103:13)
    at beginWork (C:\apps\Racket\Racket\node_modules\.pnpm\react-dom@18.3.1_react@18.3.1\node_modules\react-dom\cjs\react-dom.development.js:21626:16)
    at HTMLUnknownElement.callCallback (C:\apps\Racket\Racket\node_modules\.pnpm\react-dom@18.3.1_react@18.3.1\node_modules\react-dom\cjs\react-dom.development.js:4164:14)
    at HTMLUnknownElement.callTheUserObjectsOperation (C:\apps\Racket\Racket\node_modules\.pnpm\jsdom@27.1.0\node_modules\jsdom\lib\jsdom\living\generated\EventListener.js:26:30)
    at innerInvokeEventListeners (C:\apps\Racket\Racket\node_modules\.pnpm\jsdom@27.1.0\node_modules\jsdom\lib\jsdom\living\events\EventTarget-impl.js:360:16)
    at invokeEventListeners (C:\apps\Racket\Racket\node_modules\.pnpm\jsdom@27.1.0\node_modules\jsdom\lib\jsdom\living\events\EventTarget-impl.js:296:3)
    at HTMLUnknownElementImpl._dispatch (C:\apps\Racket\Racket\node_modules\.pnpm\jsdom@27.1.0\node_modules\jsdom\lib\jsdom\living\events\EventTarget-impl.js:243:9)
Error: useAuth must be used within an AuthProvider
    at useAuth (C:/apps/Racket/Racket/frontend/src/contexts/AuthContext.tsx:431:11)
    at Dashboard (C:/apps/Racket/Racket/frontend/src/pages/Dashboard.tsx:63:37)
    at renderWithHooks (C:\apps\Racket\Racket\node_modules\.pnpm\react-dom@18.3.1_react@18.3.1\node_modules\react-dom\cjs\react-dom.development.js:15486:18)
    at mountIndeterminateComponent (C:\apps\Racket\Racket\node_modules\.pnpm\react-dom@18.3.1_react@18.3.1\node_modules\react-dom\cjs\react-dom.development.js:20103:13)
    at beginWork (C:\apps\Racket\Racket\node_modules\.pnpm\react-dom@18.3.1_react@18.3.1\node_modules\react-dom\cjs\react-dom.development.js:21626:16)
    at HTMLUnknownElement.callCallback (C:\apps\Racket\Racket\node_modules\.pnpm\react-dom@18.3.1_react@18.3.1\node_modules\react-dom\cjs\react-dom.development.js:4164:14)
    at HTMLUnknownElement.callTheUserObjectsOperation (C:\apps\Racket\Racket\node_modules\.pnpm\jsdom@27.1.0\node_modules\jsdom\lib\jsdom\living\generated\EventListener.js:26:30)
    at innerInvokeEventListeners (C:\apps\Racket\Racket\node_modules\.pnpm\jsdom@27.1.0\node_modules\jsdom\lib\jsdom\living\events\EventTarget-impl.js:360:16)
    at invokeEventListeners (C:\apps\Racket\Racket\node_modules\.pnpm\jsdom@27.1.0\node_modules\jsdom\lib\jsdom\living\events\EventTarget-impl.js:296:3)
    at HTMLUnknownElementImpl._dispatch (C:\apps\Racket\Racket\node_modules\.pnpm\jsdom@27.1.0\node_modules\jsdom\lib\jsdom\living\events\EventTarget-impl.js:243:9)
Error: useAuth must be used within an AuthProvider
    at useAuth (C:/apps/Racket/Racket/frontend/src/contexts/AuthContext.tsx:431:11)
    at Dashboard (C:/apps/Racket/Racket/frontend/src/pages/Dashboard.tsx:63:37)
    at renderWithHooks (C:\apps\Racket\Racket\node_modules\.pnpm\react-dom@18.3.1_react@18.3.1\node_modules\react-dom\cjs\react-dom.development.js:15486:18)
    at mountIndeterminateComponent (C:\apps\Racket\Racket\node_modules\.pnpm\react-dom@18.3.1_react@18.3.1\node_modules\react-dom\cjs\react-dom.development.js:20103:13)
    at beginWork (C:\apps\Racket\Racket\node_modules\.pnpm\react-dom@18.3.1_react@18.3.1\node_modules\react-dom\cjs\react-dom.development.js:21626:16)
    at HTMLUnknownElement.callCallback (C:\apps\Racket\Racket\node_modules\.pnpm\react-dom@18.3.1_react@18.3.1\node_modules\react-dom\cjs\react-dom.development.js:4164:14)
    at HTMLUnknownElement.callTheUserObjectsOperation (C:\apps\Racket\Racket\node_modules\.pnpm\jsdom@27.1.0\node_modules\jsdom\lib\jsdom\living\generated\EventListener.js:26:30)
    at innerInvokeEventListeners (C:\apps\Racket\Racket\node_modules\.pnpm\jsdom@27.1.0\node_modules\jsdom\lib\jsdom\living\events\EventTarget-impl.js:360:16)
    at invokeEventListeners (C:\apps\Racket\Racket\node_modules\.pnpm\jsdom@27.1.0\node_modules\jsdom\lib\jsdom\living\events\EventTarget-impl.js:296:3)
    at HTMLUnknownElementImpl._dispatch (C:\apps\Racket\Racket\node_modules\.pnpm\jsdom@27.1.0\node_modules\jsdom\lib\jsdom\living\events\EventTarget-impl.js:243:9)
Error: useAuth must be used within an AuthProvider
    at useAuth (C:/apps/Racket/Racket/frontend/src/contexts/AuthContext.tsx:431:11)
    at Dashboard (C:/apps/Racket/Racket/frontend/src/pages/Dashboard.tsx:63:37)
    at renderWithHooks (C:\apps\Racket\Racket\node_modules\.pnpm\react-dom@18.3.1_react@18.3.1\node_modules\react-dom\cjs\react-dom.development.js:15486:18)
    at mountIndeterminateComponent (C:\apps\Racket\Racket\node_modules\.pnpm\react-dom@18.3.1_react@18.3.1\node_modules\react-dom\cjs\react-dom.development.js:20103:13)
    at beginWork (C:\apps\Racket\Racket\node_modules\.pnpm\react-dom@18.3.1_react@18.3.1\node_modules\react-dom\cjs\react-dom.development.js:21626:16)
    at HTMLUnknownElement.callCallback (C:\apps\Racket\Racket\node_modules\.pnpm\react-dom@18.3.1_react@18.3.1\node_modules\react-dom\cjs\react-dom.development.js:4164:14)
    at HTMLUnknownElement.callTheUserObjectsOperation (C:\apps\Racket\Racket\node_modules\.pnpm\jsdom@27.1.0\node_modules\jsdom\lib\jsdom\living\generated\EventListener.js:26:30)
    at innerInvokeEventListeners (C:\apps\Racket\Racket\node_modules\.pnpm\jsdom@27.1.0\node_modules\jsdom\lib\jsdom\living\events\EventTarget-impl.js:360:16)
    at invokeEventListeners (C:\apps\Racket\Racket\node_modules\.pnpm\jsdom@27.1.0\node_modules\jsdom\lib\jsdom\living\events\EventTarget-impl.js:296:3)
    at HTMLUnknownElementImpl._dispatch (C:\apps\Racket\Racket\node_modules\.pnpm\jsdom@27.1.0\node_modules\jsdom\lib\jsdom\living\events\EventTarget-impl.js:243:9)
Error: useAuth must be used within an AuthProvider
    at useAuth (C:/apps/Racket/Racket/frontend/src/contexts/AuthContext.tsx:431:11)
    at Dashboard (C:/apps/Racket/Racket/frontend/src/pages/Dashboard.tsx:63:37)
    at renderWithHooks (C:\apps\Racket\Racket\node_modules\.pnpm\react-dom@18.3.1_react@18.3.1\node_modules\react-dom\cjs\react-dom.development.js:15486:18)
    at mountIndeterminateComponent (C:\apps\Racket\Racket\node_modules\.pnpm\react-dom@18.3.1_react@18.3.1\node_modules\react-dom\cjs\react-dom.development.js:20103:13)
    at beginWork (C:\apps\Racket\Racket\node_modules\.pnpm\react-dom@18.3.1_react@18.3.1\node_modules\react-dom\cjs\react-dom.development.js:21626:16)
    at HTMLUnknownElement.callCallback (C:\apps\Racket\Racket\node_modules\.pnpm\react-dom@18.3.1_react@18.3.1\node_modules\react-dom\cjs\react-dom.development.js:4164:14)
    at HTMLUnknownElement.callTheUserObjectsOperation (C:\apps\Racket\Racket\node_modules\.pnpm\jsdom@27.1.0\node_modules\jsdom\lib\jsdom\living\generated\EventListener.js:26:30)
    at innerInvokeEventListeners (C:\apps\Racket\Racket\node_modules\.pnpm\jsdom@27.1.0\node_modules\jsdom\lib\jsdom\living\events\EventTarget-impl.js:360:16)
    at invokeEventListeners (C:\apps\Racket\Racket\node_modules\.pnpm\jsdom@27.1.0\node_modules\jsdom\lib\jsdom\living\events\EventTarget-impl.js:296:3)
    at HTMLUnknownElementImpl._dispatch (C:\apps\Racket\Racket\node_modules\.pnpm\jsdom@27.1.0\node_modules\jsdom\lib\jsdom\living\events\EventTarget-impl.js:243:9)
[90mstdout[2m | src/pages/__tests__/ScoreboardV2.test.tsx[2m > [22m[2mScoreboardV2 - Ace Button Behavior[2m > [22m[2mAce button functionality[2m > [22m[2mopens ServerEffectModal when Ace button is clicked on first serve
[22m[39m[ScoreboardV2] Iniciando carregamento da partida test-match-id
[ScoreboardV2] Buscando estado atualizado do backend para test-match-id
[ScoreboardV2] Dados da partida carregados: {
  id: [32m'test-match-id'[39m,
  sportType: [32m'T├¬nis'[39m,
  format: [32m'BEST_OF_3'[39m,
  players: { p1: [32m'Jogador 1'[39m, p2: [32m'Jogador 2'[39m },
  status: [32m'IN_PROGRESS'[39m,
  matchState: {
    sets: { PLAYER_1: [33m0[39m, PLAYER_2: [33m0[39m },
    currentSet: [33m1[39m,
    currentSetState: { games: [36m[Object][39m },
    currentGame: { points: [36m[Object][39m, server: [32m'PLAYER_1'[39m, isTiebreak: [33mfalse[39m },
    server: [32m'PLAYER_1'[39m,
    isFinished: [33mfalse[39m,
    config: {},
    startedAt: [32m'2026-03-08T10:12:51.720Z'[39m
  }
}
[ScoreboardV2] Retomando partida com estado: {
  sets: { PLAYER_1: [33m0[39m, PLAYER_2: [33m0[39m },
  currentSet: [33m1[39m,
  currentSetState: { games: { PLAYER_1: [33m0[39m, PLAYER_2: [33m0[39m } },
  currentGame: {
    points: { PLAYER_1: [32m'0'[39m, PLAYER_2: [32m'0'[39m },
    server: [32m'PLAYER_1'[39m,
    isTiebreak: [33mfalse[39m
  },
  server: [32m'PLAYER_1'[39m,
  isFinished: [33mfalse[39m,
  config: {},
  startedAt: [32m'2026-03-08T10:12:51.720Z'[39m
}

Error: useAuth must be used within an AuthProvider
    at useAuth (C:/apps/Racket/Racket/frontend/src/contexts/AuthContext.tsx:431:11)
    at Dashboard (C:/apps/Racket/Racket/frontend/src/pages/Dashboard.tsx:63:37)
    at renderWithHooks (C:\apps\Racket\Racket\node_modules\.pnpm\react-dom@18.3.1_react@18.3.1\node_modules\react-dom\cjs\react-dom.development.js:15486:18)
    at mountIndeterminateComponent (C:\apps\Racket\Racket\node_modules\.pnpm\react-dom@18.3.1_react@18.3.1\node_modules\react-dom\cjs\react-dom.development.js:20103:13)
    at beginWork (C:\apps\Racket\Racket\node_modules\.pnpm\react-dom@18.3.1_react@18.3.1\node_modules\react-dom\cjs\react-dom.development.js:21626:16)
    at HTMLUnknownElement.callCallback (C:\apps\Racket\Racket\node_modules\.pnpm\react-dom@18.3.1_react@18.3.1\node_modules\react-dom\cjs\react-dom.development.js:4164:14)
    at HTMLUnknownElement.callTheUserObjectsOperation (C:\apps\Racket\Racket\node_modules\.pnpm\jsdom@27.1.0\node_modules\jsdom\lib\jsdom\living\generated\EventListener.js:26:30)
    at innerInvokeEventListeners (C:\apps\Racket\Racket\node_modules\.pnpm\jsdom@27.1.0\node_modules\jsdom\lib\jsdom\living\events\EventTarget-impl.js:360:16)
    at invokeEventListeners (C:\apps\Racket\Racket\node_modules\.pnpm\jsdom@27.1.0\node_modules\jsdom\lib\jsdom\living\events\EventTarget-impl.js:296:3)
    at HTMLUnknownElementImpl._dispatch (C:\apps\Racket\Racket\node_modules\.pnpm\jsdom@27.1.0\node_modules\jsdom\lib\jsdom\living\events\EventTarget-impl.js:243:9)
stderr | src/pages/__tests__/ScoreboardV2.test.tsx > ScoreboardV2 - Ace Button Behavior > Ace button functionality > opens ServerEffectModal when Ace button is clicked on first serve
ÔÜá´©Å React Router Future Flag Warning: React Router will begin wrapping state updates in `React.startTransition` in v7. You can use the `v7_startTransition` future flag to opt-in early. For more information, see https://reactrouter.com/v6/upgrading/future#v7_starttransition.
ÔÜá´©Å React Router Future Flag Warning: Relative route resolution within Splat routes is changing in v7. You can use the `v7_relativeSplatPath` future flag to opt-in early. For more information, see https://reactrouter.com/v6/upgrading/future#v7_relativesplatpath.

Error: useAuth must be used within an AuthProvider
    at useAuth (C:/apps/Racket/Racket/frontend/src/contexts/AuthContext.tsx:431:11)
    at Dashboard (C:/apps/Racket/Racket/frontend/src/pages/Dashboard.tsx:63:37)
    at renderWithHooks (C:\apps\Racket\Racket\node_modules\.pnpm\react-dom@18.3.1_react@18.3.1\node_modules\react-dom\cjs\react-dom.development.js:15486:18)
    at mountIndeterminateComponent (C:\apps\Racket\Racket\node_modules\.pnpm\react-dom@18.3.1_react@18.3.1\node_modules\react-dom\cjs\react-dom.development.js:20103:13)
    at beginWork (C:\apps\Racket\Racket\node_modules\.pnpm\react-dom@18.3.1_react@18.3.1\node_modules\react-dom\cjs\react-dom.development.js:21626:16)
    at HTMLUnknownElement.callCallback (C:\apps\Racket\Racket\node_modules\.pnpm\react-dom@18.3.1_react@18.3.1\node_modules\react-dom\cjs\react-dom.development.js:4164:14)
    at HTMLUnknownElement.callTheUserObjectsOperation (C:\apps\Racket\Racket\node_modules\.pnpm\jsdom@27.1.0\node_modules\jsdom\lib\jsdom\living\generated\EventListener.js:26:30)
    at innerInvokeEventListeners (C:\apps\Racket\Racket\node_modules\.pnpm\jsdom@27.1.0\node_modules\jsdom\lib\jsdom\living\events\EventTarget-impl.js:360:16)
    at invokeEventListeners (C:\apps\Racket\Racket\node_modules\.pnpm\jsdom@27.1.0\node_modules\jsdom\lib\jsdom\living\events\EventTarget-impl.js:296:3)
    at HTMLUnknownElementImpl._dispatch (C:\apps\Racket\Racket\node_modules\.pnpm\jsdom@27.1.0\node_modules\jsdom\lib\jsdom\living\events\EventTarget-impl.js:243:9)
Error: useAuth must be used within an AuthProvider
    at useAuth (C:/apps/Racket/Racket/frontend/src/contexts/AuthContext.tsx:431:11)
    at Dashboard (C:/apps/Racket/Racket/frontend/src/pages/Dashboard.tsx:63:37)
    at renderWithHooks (C:\apps\Racket\Racket\node_modules\.pnpm\react-dom@18.3.1_react@18.3.1\node_modules\react-dom\cjs\react-dom.development.js:15486:18)
    at mountIndeterminateComponent (C:\apps\Racket\Racket\node_modules\.pnpm\react-dom@18.3.1_react@18.3.1\node_modules\react-dom\cjs\react-dom.development.js:20103:13)
    at beginWork (C:\apps\Racket\Racket\node_modules\.pnpm\react-dom@18.3.1_react@18.3.1\node_modules\react-dom\cjs\react-dom.development.js:21626:16)
    at HTMLUnknownElement.callCallback (C:\apps\Racket\Racket\node_modules\.pnpm\react-dom@18.3.1_react@18.3.1\node_modules\react-dom\cjs\react-dom.development.js:4164:14)
    at HTMLUnknownElement.callTheUserObjectsOperation (C:\apps\Racket\Racket\node_modules\.pnpm\jsdom@27.1.0\node_modules\jsdom\lib\jsdom\living\generated\EventListener.js:26:30)
    at innerInvokeEventListeners (C:\apps\Racket\Racket\node_modules\.pnpm\jsdom@27.1.0\node_modules\jsdom\lib\jsdom\living\events\EventTarget-impl.js:360:16)
    at invokeEventListeners (C:\apps\Racket\Racket\node_modules\.pnpm\jsdom@27.1.0\node_modules\jsdom\lib\jsdom\living\events\EventTarget-impl.js:296:3)
    at HTMLUnknownElementImpl._dispatch (C:\apps\Racket\Racket\node_modules\.pnpm\jsdom@27.1.0\node_modules\jsdom\lib\jsdom\living\events\EventTarget-impl.js:243:9)
Error: useAuth must be used within an AuthProvider
    at useAuth (C:/apps/Racket/Racket/frontend/src/contexts/AuthContext.tsx:431:11)
    at Dashboard (C:/apps/Racket/Racket/frontend/src/pages/Dashboard.tsx:63:37)
    at renderWithHooks (C:\apps\Racket\Racket\node_modules\.pnpm\react-dom@18.3.1_react@18.3.1\node_modules\react-dom\cjs\react-dom.development.js:15486:18)
    at mountIndeterminateComponent (C:\apps\Racket\Racket\node_modules\.pnpm\react-dom@18.3.1_react@18.3.1\node_modules\react-dom\cjs\react-dom.development.js:20103:13)
    at beginWork (C:\apps\Racket\Racket\node_modules\.pnpm\react-dom@18.3.1_react@18.3.1\node_modules\react-dom\cjs\react-dom.development.js:21626:16)
    at HTMLUnknownElement.callCallback (C:\apps\Racket\Racket\node_modules\.pnpm\react-dom@18.3.1_react@18.3.1\node_modules\react-dom\cjs\react-dom.development.js:4164:14)
    at HTMLUnknownElement.callTheUserObjectsOperation (C:\apps\Racket\Racket\node_modules\.pnpm\jsdom@27.1.0\node_modules\jsdom\lib\jsdom\living\generated\EventListener.js:26:30)
    at innerInvokeEventListeners (C:\apps\Racket\Racket\node_modules\.pnpm\jsdom@27.1.0\node_modules\jsdom\lib\jsdom\living\events\EventTarget-impl.js:360:16)
    at invokeEventListeners (C:\apps\Racket\Racket\node_modules\.pnpm\jsdom@27.1.0\node_modules\jsdom\lib\jsdom\living\events\EventTarget-impl.js:296:3)
    at HTMLUnknownElementImpl._dispatch (C:\apps\Racket\Racket\node_modules\.pnpm\jsdom@27.1.0\node_modules\jsdom\lib\jsdom\living\events\EventTarget-impl.js:243:9)
Error: useAuth must be used within an AuthProvider
    at useAuth (C:/apps/Racket/Racket/frontend/src/contexts/AuthContext.tsx:431:11)
    at Dashboard (C:/apps/Racket/Racket/frontend/src/pages/Dashboard.tsx:63:37)
    at renderWithHooks (C:\apps\Racket\Racket\node_modules\.pnpm\react-dom@18.3.1_react@18.3.1\node_modules\react-dom\cjs\react-dom.development.js:15486:18)
    at mountIndeterminateComponent (C:\apps\Racket\Racket\node_modules\.pnpm\react-dom@18.3.1_react@18.3.1\node_modules\react-dom\cjs\react-dom.development.js:20103:13)
    at beginWork (C:\apps\Racket\Racket\node_modules\.pnpm\react-dom@18.3.1_react@18.3.1\node_modules\react-dom\cjs\react-dom.development.js:21626:16)
    at HTMLUnknownElement.callCallback (C:\apps\Racket\Racket\node_modules\.pnpm\react-dom@18.3.1_react@18.3.1\node_modules\react-dom\cjs\react-dom.development.js:4164:14)
    at HTMLUnknownElement.callTheUserObjectsOperation (C:\apps\Racket\Racket\node_modules\.pnpm\jsdom@27.1.0\node_modules\jsdom\lib\jsdom\living\generated\EventListener.js:26:30)
    at innerInvokeEventListeners (C:\apps\Racket\Racket\node_modules\.pnpm\jsdom@27.1.0\node_modules\jsdom\lib\jsdom\living\events\EventTarget-impl.js:360:16)
    at invokeEventListeners (C:\apps\Racket\Racket\node_modules\.pnpm\jsdom@27.1.0\node_modules\jsdom\lib\jsdom\living\events\EventTarget-impl.js:296:3)
    at HTMLUnknownElementImpl._dispatch (C:\apps\Racket\Racket\node_modules\.pnpm\jsdom@27.1.0\node_modules\jsdom\lib\jsdom\living\events\EventTarget-impl.js:243:9)
Error: useAuth must be used within an AuthProvider
    at useAuth (C:/apps/Racket/Racket/frontend/src/contexts/AuthContext.tsx:431:11)
    at Dashboard (C:/apps/Racket/Racket/frontend/src/pages/Dashboard.tsx:63:37)
    at renderWithHooks (C:\apps\Racket\Racket\node_modules\.pnpm\react-dom@18.3.1_react@18.3.1\node_modules\react-dom\cjs\react-dom.development.js:15486:18)
    at mountIndeterminateComponent (C:\apps\Racket\Racket\node_modules\.pnpm\react-dom@18.3.1_react@18.3.1\node_modules\react-dom\cjs\react-dom.development.js:20103:13)
    at beginWork (C:\apps\Racket\Racket\node_modules\.pnpm\react-dom@18.3.1_react@18.3.1\node_modules\react-dom\cjs\react-dom.development.js:21626:16)
    at HTMLUnknownElement.callCallback (C:\apps\Racket\Racket\node_modules\.pnpm\react-dom@18.3.1_react@18.3.1\node_modules\react-dom\cjs\react-dom.development.js:4164:14)
    at HTMLUnknownElement.callTheUserObjectsOperation (C:\apps\Racket\Racket\node_modules\.pnpm\jsdom@27.1.0\node_modules\jsdom\lib\jsdom\living\generated\EventListener.js:26:30)
    at innerInvokeEventListeners (C:\apps\Racket\Racket\node_modules\.pnpm\jsdom@27.1.0\node_modules\jsdom\lib\jsdom\living\events\EventTarget-impl.js:360:16)
    at invokeEventListeners (C:\apps\Racket\Racket\node_modules\.pnpm\jsdom@27.1.0\node_modules\jsdom\lib\jsdom\living\events\EventTarget-impl.js:296:3)
    at HTMLUnknownElementImpl._dispatch (C:\apps\Racket\Racket\node_modules\.pnpm\jsdom@27.1.0\node_modules\jsdom\lib\jsdom\living\events\EventTarget-impl.js:243:9)
Error: useAuth must be used within an AuthProvider
    at useAuth (C:/apps/Racket/Racket/frontend/src/contexts/AuthContext.tsx:431:11)
    at Dashboard (C:/apps/Racket/Racket/frontend/src/pages/Dashboard.tsx:63:37)
    at renderWithHooks (C:\apps\Racket\Racket\node_modules\.pnpm\react-dom@18.3.1_react@18.3.1\node_modules\react-dom\cjs\react-dom.development.js:15486:18)
    at mountIndeterminateComponent (C:\apps\Racket\Racket\node_modules\.pnpm\react-dom@18.3.1_react@18.3.1\node_modules\react-dom\cjs\react-dom.development.js:20103:13)
    at beginWork (C:\apps\Racket\Racket\node_modules\.pnpm\react-dom@18.3.1_react@18.3.1\node_modules\react-dom\cjs\react-dom.development.js:21626:16)
    at HTMLUnknownElement.callCallback (C:\apps\Racket\Racket\node_modules\.pnpm\react-dom@18.3.1_react@18.3.1\node_modules\react-dom\cjs\react-dom.development.js:4164:14)
    at HTMLUnknownElement.callTheUserObjectsOperation (C:\apps\Racket\Racket\node_modules\.pnpm\jsdom@27.1.0\node_modules\jsdom\lib\jsdom\living\generated\EventListener.js:26:30)
    at innerInvokeEventListeners (C:\apps\Racket\Racket\node_modules\.pnpm\jsdom@27.1.0\node_modules\jsdom\lib\jsdom\living\events\EventTarget-impl.js:360:16)
    at invokeEventListeners (C:\apps\Racket\Racket\node_modules\.pnpm\jsdom@27.1.0\node_modules\jsdom\lib\jsdom\living\events\EventTarget-impl.js:296:3)
    at HTMLUnknownElementImpl._dispatch (C:\apps\Racket\Racket\node_modules\.pnpm\jsdom@27.1.0\node_modules\jsdom\lib\jsdom\living\events\EventTarget-impl.js:243:9)
 [31mÔØ»[39m tests/Dashboard.test.tsx [2m([22m[2m33 tests[22m[2m | [22m[31m33 failed[39m[2m)[22m[33m 894[2mms[22m[39m
[31m       [31m├ù[31m renderiza o dashboard com data-testid[39m[32m 79[2mms[22m[39m
[31m       [31m├ù[31m exibe estado vazio quando n├úo h├í partidas[39m[32m 9[2mms[22m[39m
[31m       [31m├ù[31m exibe loading quando carregando[39m[32m 12[2mms[22m[39m
[31m       [31m├ù[31m exibe erro quando h├í erro[39m[32m 27[2mms[22m[39m
[31m       [31m├ù[31m renderiza o header do atleta com nome[39m[32m 9[2mms[22m[39m
[31m       [31m├ù[31m exibe V/D r├ípido no header[39m[32m 32[2mms[22m[39m
[31m       [31m├ù[31m expande detalhes ao clicar no header[39m[32m 20[2mms[22m[39m
[31m       [31m├ù[31m renderiza a tab bar inferior com 4 abas[39m[32m 29[2mms[22m[39m
[31m       [31m├ù[31m aba In├¡cio est├í ativa por padr├úo[39m[32m 37[2mms[22m[39m
[31m       [31m├ù[31m muda de aba ao clicar[39m[32m 32[2mms[22m[39m
[31m       [31m├ù[31m exibe placeholder de Stats ao navegar para aba Stats[39m[32m 9[2mms[22m[39m
[31m       [31m├ù[31m exibe placeholder de Torneios ao navegar para aba Torneios[39m[32m 24[2mms[22m[39m
[31m       [31m├ù[31m exibe placeholder de Perfil ao navegar para aba Perfil[39m[32m 28[2mms[22m[39m
[31m       [31m├ù[31m exibe badge de live matches na aba In├¡cio[39m[32m 23[2mms[22m[39m
[31m       [31m├ù[31m renderiza o FAB de nova partida[39m[32m 35[2mms[22m[39m
[31m       [31m├ù[31m chama onNewMatchClick ao clicar no FAB[39m[32m 14[2mms[22m[39m
[31m       [31m├ù[31m renderiza chips de filtro quando h├í partidas[39m[32m 58[2mms[22m[39m
[31m       [31m├ù[31m n├úo renderiza chips quando n├úo h├í partidas[39m[32m 61[2mms[22m[39m
[31m       [31m├ù[31m filtra para mostrar apenas finalizadas[39m[32m 46[2mms[22m[39m
[31m       [31m├ù[31m filtra para mostrar apenas aguardando[39m[32m 33[2mms[22m[39m
[31m       [31m├ù[31m exibe contagem por status nos chips[39m[32m 36[2mms[22m[39m
[31m       [31m├ù[31m renderiza se├º├úo ao vivo quando h├í partidas live[39m[32m 14[2mms[22m[39m
[31m       [31m├ù[31m n├úo renderiza se├º├úo ao vivo quando n├úo h├í partidas live[39m[32m 48[2mms[22m[39m
[31m       [31m├ù[31m exibe cards de partidas ao vivo no carrossel[39m[32m 20[2mms[22m[39m
[31m       [31m├ù[31m exibe contagem de partidas ao vivo[39m[32m 32[2mms[22m[39m
[31m       [31m├ù[31m partidas ao vivo n├úo aparecem duplicadas na lista principal[39m[32m 33[2mms[22m[39m
[31m       [31m├ù[31m renderiza card de partida finalizada[39m[32m 10[2mms[22m[39m
[31m       [31m├ù[31m exibe badge de status correto[39m[32m 10[2mms[22m[39m
[31m       [31m├ù[31m exibe badge de tipo de quadra[39m[32m 5[2mms[22m[39m
[31m       [31m├ù[31m exibe bot├úo de relat├│rio no card[39m[32m 11[2mms[22m[39m
[31m       [31m├ù[31m clica em partida NOT_STARTED chama onStartMatch[39m[32m 12[2mms[22m[39m
[31m       [31m├ù[31m filtra partidas onde usu├írio n├úo ├® jogador nem apontador[39m[32m 10[2mms[22m[39m
[31m       [31m├ù[31m mostra partidas onde usu├írio ├® apontador[39m[32m 16[2mms[22m[39m
[90mstdout[2m | src/pages/__tests__/ScoreboardV2.advanced.test.tsx[2m > [22m[2mScoreboardV2 - Cobertura Avan├ºada[2m > [22m[2mTroca de Lado da Quadra[2m > [22m[2mdeve indicar troca de lado em games ├¡mpares
[22m[39m[ScoreboardV2] Iniciando carregamento da partida test-match-id
[ScoreboardV2] Buscando estado atualizado do backend para test-match-id

[90mstdout[2m | src/pages/__tests__/ScoreboardV2.advanced.test.tsx[2m > [22m[2mScoreboardV2 - Cobertura Avan├ºada[2m > [22m[2mTroca de Lado da Quadra[2m > [22m[2mdeve indicar troca de lado em games ├¡mpares
[22m[39m[ScoreboardV2] Dados da partida carregados: {
  id: [32m'test-match-id'[39m,
  sportType: [32m'T├¬nis'[39m,
  format: [32m'BEST_OF_3'[39m,
  players: { p1: [32m'Jogador 1'[39m, p2: [32m'Jogador 2'[39m },
  status: [32m'IN_PROGRESS'[39m,
  matchState: {
    sets: { PLAYER_1: [33m0[39m, PLAYER_2: [33m0[39m },
    currentSet: [33m1[39m,
    currentSetState: { games: [36m[Object][39m },
    currentGame: { points: [36m[Object][39m, server: [32m'PLAYER_1'[39m, isTiebreak: [33mfalse[39m },
    server: [32m'PLAYER_1'[39m,
    isFinished: [33mfalse[39m,
    config: {},
    startedAt: [32m'2026-03-08T10:12:52.132Z'[39m
  },
  stats: {
    totalPoints: [33m10[39m,
    player1: {
      pointsWon: [33m5[39m,
      totalServes: [33m5[39m,
      firstServes: [33m4[39m,
      secondServes: [33m1[39m,
      firstServeWins: [33m3[39m,
      secondServeWins: [33m1[39m,
      aces: [33m1[39m,
      doubleFaults: [33m0[39m,
      serviceWinners: [33m1[39m,
      servicePointsWon: [33m4[39m,
      returnPointsWon: [33m1[39m,
      winners: [33m2[39m,
      unforcedErrors: [33m1[39m,
      forcedErrors: [33m0[39m,
      shortRallies: [33m2[39m,
      longRallies: [33m1[39m,
      breakPoints: [33m1[39m,
      breakPointsSaved: [33m0[39m,
      firstServePercentage: [33m80[39m,
      firstServeWinPercentage: [33m75[39m,
      secondServeWinPercentage: [33m100[39m,
      serviceHoldPercentage: [33m80[39m,
      breakPointConversion: [33m0[39m,
      winnerToErrorRatio: [33m2[39m,
      returnWinPercentage: [33m20[39m,
      dominanceRatio: [33m2[39m
    },
    player2: {
      pointsWon: [33m5[39m,
      totalServes: [33m5[39m,
      firstServes: [33m3[39m,
      secondServes: [33m2[39m,
      firstServeWins: [33m2[39m,
      secondServeWins: [33m1[39m,
      aces: [33m0[39m,
      doubleFaults: [33m1[39m,
      serviceWinners: [33m0[39m,
      servicePointsWon: [33m3[39m,
      returnPointsWon: [33m2[39m,
      winners: [33m1[39m,
      unforcedErrors: [33m2[39m,
      forcedErrors: [33m1[39m,
      shortRallies: [33m1[39m,
      longRallies: [33m0[39m,
      breakPoints: [33m0[39m,
      breakPointsSaved: [33m0[39m,
      firstServePercentage: [33m60[39m,
      firstServeWinPercentage: [33m66.7[39m,
      secondServeWinPercentage: [33m50[39m,
      serviceHoldPercentage: [33m60[39m,
      breakPointConversion: [33m0[39m,
      winnerToErrorRatio: [33m0.5[39m,
      returnWinPercentage: [33m40[39m,
      dominanceRatio: [33m1[39m
    },
    match: {
      avgRallyLength: [33m5.5[39m,
      longestRally: [33m12[39m,
      shortestRally: [33m1[39m,
      totalRallies: [33m10[39m
    },
    pointsHistory: []
  }
}
[ScoreboardV2] Retomando partida com estado: {
  sets: { PLAYER_1: [33m0[39m, PLAYER_2: [33m0[39m },
  currentSet: [33m1[39m,
  currentSetState: { games: { PLAYER_1: [33m2[39m, PLAYER_2: [33m1[39m } },
  currentGame: {
    points: { PLAYER_1: [32m'0'[39m, PLAYER_2: [32m'0'[39m },
    server: [32m'PLAYER_1'[39m,
    isTiebreak: [33mfalse[39m
  },
  server: [32m'PLAYER_1'[39m,
  isFinished: [33mfalse[39m,
  config: {},
  startedAt: [32m'2026-03-08T10:12:52.132Z'[39m
}

[90mstdout[2m | src/pages/__tests__/ScoreboardV2.advanced.test.tsx[2m > [22m[2mScoreboardV2 - Cobertura Avan├ºada[2m > [22m[2mGerenciamento de Erros[2m > [22m[2mdeve exibir mensagem de erro quando falha ao carregar partida
[22m[39m[ScoreboardV2] Iniciando carregamento da partida test-match-id
[ScoreboardV2] Buscando estado atualizado do backend para test-match-id

[90mstdout[2m | src/pages/__tests__/ScoreboardV2.advanced.test.tsx[2m > [22m[2mScoreboardV2 - Cobertura Avan├ºada[2m > [22m[2mGerenciamento de Erros[2m > [22m[2mdeve exibir mensagem de erro quando falha ao carregar partida
[22m[39m[ScoreboardV2] Dados da partida carregados: {
  id: [32m'test-match-id'[39m,
  sportType: [32m'T├¬nis'[39m,
  format: [32m'BEST_OF_3'[39m,
  players: { p1: [32m'Jogador 1'[39m, p2: [32m'Jogador 2'[39m },
  status: [32m'IN_PROGRESS'[39m,
  matchState: {
    sets: { PLAYER_1: [33m0[39m, PLAYER_2: [33m0[39m },
    currentSet: [33m1[39m,
    currentSetState: { games: [36m[Object][39m },
    currentGame: { points: [36m[Object][39m, server: [32m'PLAYER_1'[39m, isTiebreak: [33mfalse[39m },
    server: [32m'PLAYER_1'[39m,
    isFinished: [33mfalse[39m,
    config: {},
    startedAt: [32m'2026-03-08T10:12:52.204Z'[39m
  },
  stats: {
    totalPoints: [33m10[39m,
    player1: {
      pointsWon: [33m5[39m,
      totalServes: [33m5[39m,
      firstServes: [33m4[39m,
      secondServes: [33m1[39m,
      firstServeWins: [33m3[39m,
      secondServeWins: [33m1[39m,
      aces: [33m1[39m,
      doubleFaults: [33m0[39m,
      serviceWinners: [33m1[39m,
      servicePointsWon: [33m4[39m,
      returnPointsWon: [33m1[39m,
      winners: [33m2[39m,
      unforcedErrors: [33m1[39m,
      forcedErrors: [33m0[39m,
      shortRallies: [33m2[39m,
      longRallies: [33m1[39m,
      breakPoints: [33m1[39m,
      breakPointsSaved: [33m0[39m,
      firstServePercentage: [33m80[39m,
      firstServeWinPercentage: [33m75[39m,
      secondServeWinPercentage: [33m100[39m,
      serviceHoldPercentage: [33m80[39m,
      breakPointConversion: [33m0[39m,
      winnerToErrorRatio: [33m2[39m,
      returnWinPercentage: [33m20[39m,
      dominanceRatio: [33m2[39m
    },
    player2: {
      pointsWon: [33m5[39m,
      totalServes: [33m5[39m,
      firstServes: [33m3[39m,
      secondServes: [33m2[39m,
      firstServeWins: [33m2[39m,
      secondServeWins: [33m1[39m,
      aces: [33m0[39m,
      doubleFaults: [33m1[39m,
      serviceWinners: [33m0[39m,
      servicePointsWon: [33m3[39m,
      returnPointsWon: [33m2[39m,
      winners: [33m1[39m,
      unforcedErrors: [33m2[39m,
      forcedErrors: [33m1[39m,
      shortRallies: [33m1[39m,
      longRallies: [33m0[39m,
      breakPoints: [33m0[39m,
      breakPointsSaved: [33m0[39m,
      firstServePercentage: [33m60[39m,
      firstServeWinPercentage: [33m66.7[39m,
      secondServeWinPercentage: [33m50[39m,
      serviceHoldPercentage: [33m60[39m,
      breakPointConversion: [33m0[39m,
      winnerToErrorRatio: [33m0.5[39m,
      returnWinPercentage: [33m40[39m,
      dominanceRatio: [33m1[39m
    },
    match: {
      avgRallyLength: [33m5.5[39m,
      longestRally: [33m12[39m,
      shortestRally: [33m1[39m,
      totalRallies: [33m10[39m
    },
    pointsHistory: []
  }
}
[ScoreboardV2] Retomando partida com estado: {
  sets: { PLAYER_1: [33m0[39m, PLAYER_2: [33m0[39m },
  currentSet: [33m1[39m,
  currentSetState: { games: { PLAYER_1: [33m0[39m, PLAYER_2: [33m0[39m } },
  currentGame: {
    points: { PLAYER_1: [32m'0'[39m, PLAYER_2: [32m'0'[39m },
    server: [32m'PLAYER_1'[39m,
    isTiebreak: [33mfalse[39m
  },
  server: [32m'PLAYER_1'[39m,
  isFinished: [33mfalse[39m,
  config: {},
  startedAt: [32m'2026-03-08T10:12:52.204Z'[39m
}

[90mstdout[2m | src/pages/__tests__/ScoreboardV2.advanced.test.tsx[2m > [22m[2mScoreboardV2 - Cobertura Avan├ºada[2m > [22m[2mGerenciamento de Erros[2m > [22m[2mdeve exibir mensagem de erro quando falha ao atualizar ponto
[22m[39m[ScoreboardV2] Iniciando carregamento da partida test-match-id
[ScoreboardV2] Buscando estado atualizado do backend para test-match-id

[90mstdout[2m | src/pages/__tests__/ScoreboardV2.advanced.test.tsx[2m > [22m[2mScoreboardV2 - Cobertura Avan├ºada[2m > [22m[2mGerenciamento de Erros[2m > [22m[2mdeve exibir mensagem de erro quando falha ao atualizar ponto
[22m[39m[ScoreboardV2] Dados da partida carregados: {
  id: [32m'test-match-id'[39m,
  sportType: [32m'T├¬nis'[39m,
  format: [32m'BEST_OF_3'[39m,
  players: { p1: [32m'Jogador 1'[39m, p2: [32m'Jogador 2'[39m },
  status: [32m'IN_PROGRESS'[39m,
  matchState: {
    sets: { PLAYER_1: [33m0[39m, PLAYER_2: [33m0[39m },
    currentSet: [33m1[39m,
    currentSetState: { games: [36m[Object][39m },
    currentGame: { points: [36m[Object][39m, server: [32m'PLAYER_1'[39m, isTiebreak: [33mfalse[39m },
    server: [32m'PLAYER_1'[39m,
    isFinished: [33mfalse[39m,
    config: {},
    startedAt: [32m'2026-03-08T10:12:52.275Z'[39m
  },
  stats: {
    totalPoints: [33m10[39m,
    player1: {
      pointsWon: [33m5[39m,
      totalServes: [33m5[39m,
      firstServes: [33m4[39m,
      secondServes: [33m1[39m,
      firstServeWins: [33m3[39m,
      secondServeWins: [33m1[39m,
      aces: [33m1[39m,
      doubleFaults: [33m0[39m,
      serviceWinners: [33m1[39m,
      servicePointsWon: [33m4[39m,
      returnPointsWon: [33m1[39m,
      winners: [33m2[39m,
      unforcedErrors: [33m1[39m,
      forcedErrors: [33m0[39m,
      shortRallies: [33m2[39m,
      longRallies: [33m1[39m,
      breakPoints: [33m1[39m,
      breakPointsSaved: [33m0[39m,
      firstServePercentage: [33m80[39m,
      firstServeWinPercentage: [33m75[39m,
      secondServeWinPercentage: [33m100[39m,
      serviceHoldPercentage: [33m80[39m,
      breakPointConversion: [33m0[39m,
      winnerToErrorRatio: [33m2[39m,
      returnWinPercentage: [33m20[39m,
      dominanceRatio: [33m2[39m
    },
    player2: {
      pointsWon: [33m5[39m,
      totalServes: [33m5[39m,
      firstServes: [33m3[39m,
      secondServes: [33m2[39m,
      firstServeWins: [33m2[39m,
      secondServeWins: [33m1[39m,
      aces: [33m0[39m,
      doubleFaults: [33m1[39m,
      serviceWinners: [33m0[39m,
      servicePointsWon: [33m3[39m,
      returnPointsWon: [33m2[39m,
      winners: [33m1[39m,
      unforcedErrors: [33m2[39m,
      forcedErrors: [33m1[39m,
      shortRallies: [33m1[39m,
      longRallies: [33m0[39m,
      breakPoints: [33m0[39m,
      breakPointsSaved: [33m0[39m,
      firstServePercentage: [33m60[39m,
      firstServeWinPercentage: [33m66.7[39m,
      secondServeWinPercentage: [33m50[39m,
      serviceHoldPercentage: [33m60[39m,
      breakPointConversion: [33m0[39m,
      winnerToErrorRatio: [33m0.5[39m,
      returnWinPercentage: [33m40[39m,
      dominanceRatio: [33m1[39m
    },
    match: {
      avgRallyLength: [33m5.5[39m,
      longestRally: [33m12[39m,
      shortestRally: [33m1[39m,
      totalRallies: [33m10[39m
    },
    pointsHistory: []
  }
}
[ScoreboardV2] Retomando partida com estado: {
  sets: { PLAYER_1: [33m0[39m, PLAYER_2: [33m0[39m },
  currentSet: [33m1[39m,
  currentSetState: { games: { PLAYER_1: [33m0[39m, PLAYER_2: [33m0[39m } },
  currentGame: {
    points: { PLAYER_1: [32m'0'[39m, PLAYER_2: [32m'0'[39m },
    server: [32m'PLAYER_1'[39m,
    isTiebreak: [33mfalse[39m
  },
  server: [32m'PLAYER_1'[39m,
  isFinished: [33mfalse[39m,
  config: {},
  startedAt: [32m'2026-03-08T10:12:52.275Z'[39m
}

[90mstdout[2m | src/pages/__tests__/ScoreboardV2.advanced.test.tsx[2m > [22m[2mScoreboardV2 - Cobertura Avan├ºada[2m > [22m[2mGerenciamento de Erros[2m > [22m[2mdeve exibir mensagem de erro quando falha ao atualizar ponto
[22m[39m[ScoreboardV2] Adicionando ponto para PLAYER_1 {
  serve: { isFirstServe: [33mtrue[39m, type: [32m'SERVICE_WINNER'[39m },
  result: { winner: [32m'PLAYER_1'[39m, type: [32m'WINNER'[39m },
  rally: { ballExchanges: [33m1[39m }
}
[ScoreboardV2] Reset de serveStep para none (j├í estava none)
[ScoreboardV2] Ponto registrado em mem├│ria para PLAYER_1

[90mstdout[2m | src/pages/__tests__/ScoreboardV2.advanced.test.tsx[2m > [22m[2mScoreboardV2 - Cobertura Avan├ºada[2m > [22m[2mHist├│rico de Pontos[2m > [22m[2mdeve permitir desfazer ├║ltimo ponto
[22m[39m[ScoreboardV2] Iniciando carregamento da partida test-match-id
[ScoreboardV2] Buscando estado atualizado do backend para test-match-id

[90mstdout[2m | src/pages/__tests__/ScoreboardV2.advanced.test.tsx[2m > [22m[2mScoreboardV2 - Cobertura Avan├ºada[2m > [22m[2mHist├│rico de Pontos[2m > [22m[2mdeve permitir desfazer ├║ltimo ponto
[22m[39m[ScoreboardV2] Dados da partida carregados: {
  id: [32m'test-match-id'[39m,
  sportType: [32m'T├¬nis'[39m,
  format: [32m'BEST_OF_3'[39m,
  players: { p1: [32m'Jogador 1'[39m, p2: [32m'Jogador 2'[39m },
  status: [32m'IN_PROGRESS'[39m,
  matchState: {
    sets: { PLAYER_1: [33m0[39m, PLAYER_2: [33m0[39m },
    currentSet: [33m1[39m,
    currentSetState: { games: [36m[Object][39m },
    currentGame: { points: [36m[Object][39m, server: [32m'PLAYER_1'[39m, isTiebreak: [33mfalse[39m },
    server: [32m'PLAYER_1'[39m,
    isFinished: [33mfalse[39m,
    config: {},
    startedAt: [32m'2026-03-08T10:12:52.370Z'[39m
  },
  stats: {
    totalPoints: [33m10[39m,
    player1: {
      pointsWon: [33m5[39m,
      totalServes: [33m5[39m,
      firstServes: [33m4[39m,
      secondServes: [33m1[39m,
      firstServeWins: [33m3[39m,
      secondServeWins: [33m1[39m,
      aces: [33m1[39m,
      doubleFaults: [33m0[39m,
      serviceWinners: [33m1[39m,
      servicePointsWon: [33m4[39m,
      returnPointsWon: [33m1[39m,
      winners: [33m2[39m,
      unforcedErrors: [33m1[39m,
      forcedErrors: [33m0[39m,
      shortRallies: [33m2[39m,
      longRallies: [33m1[39m,
      breakPoints: [33m1[39m,
      breakPointsSaved: [33m0[39m,
      firstServePercentage: [33m80[39m,
      firstServeWinPercentage: [33m75[39m,
      secondServeWinPercentage: [33m100[39m,
      serviceHoldPercentage: [33m80[39m,
      breakPointConversion: [33m0[39m,
      winnerToErrorRatio: [33m2[39m,
      returnWinPercentage: [33m20[39m,
      dominanceRatio: [33m2[39m
    },
    player2: {
      pointsWon: [33m5[39m,
      totalServes: [33m5[39m,
      firstServes: [33m3[39m,
      secondServes: [33m2[39m,
      firstServeWins: [33m2[39m,
      secondServeWins: [33m1[39m,
      aces: [33m0[39m,
      doubleFaults: [33m1[39m,
      serviceWinners: [33m0[39m,
      servicePointsWon: [33m3[39m,
      returnPointsWon: [33m2[39m,
      winners: [33m1[39m,
      unforcedErrors: [33m2[39m,
      forcedErrors: [33m1[39m,
      shortRallies: [33m1[39m,
      longRallies: [33m0[39m,
      breakPoints: [33m0[39m,
      breakPointsSaved: [33m0[39m,
      firstServePercentage: [33m60[39m,
      firstServeWinPercentage: [33m66.7[39m,
      secondServeWinPercentage: [33m50[39m,
      serviceHoldPercentage: [33m60[39m,
      breakPointConversion: [33m0[39m,
      winnerToErrorRatio: [33m0.5[39m,
      returnWinPercentage: [33m40[39m,
      dominanceRatio: [33m1[39m
    },
    match: {
      avgRallyLength: [33m5.5[39m,
      longestRally: [33m12[39m,
      shortestRally: [33m1[39m,
      totalRallies: [33m10[39m
    },
    pointsHistory: []
  }
}
[ScoreboardV2] Retomando partida com estado: {
  sets: { PLAYER_1: [33m0[39m, PLAYER_2: [33m0[39m },
  currentSet: [33m1[39m,
  currentSetState: { games: { PLAYER_1: [33m0[39m, PLAYER_2: [33m0[39m } },
  currentGame: {
    points: { PLAYER_1: [32m'0'[39m, PLAYER_2: [32m'0'[39m },
    server: [32m'PLAYER_1'[39m,
    isTiebreak: [33mfalse[39m
  },
  server: [32m'PLAYER_1'[39m,
  isFinished: [33mfalse[39m,
  config: {},
  startedAt: [32m'2026-03-08T10:12:52.370Z'[39m
}

[90mstdout[2m | src/pages/__tests__/ScoreboardV2.test.tsx[2m > [22m[2mScoreboardV2 - Ace Button Behavior[2m > [22m[2mAce button functionality[2m > [22m[2mopens ServerEffectModal when Ace button is clicked on second serve
[22m[39m[ScoreboardV2] Iniciando carregamento da partida test-match-id
[ScoreboardV2] Buscando estado atualizado do backend para test-match-id

[90mstdout[2m | src/pages/__tests__/ScoreboardV2.test.tsx[2m > [22m[2mScoreboardV2 - Ace Button Behavior[2m > [22m[2mAce button functionality[2m > [22m[2mopens ServerEffectModal when Ace button is clicked on second serve
[22m[39m[ScoreboardV2] Dados da partida carregados: {
  id: [32m'test-match-id'[39m,
  sportType: [32m'T├¬nis'[39m,
  format: [32m'BEST_OF_3'[39m,
  players: { p1: [32m'Jogador 1'[39m, p2: [32m'Jogador 2'[39m },
  status: [32m'IN_PROGRESS'[39m,
  matchState: {
    sets: { PLAYER_1: [33m0[39m, PLAYER_2: [33m0[39m },
    currentSet: [33m1[39m,
    currentSetState: { games: [36m[Object][39m },
    currentGame: { points: [36m[Object][39m, server: [32m'PLAYER_1'[39m, isTiebreak: [33mfalse[39m },
    server: [32m'PLAYER_1'[39m,
    isFinished: [33mfalse[39m,
    config: {},
    startedAt: [32m'2026-03-08T10:12:51.720Z'[39m
  }
}
[ScoreboardV2] Retomando partida com estado: {
  sets: { PLAYER_1: [33m0[39m, PLAYER_2: [33m0[39m },
  currentSet: [33m1[39m,
  currentSetState: { games: { PLAYER_1: [33m0[39m, PLAYER_2: [33m0[39m } },
  currentGame: {
    points: { PLAYER_1: [32m'0'[39m, PLAYER_2: [32m'0'[39m },
    server: [32m'PLAYER_1'[39m,
    isTiebreak: [33mfalse[39m
  },
  server: [32m'PLAYER_1'[39m,
  isFinished: [33mfalse[39m,
  config: {},
  startedAt: [32m'2026-03-08T10:12:51.720Z'[39m
}

[90mstdout[2m | src/pages/__tests__/ScoreboardV2.advanced.test.tsx[2m > [22m[2mScoreboardV2 - Cobertura Avan├ºada[2m > [22m[2mHist├│rico de Pontos[2m > [22m[2mdeve permitir desfazer ├║ltimo ponto
[22m[39m[ScoreboardV2] Adicionando ponto para PLAYER_1 {
  serve: { isFirstServe: [33mtrue[39m, type: [32m'SERVICE_WINNER'[39m },
  result: { winner: [32m'PLAYER_1'[39m, type: [32m'WINNER'[39m },
  rally: { ballExchanges: [33m1[39m }
}
[ScoreboardV2] Reset de serveStep para none (j├í estava none)
[ScoreboardV2] Ponto registrado em mem├│ria para PLAYER_1
[ScoreboardV2] Desfazendo ├║ltimo ponto
[ScoreboardV2] Reset de serveStep para none (j├í estava none)
[ScoreboardV2] Ponto desfeito com sucesso

[90mstdout[2m | src/pages/__tests__/ScoreboardV2.advanced.test.tsx[2m > [22m[2mScoreboardV2 - Cobertura Avan├ºada[2m > [22m[2mPersist├¬ncia de Estado[2m > [22m[2mdeve persistir estado ap├│s cada ponto
[22m[39m[ScoreboardV2] Iniciando carregamento da partida test-match-id
[ScoreboardV2] Buscando estado atualizado do backend para test-match-id

[90mstdout[2m | src/pages/__tests__/ScoreboardV2.advanced.test.tsx[2m > [22m[2mScoreboardV2 - Cobertura Avan├ºada[2m > [22m[2mPersist├¬ncia de Estado[2m > [22m[2mdeve persistir estado ap├│s cada ponto
[22m[39m[ScoreboardV2] Dados da partida carregados: {
  id: [32m'test-match-id'[39m,
  sportType: [32m'T├¬nis'[39m,
  format: [32m'BEST_OF_3'[39m,
  players: { p1: [32m'Jogador 1'[39m, p2: [32m'Jogador 2'[39m },
  status: [32m'IN_PROGRESS'[39m,
  matchState: {
    sets: { PLAYER_1: [33m0[39m, PLAYER_2: [33m0[39m },
    currentSet: [33m1[39m,
    currentSetState: { games: [36m[Object][39m },
    currentGame: { points: [36m[Object][39m, server: [32m'PLAYER_1'[39m, isTiebreak: [33mfalse[39m },
    server: [32m'PLAYER_1'[39m,
    isFinished: [33mfalse[39m,
    config: {},
    startedAt: [32m'2026-03-08T10:12:53.351Z'[39m
  },
  stats: {
    totalPoints: [33m10[39m,
    player1: {
      pointsWon: [33m5[39m,
      totalServes: [33m5[39m,
      firstServes: [33m4[39m,
      secondServes: [33m1[39m,
      firstServeWins: [33m3[39m,
      secondServeWins: [33m1[39m,
      aces: [33m1[39m,
      doubleFaults: [33m0[39m,
      serviceWinners: [33m1[39m,
      servicePointsWon: [33m4[39m,
      returnPointsWon: [33m1[39m,
      winners: [33m2[39m,
      unforcedErrors: [33m1[39m,
      forcedErrors: [33m0[39m,
      shortRallies: [33m2[39m,
      longRallies: [33m1[39m,
      breakPoints: [33m1[39m,
      breakPointsSaved: [33m0[39m,
      firstServePercentage: [33m80[39m,
      firstServeWinPercentage: [33m75[39m,
      secondServeWinPercentage: [33m100[39m,
      serviceHoldPercentage: [33m80[39m,
      breakPointConversion: [33m0[39m,
      winnerToErrorRatio: [33m2[39m,
      returnWinPercentage: [33m20[39m,
      dominanceRatio: [33m2[39m
    },
    player2: {
      pointsWon: [33m5[39m,
      totalServes: [33m5[39m,
      firstServes: [33m3[39m,
      secondServes: [33m2[39m,
      firstServeWins: [33m2[39m,
      secondServeWins: [33m1[39m,
      aces: [33m0[39m,
      doubleFaults: [33m1[39m,
      serviceWinners: [33m0[39m,
      servicePointsWon: [33m3[39m,
      returnPointsWon: [33m2[39m,
      winners: [33m1[39m,
      unforcedErrors: [33m2[39m,
      forcedErrors: [33m1[39m,
      shortRallies: [33m1[39m,
      longRallies: [33m0[39m,
      breakPoints: [33m0[39m,
      breakPointsSaved: [33m0[39m,
      firstServePercentage: [33m60[39m,
      firstServeWinPercentage: [33m66.7[39m,
      secondServeWinPercentage: [33m50[39m,
      serviceHoldPercentage: [33m60[39m,
      breakPointConversion: [33m0[39m,
      winnerToErrorRatio: [33m0.5[39m,
      returnWinPercentage: [33m40[39m,
      dominanceRatio: [33m1[39m
    },
    match: {
      avgRallyLength: [33m5.5[39m,
      longestRally: [33m12[39m,
      shortestRally: [33m1[39m,
      totalRallies: [33m10[39m
    },
    pointsHistory: []
  }
}
[ScoreboardV2] Retomando partida com estado: {
  sets: { PLAYER_1: [33m0[39m, PLAYER_2: [33m0[39m },
  currentSet: [33m1[39m,
  currentSetState: { games: { PLAYER_1: [33m0[39m, PLAYER_2: [33m0[39m } },
  currentGame: {
    points: { PLAYER_1: [32m'0'[39m, PLAYER_2: [32m'0'[39m },
    server: [32m'PLAYER_1'[39m,
    isTiebreak: [33mfalse[39m
  },
  server: [32m'PLAYER_1'[39m,
  isFinished: [33mfalse[39m,
  config: {},
  startedAt: [32m'2026-03-08T10:12:53.351Z'[39m
}

[90mstdout[2m | src/pages/__tests__/ScoreboardV2.advanced.test.tsx[2m > [22m[2mScoreboardV2 - Cobertura Avan├ºada[2m > [22m[2mPersist├¬ncia de Estado[2m > [22m[2mdeve persistir estado ap├│s cada ponto
[22m[39m[ScoreboardV2] Adicionando ponto para PLAYER_1 {
  serve: { isFirstServe: [33mtrue[39m, type: [32m'SERVICE_WINNER'[39m },
  result: { winner: [32m'PLAYER_1'[39m, type: [32m'WINNER'[39m },
  rally: { ballExchanges: [33m1[39m }
}
[ScoreboardV2] Reset de serveStep para none (j├í estava none)
[ScoreboardV2] Ponto registrado em mem├│ria para PLAYER_1

 [31mÔØ»[39m src/pages/__tests__/ScoreboardV2.advanced.test.tsx [2m([22m[2m7 tests[22m[2m | [22m[31m1 failed[39m[2m | [22m[33m1 skipped[39m[2m)[22m[33m 1853[2mms[22m[39m
[31m       [31m├ù[31m deve permitir marcar segundo servi├ºo[39m[33m 411[2mms[22m[39m
       [2m[90mÔåô[39m[22m deve mostrar modal de estat├¡sticas quando solicitado
       [32mÔ£ô[39m deve indicar troca de lado em games ├¡mpares[32m 72[2mms[22m[39m
       [32mÔ£ô[39m deve exibir mensagem de erro quando falha ao carregar partida[32m 71[2mms[22m[39m
       [32mÔ£ô[39m deve exibir mensagem de erro quando falha ao atualizar ponto[32m 95[2mms[22m[39m
       [33m[2mÔ£ô[22m[39m deve permitir desfazer ├║ltimo ponto [33m 980[2mms[22m[39m
       [32mÔ£ô[39m deve persistir estado ap├│s cada ponto[32m 219[2mms[22m[39m
[90mstdout[2m | src/pages/__tests__/ScoreboardV2.test.tsx[2m > [22m[2mScoreboardV2 - Ace Button Behavior[2m > [22m[2mAce button functionality[2m > [22m[2mallows user to confirm point through ServerEffectModal
[22m[39m[ScoreboardV2] Iniciando carregamento da partida test-match-id
[ScoreboardV2] Buscando estado atualizado do backend para test-match-id

[90mstdout[2m | src/pages/__tests__/ScoreboardV2.test.tsx[2m > [22m[2mScoreboardV2 - Ace Button Behavior[2m > [22m[2mAce button functionality[2m > [22m[2mallows user to confirm point through ServerEffectModal
[22m[39m[ScoreboardV2] Dados da partida carregados: {
  id: [32m'test-match-id'[39m,
  sportType: [32m'T├¬nis'[39m,
  format: [32m'BEST_OF_3'[39m,
  players: { p1: [32m'Jogador 1'[39m, p2: [32m'Jogador 2'[39m },
  status: [32m'IN_PROGRESS'[39m,
  matchState: {
    sets: { PLAYER_1: [33m0[39m, PLAYER_2: [33m0[39m },
    currentSet: [33m1[39m,
    currentSetState: { games: [36m[Object][39m },
    currentGame: { points: [36m[Object][39m, server: [32m'PLAYER_1'[39m, isTiebreak: [33mfalse[39m },
    server: [32m'PLAYER_1'[39m,
    isFinished: [33mfalse[39m,
    config: {},
    startedAt: [32m'2026-03-08T10:12:51.720Z'[39m
  }
}
[ScoreboardV2] Retomando partida com estado: {
  sets: { PLAYER_1: [33m0[39m, PLAYER_2: [33m0[39m },
  currentSet: [33m1[39m,
  currentSetState: { games: { PLAYER_1: [33m0[39m, PLAYER_2: [33m0[39m } },
  currentGame: {
    points: { PLAYER_1: [32m'0'[39m, PLAYER_2: [32m'0'[39m },
    server: [32m'PLAYER_1'[39m,
    isTiebreak: [33mfalse[39m
  },
  server: [32m'PLAYER_1'[39m,
  isFinished: [33mfalse[39m,
  config: {},
  startedAt: [32m'2026-03-08T10:12:51.720Z'[39m
}

[90mstdout[2m | src/pages/__tests__/ScoreboardV2.server-effect.test.tsx[2m > [22m[2mScoreboardV2 - ServerEffect Integration[2m > [22m[2mFluxo Ace ÔåÆ ServerEffect[2m > [22m[2mabre ServerEffectModal ao clicar em Ace no 1┬║ saque
[22m[39m[ScoreboardV2] Iniciando carregamento da partida test-match-id
[ScoreboardV2] Buscando estado atualizado do backend para test-match-id

[90mstdout[2m | src/pages/__tests__/ScoreboardV2.server-effect.test.tsx[2m > [22m[2mScoreboardV2 - ServerEffect Integration[2m > [22m[2mFluxo Ace ÔåÆ ServerEffect[2m > [22m[2mabre ServerEffectModal ao clicar em Ace no 1┬║ saque
[22m[39m[ScoreboardV2] Dados da partida carregados: {
  id: [32m'test-match-id'[39m,
  sportType: [32m'T├¬nis'[39m,
  format: [32m'BEST_OF_3'[39m,
  players: { p1: [32m'Player 1'[39m, p2: [32m'Player 2'[39m },
  status: [32m'IN_PROGRESS'[39m,
  matchState: {
    sets: { PLAYER_1: [33m0[39m, PLAYER_2: [33m0[39m },
    currentSet: [33m1[39m,
    currentSetState: { games: [36m[Object][39m },
    currentGame: { points: [36m[Object][39m, server: [32m'PLAYER_1'[39m, isTiebreak: [33mfalse[39m },
    server: [32m'PLAYER_1'[39m,
    isFinished: [33mfalse[39m,
    config: {},
    startedAt: [32m'2026-03-08T10:12:51.721Z'[39m
  }
}
[ScoreboardV2] Retomando partida com estado: {
  sets: { PLAYER_1: [33m0[39m, PLAYER_2: [33m0[39m },
  currentSet: [33m1[39m,
  currentSetState: { games: { PLAYER_1: [33m0[39m, PLAYER_2: [33m0[39m } },
  currentGame: {
    points: { PLAYER_1: [32m'0'[39m, PLAYER_2: [32m'0'[39m },
    server: [32m'PLAYER_1'[39m,
    isTiebreak: [33mfalse[39m
  },
  server: [32m'PLAYER_1'[39m,
  isFinished: [33mfalse[39m,
  config: {},
  startedAt: [32m'2026-03-08T10:12:51.721Z'[39m
}

[90mstdout[2m | src/pages/__tests__/ScoreboardV2.server-effect.test.tsx[2m > [22m[2mScoreboardV2 - ServerEffect Integration[2m > [22m[2mFluxo Ace ÔåÆ ServerEffect[2m > [22m[2mabre ServerEffectModal ao clicar em Ace no 2┬║ saque
[22m[39m[ScoreboardV2] Iniciando carregamento da partida test-match-id
[ScoreboardV2] Buscando estado atualizado do backend para test-match-id

[90mstdout[2m | src/pages/__tests__/ScoreboardV2.server-effect.test.tsx[2m > [22m[2mScoreboardV2 - ServerEffect Integration[2m > [22m[2mFluxo Ace ÔåÆ ServerEffect[2m > [22m[2mabre ServerEffectModal ao clicar em Ace no 2┬║ saque
[22m[39m[ScoreboardV2] Dados da partida carregados: {
  id: [32m'test-match-id'[39m,
  sportType: [32m'T├¬nis'[39m,
  format: [32m'BEST_OF_3'[39m,
  players: { p1: [32m'Player 1'[39m, p2: [32m'Player 2'[39m },
  status: [32m'IN_PROGRESS'[39m,
  matchState: {
    sets: { PLAYER_1: [33m0[39m, PLAYER_2: [33m0[39m },
    currentSet: [33m1[39m,
    currentSetState: { games: [36m[Object][39m },
    currentGame: { points: [36m[Object][39m, server: [32m'PLAYER_1'[39m, isTiebreak: [33mfalse[39m },
    server: [32m'PLAYER_1'[39m,
    isFinished: [33mfalse[39m,
    config: {},
    startedAt: [32m'2026-03-08T10:12:51.721Z'[39m
  }
}
[ScoreboardV2] Retomando partida com estado: {
  sets: { PLAYER_1: [33m0[39m, PLAYER_2: [33m0[39m },
  currentSet: [33m1[39m,
  currentSetState: { games: { PLAYER_1: [33m0[39m, PLAYER_2: [33m0[39m } },
  currentGame: {
    points: { PLAYER_1: [32m'0'[39m, PLAYER_2: [32m'0'[39m },
    server: [32m'PLAYER_1'[39m,
    isTiebreak: [33mfalse[39m
  },
  server: [32m'PLAYER_1'[39m,
  isFinished: [33mfalse[39m,
  config: {},
  startedAt: [32m'2026-03-08T10:12:51.721Z'[39m
}

[90mstdout[2m | src/pages/__tests__/ScoreboardV2.test.tsx[2m > [22m[2mScoreboardV2 - Ace Button Behavior[2m > [22m[2mAce button functionality[2m > [22m[2mallows user to confirm point through ServerEffectModal
[22m[39m[ScoreboardV2] Adicionando ponto para PLAYER_1 {
  serve: {
    type: [32m'ACE'[39m,
    isFirstServe: [33mtrue[39m,
    serveEffect: [32m'TopSpin'[39m,
    direction: [32m'Fechado'[39m
  },
  result: { winner: [32m'PLAYER_1'[39m, type: [32m'WINNER'[39m },
  rally: { ballExchanges: [33m1[39m }
}
[ScoreboardV2] Reset de serveStep para none (j├í estava none)
[ScoreboardV2] Ponto registrado em mem├│ria para PLAYER_1

[90mstdout[2m | src/pages/__tests__/ScoreboardV2.test.tsx[2m > [22m[2mScoreboardV2 - Ace Button Behavior[2m > [22m[2mAce button functionality[2m > [22m[2mcloses ServerEffectModal after confirming point
[22m[39m[ScoreboardV2] Iniciando carregamento da partida test-match-id
[ScoreboardV2] Buscando estado atualizado do backend para test-match-id

[90mstdout[2m | src/pages/__tests__/ScoreboardV2.test.tsx[2m > [22m[2mScoreboardV2 - Ace Button Behavior[2m > [22m[2mAce button functionality[2m > [22m[2mcloses ServerEffectModal after confirming point
[22m[39m[ScoreboardV2] Dados da partida carregados: {
  id: [32m'test-match-id'[39m,
  sportType: [32m'T├¬nis'[39m,
  format: [32m'BEST_OF_3'[39m,
  players: { p1: [32m'Jogador 1'[39m, p2: [32m'Jogador 2'[39m },
  status: [32m'IN_PROGRESS'[39m,
  matchState: {
    sets: { PLAYER_1: [33m0[39m, PLAYER_2: [33m0[39m },
    currentSet: [33m1[39m,
    currentSetState: { games: [36m[Object][39m },
    currentGame: { points: [36m[Object][39m, server: [32m'PLAYER_1'[39m, isTiebreak: [33mfalse[39m },
    server: [32m'PLAYER_1'[39m,
    isFinished: [33mfalse[39m,
    config: {},
    startedAt: [32m'2026-03-08T10:12:51.720Z'[39m
  }
}
[ScoreboardV2] Retomando partida com estado: {
  sets: { PLAYER_1: [33m0[39m, PLAYER_2: [33m0[39m },
  currentSet: [33m1[39m,
  currentSetState: { games: { PLAYER_1: [33m0[39m, PLAYER_2: [33m0[39m } },
  currentGame: {
    points: { PLAYER_1: [32m'0'[39m, PLAYER_2: [32m'0'[39m },
    server: [32m'PLAYER_1'[39m,
    isTiebreak: [33mfalse[39m
  },
  server: [32m'PLAYER_1'[39m,
  isFinished: [33mfalse[39m,
  config: {},
  startedAt: [32m'2026-03-08T10:12:51.720Z'[39m
}

[90mstdout[2m | src/pages/__tests__/ScoreboardV2.test.tsx[2m > [22m[2mScoreboardV2 - Ace Button Behavior[2m > [22m[2mAce button functionality[2m > [22m[2mcloses ServerEffectModal after confirming point
[22m[39m[ScoreboardV2] Adicionando ponto para PLAYER_1 {
  serve: {
    type: [32m'ACE'[39m,
    isFirstServe: [33mtrue[39m,
    serveEffect: [32m'TopSpin'[39m,
    direction: [32m'Fechado'[39m
  },
  result: { winner: [32m'PLAYER_1'[39m, type: [32m'WINNER'[39m },
  rally: { ballExchanges: [33m1[39m }
}
[ScoreboardV2] Reset de serveStep para none (j├í estava none)
[ScoreboardV2] Ponto registrado em mem├│ria para PLAYER_1

[90mstdout[2m | src/pages/__tests__/ScoreboardV2.test.tsx[2m > [22m[2mScoreboardV2 - Ace Button Behavior[2m > [22m[2mAce button functionality[2m > [22m[2mallows canceling the ServerEffectModal without adding point
[22m[39m[ScoreboardV2] Iniciando carregamento da partida test-match-id
[ScoreboardV2] Buscando estado atualizado do backend para test-match-id

[90mstdout[2m | src/pages/__tests__/ScoreboardV2.test.tsx[2m > [22m[2mScoreboardV2 - Ace Button Behavior[2m > [22m[2mAce button functionality[2m > [22m[2mallows canceling the ServerEffectModal without adding point
[22m[39m[ScoreboardV2] Dados da partida carregados: {
  id: [32m'test-match-id'[39m,
  sportType: [32m'T├¬nis'[39m,
  format: [32m'BEST_OF_3'[39m,
  players: { p1: [32m'Jogador 1'[39m, p2: [32m'Jogador 2'[39m },
  status: [32m'IN_PROGRESS'[39m,
  matchState: {
    sets: { PLAYER_1: [33m0[39m, PLAYER_2: [33m0[39m },
    currentSet: [33m1[39m,
    currentSetState: { games: [36m[Object][39m },
    currentGame: { points: [36m[Object][39m, server: [32m'PLAYER_1'[39m, isTiebreak: [33mfalse[39m },
    server: [32m'PLAYER_1'[39m,
    isFinished: [33mfalse[39m,
    config: {},
    startedAt: [32m'2026-03-08T10:12:51.720Z'[39m
  }
}
[ScoreboardV2] Retomando partida com estado: {
  sets: { PLAYER_1: [33m0[39m, PLAYER_2: [33m0[39m },
  currentSet: [33m1[39m,
  currentSetState: { games: { PLAYER_1: [33m0[39m, PLAYER_2: [33m0[39m } },
  currentGame: {
    points: { PLAYER_1: [32m'0'[39m, PLAYER_2: [32m'0'[39m },
    server: [32m'PLAYER_1'[39m,
    isTiebreak: [33mfalse[39m
  },
  server: [32m'PLAYER_1'[39m,
  isFinished: [33mfalse[39m,
  config: {},
  startedAt: [32m'2026-03-08T10:12:51.720Z'[39m
}

[90mstdout[2m | src/pages/__tests__/ScoreboardV2.test.tsx[2m > [22m[2mScoreboardV2 - Ace Button Behavior[2m > [22m[2mAce button availability[2m > [22m[2mshows Ace button when serveStep is none and server exists
[22m[39m[ScoreboardV2] Iniciando carregamento da partida test-match-id
[ScoreboardV2] Buscando estado atualizado do backend para test-match-id

 [31mÔØ»[39m src/components/__tests__/ServerEffectModal.test.tsx [2m([22m[2m33 tests[22m[2m | [22m[31m1 failed[39m[2m)[22m[33m 5314[2mms[22m[39m
       [32mÔ£ô[39m n├úo renderiza quando isOpen ├® false[32m 41[2mms[22m[39m
       [32mÔ£ô[39m renderiza o modal quando isOpen ├® true[32m 35[2mms[22m[39m
       [32mÔ£ô[39m exibe o jogador em foco corretamente[32m 10[2mms[22m[39m
       [32mÔ£ô[39m exibe o jogador em foco para PLAYER_2[32m 13[2mms[22m[39m
       [33m[2mÔ£ô[22m[39m exibe todas as op├º├Áes de efeito [33m 783[2mms[22m[39m
       [33m[2mÔ£ô[22m[39m permite sele├º├úo de efeito [33m 398[2mms[22m[39m
       [32mÔ£ô[39m permite mudan├ºa de efeito[32m 295[2mms[22m[39m
       [33m[2mÔ£ô[22m[39m exibe todas as op├º├Áes de dire├º├úo [33m 301[2mms[22m[39m
       [32mÔ£ô[39m permite sele├º├úo de dire├º├úo[32m 164[2mms[22m[39m
       [32mÔ£ô[39m permite mudan├ºa de dire├º├úo[32m 204[2mms[22m[39m
       [32mÔ£ô[39m est├í sempre habilitado[32m 134[2mms[22m[39m
       [32mÔ£ô[39m permite confirma├º├úo sem sele├º├úo de efeito ou dire├º├úo[32m 156[2mms[22m[39m
       [33m[2mÔ£ô[22m[39m permite confirma├º├úo com apenas efeito selecionado [33m 311[2mms[22m[39m
       [32mÔ£ô[39m permite confirma├º├úo com apenas dire├º├úo selecionada[32m 236[2mms[22m[39m
       [33m[2mÔ£ô[22m[39m permite confirma├º├úo com efeito e dire├º├úo selecionados [33m 370[2mms[22m[39m
       [33m[2mÔ£ô[22m[39m reseta sele├º├Áes quando modal ├® reaberto [33m 554[2mms[22m[39m
       [32mÔ£ô[39m chama onCancel quando bot├úo Cancelar ├® clicado[32m 74[2mms[22m[39m
       [32mÔ£ô[39m chama onCancel quando overlay ├® clicado[32m 18[2mms[22m[39m
       [32mÔ£ô[39m n├úo chama onCancel quando modal content ├® clicado[32m 7[2mms[22m[39m
       [32mÔ£ô[39m renderiza com header diferente quando context='error'[32m 11[2mms[22m[39m
       [32mÔ£ô[39m aplica classe CSS error quando context='error'[32m 7[2mms[22m[39m
       [32mÔ£ô[39m mostra tipo de erro Out quando errorType='out'[32m 10[2mms[22m[39m
       [32mÔ£ô[39m mostra tipo de erro Net quando errorType='net'[32m 12[2mms[22m[39m
       [32mÔ£ô[39m mostra 'Registrar e Continuar' para 1┬║ saque[32m 18[2mms[22m[39m
       [32mÔ£ô[39m mostra 'Registrar Dupla Falta' para 2┬║ saque[32m 8[2mms[22m[39m
       [32mÔ£ô[39m permite sele├º├úo de efeito e dire├º├úo em contexto de erro[32m 222[2mms[22m[39m
       [32mÔ£ô[39m registra dupla falta sem sele├º├úo em 2┬║ saque[32m 12[2mms[22m[39m
       [32mÔ£ô[39m bot├úo Confirmar aparece antes do bot├úo Cancelar no DOM[32m 9[2mms[22m[39m
       [32mÔ£ô[39m usa classe confirm-btn no bot├úo de confirma├º├úo[32m 6[2mms[22m[39m
       [32mÔ£ô[39m usa classe cancel-btn no bot├úo de cancelamento[32m 9[2mms[22m[39m
       [32mÔ£ô[39m bot├Áes de op├º├úo usam classe button-group button[32m 7[2mms[22m[39m
[31m       [31m├ù[31m bot├úo selecionado recebe classe active[39m[33m 863[2mms[22m[39m
       [32mÔ£ô[39m usa data-testid=server-effect-modal no container[32m 10[2mms[22m[39m
[90mstdout[2m | src/pages/__tests__/ScoreboardV2.test.tsx[2m > [22m[2mScoreboardV2 - Ace Button Behavior[2m > [22m[2mAce button availability[2m > [22m[2mshows Ace button when serveStep is none and server exists
[22m[39m[ScoreboardV2] Dados da partida carregados: {
  id: [32m'test-match-id'[39m,
  sportType: [32m'T├¬nis'[39m,
  format: [32m'BEST_OF_3'[39m,
  players: { p1: [32m'Jogador 1'[39m, p2: [32m'Jogador 2'[39m },
  status: [32m'IN_PROGRESS'[39m,
  matchState: {
    sets: { PLAYER_1: [33m0[39m, PLAYER_2: [33m0[39m },
    currentSet: [33m1[39m,
    currentSetState: { games: [36m[Object][39m },
    currentGame: { points: [36m[Object][39m, server: [32m'PLAYER_1'[39m, isTiebreak: [33mfalse[39m },
    server: [32m'PLAYER_1'[39m,
    isFinished: [33mfalse[39m,
    config: {},
    startedAt: [32m'2026-03-08T10:12:51.720Z'[39m
  }
}
[ScoreboardV2] Retomando partida com estado: {
  sets: { PLAYER_1: [33m0[39m, PLAYER_2: [33m0[39m },
  currentSet: [33m1[39m,
  currentSetState: { games: { PLAYER_1: [33m0[39m, PLAYER_2: [33m0[39m } },
  currentGame: {
    points: { PLAYER_1: [32m'0'[39m, PLAYER_2: [32m'0'[39m },
    server: [32m'PLAYER_1'[39m,
    isTiebreak: [33mfalse[39m
  },
  server: [32m'PLAYER_1'[39m,
  isFinished: [33mfalse[39m,
  config: {},
  startedAt: [32m'2026-03-08T10:12:51.720Z'[39m
}

[90mstdout[2m | src/pages/__tests__/ScoreboardV2.server-effect.test.tsx[2m > [22m[2mScoreboardV2 - ServerEffect Integration[2m > [22m[2mFluxo Dupla Falta ÔåÆ Ponto Autom├ítico[2m > [22m[2mmarca ponto automaticamente ao clicar em Out no 2┬║ saque (dupla falta)
[22m[39m[ScoreboardV2] Iniciando carregamento da partida test-match-id
[ScoreboardV2] Buscando estado atualizado do backend para test-match-id

[90mstdout[2m | src/pages/__tests__/ScoreboardV2.server-effect.test.tsx[2m > [22m[2mScoreboardV2 - ServerEffect Integration[2m > [22m[2mFluxo Dupla Falta ÔåÆ Ponto Autom├ítico[2m > [22m[2mmarca ponto automaticamente ao clicar em Out no 2┬║ saque (dupla falta)
[22m[39m[ScoreboardV2] Dados da partida carregados: {
  id: [32m'test-match-id'[39m,
  sportType: [32m'T├¬nis'[39m,
  format: [32m'BEST_OF_3'[39m,
  players: { p1: [32m'Player 1'[39m, p2: [32m'Player 2'[39m },
  status: [32m'IN_PROGRESS'[39m,
  matchState: {
    sets: { PLAYER_1: [33m0[39m, PLAYER_2: [33m0[39m },
    currentSet: [33m1[39m,
    currentSetState: { games: [36m[Object][39m },
    currentGame: { points: [36m[Object][39m, server: [32m'PLAYER_1'[39m, isTiebreak: [33mfalse[39m },
    server: [32m'PLAYER_1'[39m,
    isFinished: [33mfalse[39m,
    config: {},
    startedAt: [32m'2026-03-08T10:12:51.721Z'[39m
  }
}
[ScoreboardV2] Retomando partida com estado: {
  sets: { PLAYER_1: [33m0[39m, PLAYER_2: [33m0[39m },
  currentSet: [33m1[39m,
  currentSetState: { games: { PLAYER_1: [33m0[39m, PLAYER_2: [33m0[39m } },
  currentGame: {
    points: { PLAYER_1: [32m'0'[39m, PLAYER_2: [32m'0'[39m },
    server: [32m'PLAYER_1'[39m,
    isTiebreak: [33mfalse[39m
  },
  server: [32m'PLAYER_1'[39m,
  isFinished: [33mfalse[39m,
  config: {},
  startedAt: [32m'2026-03-08T10:12:51.721Z'[39m
}

[90mstdout[2m | src/pages/__tests__/ScoreboardV2.test.tsx[2m > [22m[2mScoreboardV2 - Ace Button Behavior[2m > [22m[2mAce button availability[2m > [22m[2mhides Ace button when match is finished
[22m[39m[ScoreboardV2] Iniciando carregamento da partida test-match-id
[ScoreboardV2] Buscando estado atualizado do backend para test-match-id

[90mstdout[2m | src/pages/__tests__/ScoreboardV2.test.tsx[2m > [22m[2mScoreboardV2 - Ace Button Behavior[2m > [22m[2mAce button availability[2m > [22m[2mhides Ace button when match is finished
[22m[39m[ScoreboardV2] Dados da partida carregados: {
  id: [32m'test-match-id'[39m,
  sportType: [32m'T├¬nis'[39m,
  format: [32m'BEST_OF_3'[39m,
  players: { p1: [32m'Jogador 1'[39m, p2: [32m'Jogador 2'[39m },
  status: [32m'IN_PROGRESS'[39m,
  matchState: {
    sets: { PLAYER_1: [33m0[39m, PLAYER_2: [33m0[39m },
    currentSet: [33m1[39m,
    currentSetState: { games: [36m[Object][39m },
    currentGame: { points: [36m[Object][39m, server: [32m'PLAYER_1'[39m, isTiebreak: [33mfalse[39m },
    server: [32m'PLAYER_1'[39m,
    isFinished: [33mfalse[39m,
    config: {},
    startedAt: [32m'2026-03-08T10:12:51.720Z'[39m
  }
}
[ScoreboardV2] Retomando partida com estado: {
  sets: { PLAYER_1: [33m0[39m, PLAYER_2: [33m0[39m },
  currentSet: [33m1[39m,
  currentSetState: { games: { PLAYER_1: [33m0[39m, PLAYER_2: [33m0[39m } },
  currentGame: {
    points: { PLAYER_1: [32m'0'[39m, PLAYER_2: [32m'0'[39m },
    server: [32m'PLAYER_1'[39m,
    isTiebreak: [33mfalse[39m
  },
  server: [32m'PLAYER_1'[39m,
  isFinished: [33mfalse[39m,
  config: {},
  startedAt: [32m'2026-03-08T10:12:51.720Z'[39m
}

[90mstdout[2m | src/pages/__tests__/ScoreboardV2.test.tsx[2m > [22m[2mScoreboardV2 - Ace Button Behavior[2m > [22m[2mAce button availability[2m > [22m[2mshows Ace button when serveStep is second
[22m[39m[ScoreboardV2] Iniciando carregamento da partida test-match-id
[ScoreboardV2] Buscando estado atualizado do backend para test-match-id

[90mstdout[2m | src/pages/__tests__/ScoreboardV2.test.tsx[2m > [22m[2mScoreboardV2 - Ace Button Behavior[2m > [22m[2mAce button availability[2m > [22m[2mshows Ace button when serveStep is second
[22m[39m[ScoreboardV2] Dados da partida carregados: {
  id: [32m'test-match-id'[39m,
  sportType: [32m'T├¬nis'[39m,
  format: [32m'BEST_OF_3'[39m,
  players: { p1: [32m'Jogador 1'[39m, p2: [32m'Jogador 2'[39m },
  status: [32m'IN_PROGRESS'[39m,
  matchState: {
    sets: { PLAYER_1: [33m0[39m, PLAYER_2: [33m0[39m },
    currentSet: [33m1[39m,
    currentSetState: { games: [36m[Object][39m },
    currentGame: { points: [36m[Object][39m, server: [32m'PLAYER_1'[39m, isTiebreak: [33mfalse[39m },
    server: [32m'PLAYER_1'[39m,
    isFinished: [33mfalse[39m,
    config: {},
    startedAt: [32m'2026-03-08T10:12:51.720Z'[39m
  }
}
[ScoreboardV2] Retomando partida com estado: {
  sets: { PLAYER_1: [33m0[39m, PLAYER_2: [33m0[39m },
  currentSet: [33m1[39m,
  currentSetState: { games: { PLAYER_1: [33m0[39m, PLAYER_2: [33m0[39m } },
  currentGame: {
    points: { PLAYER_1: [32m'0'[39m, PLAYER_2: [32m'0'[39m },
    server: [32m'PLAYER_1'[39m,
    isTiebreak: [33mfalse[39m
  },
  server: [32m'PLAYER_1'[39m,
  isFinished: [33mfalse[39m,
  config: {},
  startedAt: [32m'2026-03-08T10:12:51.720Z'[39m
}

[90mstdout[2m | src/pages/__tests__/ScoreboardV2.test.tsx[2m > [22m[2mScoreboardV2 - Ace Button Behavior[2m > [22m[2mIntegration with existing tests[2m > [22m[2mdisplays serve info buttons without click handlers
[22m[39m[ScoreboardV2] Iniciando carregamento da partida test-match-id
[ScoreboardV2] Buscando estado atualizado do backend para test-match-id

[90mstdout[2m | src/pages/__tests__/ScoreboardV2.test.tsx[2m > [22m[2mScoreboardV2 - Ace Button Behavior[2m > [22m[2mIntegration with existing tests[2m > [22m[2mdisplays serve info buttons without click handlers
[22m[39m[ScoreboardV2] Dados da partida carregados: {
  id: [32m'test-match-id'[39m,
  sportType: [32m'T├¬nis'[39m,
  format: [32m'BEST_OF_3'[39m,
  players: { p1: [32m'Jogador 1'[39m, p2: [32m'Jogador 2'[39m },
  status: [32m'IN_PROGRESS'[39m,
  matchState: {
    sets: { PLAYER_1: [33m0[39m, PLAYER_2: [33m0[39m },
    currentSet: [33m1[39m,
    currentSetState: { games: [36m[Object][39m },
    currentGame: { points: [36m[Object][39m, server: [32m'PLAYER_1'[39m, isTiebreak: [33mfalse[39m },
    server: [32m'PLAYER_1'[39m,
    isFinished: [33mfalse[39m,
    config: {},
    startedAt: [32m'2026-03-08T10:12:51.720Z'[39m
  }
}
[ScoreboardV2] Retomando partida com estado: {
  sets: { PLAYER_1: [33m0[39m, PLAYER_2: [33m0[39m },
  currentSet: [33m1[39m,
  currentSetState: { games: { PLAYER_1: [33m0[39m, PLAYER_2: [33m0[39m } },
  currentGame: {
    points: { PLAYER_1: [32m'0'[39m, PLAYER_2: [32m'0'[39m },
    server: [32m'PLAYER_1'[39m,
    isTiebreak: [33mfalse[39m
  },
  server: [32m'PLAYER_1'[39m,
  isFinished: [33mfalse[39m,
  config: {},
  startedAt: [32m'2026-03-08T10:12:51.720Z'[39m
}

[90mstdout[2m | src/pages/__tests__/ScoreboardV2.test.tsx[2m > [22m[2mScoreboardV2 - Ace Button Behavior[2m > [22m[2mIntegration with existing tests[2m > [22m[2mmaintains existing point buttons functionality
[22m[39m[ScoreboardV2] Iniciando carregamento da partida test-match-id
[ScoreboardV2] Buscando estado atualizado do backend para test-match-id

[90mstdout[2m | src/pages/__tests__/ScoreboardV2.test.tsx[2m > [22m[2mScoreboardV2 - Ace Button Behavior[2m > [22m[2mIntegration with existing tests[2m > [22m[2mmaintains existing point buttons functionality
[22m[39m[ScoreboardV2] Dados da partida carregados: {
  id: [32m'test-match-id'[39m,
  sportType: [32m'T├¬nis'[39m,
  format: [32m'BEST_OF_3'[39m,
  players: { p1: [32m'Jogador 1'[39m, p2: [32m'Jogador 2'[39m },
  status: [32m'IN_PROGRESS'[39m,
  matchState: {
    sets: { PLAYER_1: [33m0[39m, PLAYER_2: [33m0[39m },
    currentSet: [33m1[39m,
    currentSetState: { games: [36m[Object][39m },
    currentGame: { points: [36m[Object][39m, server: [32m'PLAYER_1'[39m, isTiebreak: [33mfalse[39m },
    server: [32m'PLAYER_1'[39m,
    isFinished: [33mfalse[39m,
    config: {},
    startedAt: [32m'2026-03-08T10:12:51.720Z'[39m
  }
}
[ScoreboardV2] Retomando partida com estado: {
  sets: { PLAYER_1: [33m0[39m, PLAYER_2: [33m0[39m },
  currentSet: [33m1[39m,
  currentSetState: { games: { PLAYER_1: [33m0[39m, PLAYER_2: [33m0[39m } },
  currentGame: {
    points: { PLAYER_1: [32m'0'[39m, PLAYER_2: [32m'0'[39m },
    server: [32m'PLAYER_1'[39m,
    isTiebreak: [33mfalse[39m
  },
  server: [32m'PLAYER_1'[39m,
  isFinished: [33mfalse[39m,
  config: {},
  startedAt: [32m'2026-03-08T10:12:51.720Z'[39m
}

[90mstdout[2m | src/pages/__tests__/ScoreboardV2.test.tsx[2m > [22m[2mScoreboardV2 - Ace Button Behavior[2m > [22m[2mIntegration with existing tests[2m > [22m[2mmaintains existing point buttons functionality
[22m[39m[ScoreboardV2] Adicionando ponto para PLAYER_1 {
  serve: { isFirstServe: [33mtrue[39m, type: [32m'SERVICE_WINNER'[39m },
  result: { winner: [32m'PLAYER_1'[39m, type: [32m'WINNER'[39m },
  rally: { ballExchanges: [33m1[39m }
}
[ScoreboardV2] Reset de serveStep para none (j├í estava none)
[ScoreboardV2] Ponto registrado em mem├│ria para PLAYER_1

[90mstdout[2m | src/pages/__tests__/ScoreboardV2.test.tsx[2m > [22m[2mScoreboardV2 - Button Alignment Based on Server[2m > [22m[2maligns quick action buttons to the left when PLAYER_1 is serving
[22m[39m[ScoreboardV2] Iniciando carregamento da partida test-match-id
[ScoreboardV2] Buscando estado atualizado do backend para test-match-id

[90mstdout[2m | src/pages/__tests__/ScoreboardV2.test.tsx[2m > [22m[2mScoreboardV2 - Button Alignment Based on Server[2m > [22m[2maligns quick action buttons to the left when PLAYER_1 is serving
[22m[39m[ScoreboardV2] Dados da partida carregados: {
  id: [32m'test-match-id'[39m,
  sportType: [32m'T├¬nis'[39m,
  format: [32m'BEST_OF_3'[39m,
  players: { p1: [32m'Jogador 1'[39m, p2: [32m'Jogador 2'[39m },
  status: [32m'IN_PROGRESS'[39m,
  matchState: {
    sets: { PLAYER_1: [33m0[39m, PLAYER_2: [33m0[39m },
    currentSet: [33m1[39m,
    currentSetState: { games: [36m[Object][39m },
    currentGame: { points: [36m[Object][39m, server: [32m'PLAYER_1'[39m, isTiebreak: [33mfalse[39m },
    server: [32m'PLAYER_1'[39m,
    isFinished: [33mfalse[39m,
    config: {},
    startedAt: [32m'2026-03-08T10:12:51.720Z'[39m
  }
}
[ScoreboardV2] Retomando partida com estado: {
  sets: { PLAYER_1: [33m0[39m, PLAYER_2: [33m0[39m },
  currentSet: [33m1[39m,
  currentSetState: { games: { PLAYER_1: [33m0[39m, PLAYER_2: [33m0[39m } },
  currentGame: {
    points: { PLAYER_1: [32m'0'[39m, PLAYER_2: [32m'0'[39m },
    server: [32m'PLAYER_1'[39m,
    isTiebreak: [33mfalse[39m
  },
  server: [32m'PLAYER_1'[39m,
  isFinished: [33mfalse[39m,
  config: {},
  startedAt: [32m'2026-03-08T10:12:51.720Z'[39m
}

[90mstdout[2m | src/pages/__tests__/ScoreboardV2.server-effect.test.tsx[2m > [22m[2mScoreboardV2 - ServerEffect Integration[2m > [22m[2mFluxo Dupla Falta ÔåÆ Ponto Autom├ítico[2m > [22m[2mmarca ponto automaticamente ao clicar em Net no 2┬║ saque (dupla falta)
[22m[39m[ScoreboardV2] Iniciando carregamento da partida test-match-id
[ScoreboardV2] Buscando estado atualizado do backend para test-match-id

[90mstdout[2m | src/pages/__tests__/ScoreboardV2.server-effect.test.tsx[2m > [22m[2mScoreboardV2 - ServerEffect Integration[2m > [22m[2mFluxo Dupla Falta ÔåÆ Ponto Autom├ítico[2m > [22m[2mmarca ponto automaticamente ao clicar em Net no 2┬║ saque (dupla falta)
[22m[39m[ScoreboardV2] Dados da partida carregados: {
  id: [32m'test-match-id'[39m,
  sportType: [32m'T├¬nis'[39m,
  format: [32m'BEST_OF_3'[39m,
  players: { p1: [32m'Player 1'[39m, p2: [32m'Player 2'[39m },
  status: [32m'IN_PROGRESS'[39m,
  matchState: {
    sets: { PLAYER_1: [33m0[39m, PLAYER_2: [33m0[39m },
    currentSet: [33m1[39m,
    currentSetState: { games: [36m[Object][39m },
    currentGame: { points: [36m[Object][39m, server: [32m'PLAYER_1'[39m, isTiebreak: [33mfalse[39m },
    server: [32m'PLAYER_1'[39m,
    isFinished: [33mfalse[39m,
    config: {},
    startedAt: [32m'2026-03-08T10:12:51.721Z'[39m
  }
}
[ScoreboardV2] Retomando partida com estado: {
  sets: { PLAYER_1: [33m0[39m, PLAYER_2: [33m0[39m },
  currentSet: [33m1[39m,
  currentSetState: { games: { PLAYER_1: [33m0[39m, PLAYER_2: [33m0[39m } },
  currentGame: {
    points: { PLAYER_1: [32m'0'[39m, PLAYER_2: [32m'0'[39m },
    server: [32m'PLAYER_1'[39m,
    isTiebreak: [33mfalse[39m
  },
  server: [32m'PLAYER_1'[39m,
  isFinished: [33mfalse[39m,
  config: {},
  startedAt: [32m'2026-03-08T10:12:51.721Z'[39m
}

[90mstdout[2m | src/pages/__tests__/ScoreboardV2.test.tsx[2m > [22m[2mScoreboardV2 - Button Alignment Based on Server[2m > [22m[2maligns quick action buttons to the right when PLAYER_2 is serving
[22m[39m[ScoreboardV2] Iniciando carregamento da partida test-match-id
[ScoreboardV2] Buscando estado atualizado do backend para test-match-id

[90mstdout[2m | src/pages/__tests__/ScoreboardV2.test.tsx[2m > [22m[2mScoreboardV2 - Button Alignment Based on Server[2m > [22m[2maligns quick action buttons to the right when PLAYER_2 is serving
[22m[39m[ScoreboardV2] Dados da partida carregados: {
  id: [32m'test-match-id'[39m,
  sportType: [32m'T├¬nis'[39m,
  format: [32m'BEST_OF_3'[39m,
  players: { p1: [32m'Jogador 1'[39m, p2: [32m'Jogador 2'[39m },
  status: [32m'IN_PROGRESS'[39m,
  matchState: {
    sets: { PLAYER_1: [33m0[39m, PLAYER_2: [33m0[39m },
    currentSet: [33m1[39m,
    currentSetState: { games: [36m[Object][39m },
    currentGame: { points: [36m[Object][39m, server: [32m'PLAYER_1'[39m, isTiebreak: [33mfalse[39m },
    server: [32m'PLAYER_1'[39m,
    isFinished: [33mfalse[39m,
    config: {},
    startedAt: [32m'2026-03-08T10:12:51.720Z'[39m
  }
}
[ScoreboardV2] Retomando partida com estado: {
  sets: { PLAYER_1: [33m0[39m, PLAYER_2: [33m0[39m },
  currentSet: [33m1[39m,
  currentSetState: { games: { PLAYER_1: [33m0[39m, PLAYER_2: [33m0[39m } },
  currentGame: {
    points: { PLAYER_1: [32m'0'[39m, PLAYER_2: [32m'0'[39m },
    server: [32m'PLAYER_1'[39m,
    isTiebreak: [33mfalse[39m
  },
  server: [32m'PLAYER_1'[39m,
  isFinished: [33mfalse[39m,
  config: {},
  startedAt: [32m'2026-03-08T10:12:51.720Z'[39m
}

[90mstdout[2m | src/pages/__tests__/ScoreboardV2.test.tsx[2m > [22m[2mScoreboardV2 - Button Alignment Based on Server[2m > [22m[2mupdates button alignment when server changes after point
[22m[39m[ScoreboardV2] Iniciando carregamento da partida test-match-id
[ScoreboardV2] Buscando estado atualizado do backend para test-match-id

 [32mÔ£ô[39m tests/GestorDashboard.test.tsx [2m([22m[2m25 tests[22m[2m)[22m[33m 5558[2mms[22m[39m
       [33m[2mÔ£ô[22m[39m exibe bot├úo Cadastrar Atleta/T├®cnico na aba Membros [33m 1283[2mms[22m[39m
       [33m[2mÔ£ô[22m[39m abre AddAthleteModal ao clicar no bot├úo Cadastrar Atleta/T├®cnico [33m 562[2mms[22m[39m
       [33m[2mÔ£ô[22m[39m exibe globalId formatado [XXXXXXXX] para membro com athleteProfile [33m 394[2mms[22m[39m
       [33m[2mÔ£ô[22m[39m exibe 'sem conta' para atleta convidado (isGuest=true, email=null) [33m 365[2mms[22m[39m
       [33m[2mÔ£ô[22m[39m exibe bot├úo Atualizar na aba Partidas [33m 661[2mms[22m[39m
       [33m[2mÔ£ô[22m[39m bot├úo Atualizar chama endpoint de stats novamente [33m 401[2mms[22m[39m
       [33m[2mÔ£ô[22m[39m exibe bot├úo Nova Partida na aba Partidas [33m 307[2mms[22m[39m
[90mstdout[2m | src/pages/__tests__/ScoreboardV2.test.tsx[2m > [22m[2mScoreboardV2 - Button Alignment Based on Server[2m > [22m[2mupdates button alignment when server changes after point
[22m[39m[ScoreboardV2] Dados da partida carregados: {
  id: [32m'test-match-id'[39m,
  sportType: [32m'T├¬nis'[39m,
  format: [32m'BEST_OF_3'[39m,
  players: { p1: [32m'Jogador 1'[39m, p2: [32m'Jogador 2'[39m },
  status: [32m'IN_PROGRESS'[39m,
  matchState: {
    sets: { PLAYER_1: [33m0[39m, PLAYER_2: [33m0[39m },
    currentSet: [33m1[39m,
    currentSetState: { games: [36m[Object][39m },
    currentGame: { points: [36m[Object][39m, server: [32m'PLAYER_1'[39m, isTiebreak: [33mfalse[39m },
    server: [32m'PLAYER_1'[39m,
    isFinished: [33mfalse[39m,
    config: {},
    startedAt: [32m'2026-03-08T10:12:51.720Z'[39m
  }
}
[ScoreboardV2] Retomando partida com estado: {
  sets: { PLAYER_1: [33m0[39m, PLAYER_2: [33m0[39m },
  currentSet: [33m1[39m,
  currentSetState: { games: { PLAYER_1: [33m0[39m, PLAYER_2: [33m0[39m } },
  currentGame: {
    points: { PLAYER_1: [32m'0'[39m, PLAYER_2: [32m'0'[39m },
    server: [32m'PLAYER_1'[39m,
    isTiebreak: [33mfalse[39m
  },
  server: [32m'PLAYER_1'[39m,
  isFinished: [33mfalse[39m,
  config: {},
  startedAt: [32m'2026-03-08T10:12:51.720Z'[39m
}

[90mstdout[2m | src/pages/__tests__/ScoreboardV2.test.tsx[2m > [22m[2mScoreboardV2 - Button Alignment Based on Server[2m > [22m[2mupdates button alignment when server changes after point
[22m[39m[ScoreboardV2] Iniciando carregamento da partida test-match-id
[ScoreboardV2] Buscando estado atualizado do backend para test-match-id

[90mstdout[2m | src/pages/__tests__/ScoreboardV2.test.tsx[2m > [22m[2mScoreboardV2 - Button Alignment Based on Server[2m > [22m[2mupdates button alignment when server changes after point
[22m[39m[ScoreboardV2] Dados da partida carregados: {
  id: [32m'test-match-id'[39m,
  sportType: [32m'T├¬nis'[39m,
  format: [32m'BEST_OF_3'[39m,
  players: { p1: [32m'Jogador 1'[39m, p2: [32m'Jogador 2'[39m },
  status: [32m'IN_PROGRESS'[39m,
  matchState: {
    sets: { PLAYER_1: [33m0[39m, PLAYER_2: [33m0[39m },
    currentSet: [33m1[39m,
    currentSetState: { games: [36m[Object][39m },
    currentGame: { points: [36m[Object][39m, server: [32m'PLAYER_1'[39m, isTiebreak: [33mfalse[39m },
    server: [32m'PLAYER_1'[39m,
    isFinished: [33mfalse[39m,
    config: {},
    startedAt: [32m'2026-03-08T10:12:51.720Z'[39m
  }
}
[ScoreboardV2] Retomando partida com estado: {
  sets: { PLAYER_1: [33m0[39m, PLAYER_2: [33m0[39m },
  currentSet: [33m1[39m,
  currentSetState: { games: { PLAYER_1: [33m0[39m, PLAYER_2: [33m0[39m } },
  currentGame: {
    points: { PLAYER_1: [32m'0'[39m, PLAYER_2: [32m'0'[39m },
    server: [32m'PLAYER_1'[39m,
    isTiebreak: [33mfalse[39m
  },
  server: [32m'PLAYER_1'[39m,
  isFinished: [33mfalse[39m,
  config: {},
  startedAt: [32m'2026-03-08T10:12:51.720Z'[39m
}

[90mstdout[2m | src/pages/__tests__/ScoreboardV2.server-effect.test.tsx[2m > [22m[2mScoreboardV2 - ServerEffect Integration[2m > [22m[2mConfirma├º├úo de pontos[2m > [22m[2mmarca ponto de Ace com detalhes do ServerEffect
[22m[39m[ScoreboardV2] Iniciando carregamento da partida test-match-id
[ScoreboardV2] Buscando estado atualizado do backend para test-match-id

[90mstdout[2m | src/pages/__tests__/ScoreboardV2.server-effect.test.tsx[2m > [22m[2mScoreboardV2 - ServerEffect Integration[2m > [22m[2mConfirma├º├úo de pontos[2m > [22m[2mmarca ponto de Ace com detalhes do ServerEffect
[22m[39m[ScoreboardV2] Dados da partida carregados: {
  id: [32m'test-match-id'[39m,
  sportType: [32m'T├¬nis'[39m,
  format: [32m'BEST_OF_3'[39m,
  players: { p1: [32m'Player 1'[39m, p2: [32m'Player 2'[39m },
  status: [32m'IN_PROGRESS'[39m,
  matchState: {
    sets: { PLAYER_1: [33m0[39m, PLAYER_2: [33m0[39m },
    currentSet: [33m1[39m,
    currentSetState: { games: [36m[Object][39m },
    currentGame: { points: [36m[Object][39m, server: [32m'PLAYER_1'[39m, isTiebreak: [33mfalse[39m },
    server: [32m'PLAYER_1'[39m,
    isFinished: [33mfalse[39m,
    config: {},
    startedAt: [32m'2026-03-08T10:12:51.721Z'[39m
  }
}
[ScoreboardV2] Retomando partida com estado: {
  sets: { PLAYER_1: [33m0[39m, PLAYER_2: [33m0[39m },
  currentSet: [33m1[39m,
  currentSetState: { games: { PLAYER_1: [33m0[39m, PLAYER_2: [33m0[39m } },
  currentGame: {
    points: { PLAYER_1: [32m'0'[39m, PLAYER_2: [32m'0'[39m },
    server: [32m'PLAYER_1'[39m,
    isTiebreak: [33mfalse[39m
  },
  server: [32m'PLAYER_1'[39m,
  isFinished: [33mfalse[39m,
  config: {},
  startedAt: [32m'2026-03-08T10:12:51.721Z'[39m
}

[90mstdout[2m | src/pages/__tests__/ScoreboardV2.server-effect.test.tsx[2m > [22m[2mScoreboardV2 - ServerEffect Integration[2m > [22m[2mConfirma├º├úo de pontos[2m > [22m[2mmarca ponto de Ace com detalhes do ServerEffect
[22m[39m[ScoreboardV2] Adicionando ponto para PLAYER_1 {
  serve: {
    type: [32m'ACE'[39m,
    isFirstServe: [33mtrue[39m,
    serveEffect: [32m'TopSpin'[39m,
    direction: [32m'Centro'[39m
  },
  result: { winner: [32m'PLAYER_1'[39m, type: [32m'WINNER'[39m },
  rally: { ballExchanges: [33m1[39m }
}
[ScoreboardV2] Reset de serveStep para none (j├í estava none)
[ScoreboardV2] Ponto registrado em mem├│ria para PLAYER_1

[90mstdout[2m | src/pages/__tests__/ScoreboardV2.server-effect.test.tsx[2m > [22m[2mScoreboardV2 - ServerEffect Integration[2m > [22m[2mConfirma├º├úo de pontos[2m > [22m[2mmarca ponto de Ace no 2┬║ saque corretamente para o sacador
[22m[39m[ScoreboardV2] Iniciando carregamento da partida test-match-id
[ScoreboardV2] Buscando estado atualizado do backend para test-match-id

[90mstdout[2m | src/pages/__tests__/ScoreboardV2.server-effect.test.tsx[2m > [22m[2mScoreboardV2 - ServerEffect Integration[2m > [22m[2mConfirma├º├úo de pontos[2m > [22m[2mmarca ponto de Ace no 2┬║ saque corretamente para o sacador
[22m[39m[ScoreboardV2] Dados da partida carregados: {
  id: [32m'test-match-id'[39m,
  sportType: [32m'T├¬nis'[39m,
  format: [32m'BEST_OF_3'[39m,
  players: { p1: [32m'Player 1'[39m, p2: [32m'Player 2'[39m },
  status: [32m'IN_PROGRESS'[39m,
  matchState: {
    sets: { PLAYER_1: [33m0[39m, PLAYER_2: [33m0[39m },
    currentSet: [33m1[39m,
    currentSetState: { games: [36m[Object][39m },
    currentGame: { points: [36m[Object][39m, server: [32m'PLAYER_1'[39m, isTiebreak: [33mfalse[39m },
    server: [32m'PLAYER_1'[39m,
    isFinished: [33mfalse[39m,
    config: {},
    startedAt: [32m'2026-03-08T10:12:51.721Z'[39m
  }
}
[ScoreboardV2] Retomando partida com estado: {
  sets: { PLAYER_1: [33m0[39m, PLAYER_2: [33m0[39m },
  currentSet: [33m1[39m,
  currentSetState: { games: { PLAYER_1: [33m0[39m, PLAYER_2: [33m0[39m } },
  currentGame: {
    points: { PLAYER_1: [32m'0'[39m, PLAYER_2: [32m'0'[39m },
    server: [32m'PLAYER_1'[39m,
    isTiebreak: [33mfalse[39m
  },
  server: [32m'PLAYER_1'[39m,
  isFinished: [33mfalse[39m,
  config: {},
  startedAt: [32m'2026-03-08T10:12:51.721Z'[39m
}

[90mstdout[2m | src/pages/__tests__/ScoreboardV2.test.tsx[2m > [22m[2mScoreboardV2 - Button Alignment Based on Server[2m > [22m[2mupdates button alignment when server changes after point
[22m[39m[ScoreboardV2] Iniciando carregamento da partida test-match-id
[ScoreboardV2] Buscando estado atualizado do backend para test-match-id

[90mstdout[2m | src/pages/__tests__/ScoreboardV2.test.tsx[2m > [22m[2mScoreboardV2 - Button Alignment Based on Server[2m > [22m[2mupdates button alignment when server changes after point
[22m[39m[ScoreboardV2] Dados da partida carregados: {
  id: [32m'test-match-id'[39m,
  sportType: [32m'T├¬nis'[39m,
  format: [32m'BEST_OF_3'[39m,
  players: { p1: [32m'Jogador 1'[39m, p2: [32m'Jogador 2'[39m },
  status: [32m'IN_PROGRESS'[39m,
  matchState: {
    sets: { PLAYER_1: [33m0[39m, PLAYER_2: [33m0[39m },
    currentSet: [33m1[39m,
    currentSetState: { games: [36m[Object][39m },
    currentGame: { points: [36m[Object][39m, server: [32m'PLAYER_1'[39m, isTiebreak: [33mfalse[39m },
    server: [32m'PLAYER_1'[39m,
    isFinished: [33mfalse[39m,
    config: {},
    startedAt: [32m'2026-03-08T10:12:51.720Z'[39m
  }
}
[ScoreboardV2] Retomando partida com estado: {
  sets: { PLAYER_1: [33m0[39m, PLAYER_2: [33m0[39m },
  currentSet: [33m1[39m,
  currentSetState: { games: { PLAYER_1: [33m0[39m, PLAYER_2: [33m0[39m } },
  currentGame: {
    points: { PLAYER_1: [32m'0'[39m, PLAYER_2: [32m'0'[39m },
    server: [32m'PLAYER_1'[39m,
    isTiebreak: [33mfalse[39m
  },
  server: [32m'PLAYER_1'[39m,
  isFinished: [33mfalse[39m,
  config: {},
  startedAt: [32m'2026-03-08T10:12:51.720Z'[39m
}

[90mstdout[2m | src/pages/__tests__/ScoreboardV2.server-effect.test.tsx[2m > [22m[2mScoreboardV2 - ServerEffect Integration[2m > [22m[2mConfirma├º├úo de pontos[2m > [22m[2mmarca ponto de dupla falta automaticamente sem modal
[22m[39m[ScoreboardV2] Iniciando carregamento da partida test-match-id
[ScoreboardV2] Buscando estado atualizado do backend para test-match-id

[90mstdout[2m | src/pages/__tests__/ScoreboardV2.server-effect.test.tsx[2m > [22m[2mScoreboardV2 - ServerEffect Integration[2m > [22m[2mConfirma├º├úo de pontos[2m > [22m[2mmarca ponto de dupla falta automaticamente sem modal
[22m[39m[ScoreboardV2] Dados da partida carregados: {
  id: [32m'test-match-id'[39m,
  sportType: [32m'T├¬nis'[39m,
  format: [32m'BEST_OF_3'[39m,
  players: { p1: [32m'Player 1'[39m, p2: [32m'Player 2'[39m },
  status: [32m'IN_PROGRESS'[39m,
  matchState: {
    sets: { PLAYER_1: [33m0[39m, PLAYER_2: [33m0[39m },
    currentSet: [33m1[39m,
    currentSetState: { games: [36m[Object][39m },
    currentGame: { points: [36m[Object][39m, server: [32m'PLAYER_1'[39m, isTiebreak: [33mfalse[39m },
    server: [32m'PLAYER_1'[39m,
    isFinished: [33mfalse[39m,
    config: {},
    startedAt: [32m'2026-03-08T10:12:51.721Z'[39m
  }
}
[ScoreboardV2] Retomando partida com estado: {
  sets: { PLAYER_1: [33m0[39m, PLAYER_2: [33m0[39m },
  currentSet: [33m1[39m,
  currentSetState: { games: { PLAYER_1: [33m0[39m, PLAYER_2: [33m0[39m } },
  currentGame: {
    points: { PLAYER_1: [32m'0'[39m, PLAYER_2: [32m'0'[39m },
    server: [32m'PLAYER_1'[39m,
    isTiebreak: [33mfalse[39m
  },
  server: [32m'PLAYER_1'[39m,
  isFinished: [33mfalse[39m,
  config: {},
  startedAt: [32m'2026-03-08T10:12:51.721Z'[39m
}

[90mstdout[2m | src/pages/__tests__/ScoreboardV2.test.tsx[2m > [22m[2mScoreboardV2 - Button Alignment Based on Server[2m > [22m[2mScoreboardV2 - Server Alternation and isFirstServe Registration[2m > [22m[2mregisters isFirstServe correctly for points on first serve
[22m[39m[ScoreboardV2] Iniciando carregamento da partida test-match-id
[ScoreboardV2] Buscando estado atualizado do backend para test-match-id

[90mstdout[2m | src/pages/__tests__/ScoreboardV2.test.tsx[2m > [22m[2mScoreboardV2 - Button Alignment Based on Server[2m > [22m[2mScoreboardV2 - Server Alternation and isFirstServe Registration[2m > [22m[2mregisters isFirstServe correctly for points on first serve
[22m[39m[ScoreboardV2] Dados da partida carregados: {
  id: [32m'test-match-id'[39m,
  sportType: [32m'T├¬nis'[39m,
  format: [32m'BEST_OF_3'[39m,
  players: { p1: [32m'Jogador 1'[39m, p2: [32m'Jogador 2'[39m },
  status: [32m'IN_PROGRESS'[39m,
  matchState: {
    sets: { PLAYER_1: [33m0[39m, PLAYER_2: [33m0[39m },
    currentSet: [33m1[39m,
    currentSetState: { games: [36m[Object][39m },
    currentGame: { points: [36m[Object][39m, server: [32m'PLAYER_1'[39m, isTiebreak: [33mfalse[39m },
    server: [32m'PLAYER_1'[39m,
    isFinished: [33mfalse[39m,
    config: {},
    startedAt: [32m'2026-03-08T10:12:51.720Z'[39m
  }
}
[ScoreboardV2] Retomando partida com estado: {
  sets: { PLAYER_1: [33m0[39m, PLAYER_2: [33m0[39m },
  currentSet: [33m1[39m,
  currentSetState: { games: { PLAYER_1: [33m0[39m, PLAYER_2: [33m0[39m } },
  currentGame: {
    points: { PLAYER_1: [32m'0'[39m, PLAYER_2: [32m'0'[39m },
    server: [32m'PLAYER_1'[39m,
    isTiebreak: [33mfalse[39m
  },
  server: [32m'PLAYER_1'[39m,
  isFinished: [33mfalse[39m,
  config: {},
  startedAt: [32m'2026-03-08T10:12:51.720Z'[39m
}

[90mstdout[2m | src/pages/__tests__/ScoreboardV2.test.tsx[2m > [22m[2mScoreboardV2 - Button Alignment Based on Server[2m > [22m[2mScoreboardV2 - Server Alternation and isFirstServe Registration[2m > [22m[2mregisters isFirstServe correctly for points on first serve
[22m[39m[ScoreboardV2] Adicionando ponto para PLAYER_2 {
  serve: { isFirstServe: [33mtrue[39m, type: [32m'SERVICE_WINNER'[39m },
  result: { winner: [32m'PLAYER_2'[39m, type: [32m'WINNER'[39m },
  rally: { ballExchanges: [33m1[39m }
}
[ScoreboardV2] Reset de serveStep para none (j├í estava none)
[ScoreboardV2] Ponto registrado em mem├│ria para PLAYER_2

[90mstdout[2m | src/pages/__tests__/ScoreboardV2.test.tsx[2m > [22m[2mScoreboardV2 - Button Alignment Based on Server[2m > [22m[2mScoreboardV2 - Server Alternation and isFirstServe Registration[2m > [22m[2mregisters isFirstServe correctly for points on second serve
[22m[39m[ScoreboardV2] Iniciando carregamento da partida test-match-id
[ScoreboardV2] Buscando estado atualizado do backend para test-match-id

[90mstdout[2m | src/pages/__tests__/ScoreboardV2.test.tsx[2m > [22m[2mScoreboardV2 - Button Alignment Based on Server[2m > [22m[2mScoreboardV2 - Server Alternation and isFirstServe Registration[2m > [22m[2mregisters isFirstServe correctly for points on second serve
[22m[39m[ScoreboardV2] Dados da partida carregados: {
  id: [32m'test-match-id'[39m,
  sportType: [32m'T├¬nis'[39m,
  format: [32m'BEST_OF_3'[39m,
  players: { p1: [32m'Jogador 1'[39m, p2: [32m'Jogador 2'[39m },
  status: [32m'IN_PROGRESS'[39m,
  matchState: {
    sets: { PLAYER_1: [33m0[39m, PLAYER_2: [33m0[39m },
    currentSet: [33m1[39m,
    currentSetState: { games: [36m[Object][39m },
    currentGame: { points: [36m[Object][39m, server: [32m'PLAYER_1'[39m, isTiebreak: [33mfalse[39m },
    server: [32m'PLAYER_1'[39m,
    isFinished: [33mfalse[39m,
    config: {},
    startedAt: [32m'2026-03-08T10:12:51.720Z'[39m
  }
}
[ScoreboardV2] Retomando partida com estado: {
  sets: { PLAYER_1: [33m0[39m, PLAYER_2: [33m0[39m },
  currentSet: [33m1[39m,
  currentSetState: { games: { PLAYER_1: [33m0[39m, PLAYER_2: [33m0[39m } },
  currentGame: {
    points: { PLAYER_1: [32m'0'[39m, PLAYER_2: [32m'0'[39m },
    server: [32m'PLAYER_1'[39m,
    isTiebreak: [33mfalse[39m
  },
  server: [32m'PLAYER_1'[39m,
  isFinished: [33mfalse[39m,
  config: {},
  startedAt: [32m'2026-03-08T10:12:51.720Z'[39m
}

[90mstdout[2m | src/pages/__tests__/ScoreboardV2.test.tsx[2m > [22m[2mScoreboardV2 - Button Alignment Based on Server[2m > [22m[2mScoreboardV2 - Server Alternation and isFirstServe Registration[2m > [22m[2mregisters isFirstServe correctly for points on second serve
[22m[39m[ScoreboardV2] Adicionando ponto para PLAYER_2 {
  serve: {
    isFirstServe: [33mfalse[39m,
    type: [32m'SERVICE_WINNER'[39m,
    firstFault: { errorType: [32m'out'[39m, serveEffect: [32m'TopSpin'[39m, direction: [32m'Fechado'[39m }
  },
  result: { winner: [32m'PLAYER_2'[39m, type: [32m'WINNER'[39m },
  rally: { ballExchanges: [33m1[39m }
}
[ScoreboardV2] Ponto registrado em mem├│ria para PLAYER_2

[90mstdout[2m | src/pages/__tests__/ScoreboardV2.test.tsx[2m > [22m[2mScoreboardV2 - Button Alignment Based on Server[2m > [22m[2mScoreboardV2 - Server Alternation and isFirstServe Registration[2m > [22m[2malternates server correctly when returner wins point on first serve
[22m[39m[ScoreboardV2] Iniciando carregamento da partida test-match-id
[ScoreboardV2] Buscando estado atualizado do backend para test-match-id

[90mstdout[2m | src/pages/__tests__/ScoreboardV2.test.tsx[2m > [22m[2mScoreboardV2 - Button Alignment Based on Server[2m > [22m[2mScoreboardV2 - Server Alternation and isFirstServe Registration[2m > [22m[2malternates server correctly when returner wins point on first serve
[22m[39m[ScoreboardV2] Dados da partida carregados: {
  id: [32m'test-match-id'[39m,
  sportType: [32m'T├¬nis'[39m,
  format: [32m'BEST_OF_3'[39m,
  players: { p1: [32m'Jogador 1'[39m, p2: [32m'Jogador 2'[39m },
  status: [32m'IN_PROGRESS'[39m,
  matchState: {
    sets: { PLAYER_1: [33m0[39m, PLAYER_2: [33m0[39m },
    currentSet: [33m1[39m,
    currentSetState: { games: [36m[Object][39m },
    currentGame: { points: [36m[Object][39m, server: [32m'PLAYER_1'[39m, isTiebreak: [33mfalse[39m },
    server: [32m'PLAYER_1'[39m,
    isFinished: [33mfalse[39m,
    config: {},
    startedAt: [32m'2026-03-08T10:12:51.720Z'[39m
  }
}
[ScoreboardV2] Retomando partida com estado: {
  sets: { PLAYER_1: [33m0[39m, PLAYER_2: [33m0[39m },
  currentSet: [33m1[39m,
  currentSetState: { games: { PLAYER_1: [33m0[39m, PLAYER_2: [33m0[39m } },
  currentGame: {
    points: { PLAYER_1: [32m'0'[39m, PLAYER_2: [32m'0'[39m },
    server: [32m'PLAYER_1'[39m,
    isTiebreak: [33mfalse[39m
  },
  server: [32m'PLAYER_1'[39m,
  isFinished: [33mfalse[39m,
  config: {},
  startedAt: [32m'2026-03-08T10:12:51.720Z'[39m
}

[90mstdout[2m | src/pages/__tests__/ScoreboardV2.test.tsx[2m > [22m[2mScoreboardV2 - Button Alignment Based on Server[2m > [22m[2mScoreboardV2 - Server Alternation and isFirstServe Registration[2m > [22m[2malternates server correctly when returner wins point on first serve
[22m[39m[ScoreboardV2] Adicionando ponto para PLAYER_2 {
  serve: { isFirstServe: [33mtrue[39m, type: [32m'SERVICE_WINNER'[39m },
  result: { winner: [32m'PLAYER_2'[39m, type: [32m'WINNER'[39m },
  rally: { ballExchanges: [33m1[39m }
}
[ScoreboardV2] Reset de serveStep para none (j├í estava none)
[ScoreboardV2] Ponto registrado em mem├│ria para PLAYER_2

[90mstdout[2m | src/pages/__tests__/ScoreboardV2.test.tsx[2m > [22m[2mScoreboardV2 - Button Alignment Based on Server[2m > [22m[2mScoreboardV2 - Server Alternation and isFirstServe Registration[2m > [22m[2malternates server correctly when returner wins point on first serve
[22m[39m[ScoreboardV2] Iniciando carregamento da partida test-match-id
[ScoreboardV2] Buscando estado atualizado do backend para test-match-id

[90mstdout[2m | src/pages/__tests__/ScoreboardV2.test.tsx[2m > [22m[2mScoreboardV2 - Button Alignment Based on Server[2m > [22m[2mScoreboardV2 - Server Alternation and isFirstServe Registration[2m > [22m[2malternates server correctly when returner wins point on first serve
[22m[39m[ScoreboardV2] Dados da partida carregados: {
  id: [32m'test-match-id'[39m,
  sportType: [32m'T├¬nis'[39m,
  format: [32m'BEST_OF_3'[39m,
  players: { p1: [32m'Jogador 1'[39m, p2: [32m'Jogador 2'[39m },
  status: [32m'IN_PROGRESS'[39m,
  matchState: {
    sets: { PLAYER_1: [33m0[39m, PLAYER_2: [33m0[39m },
    currentSet: [33m1[39m,
    currentSetState: { games: [36m[Object][39m },
    currentGame: { points: [36m[Object][39m, server: [32m'PLAYER_1'[39m, isTiebreak: [33mfalse[39m },
    server: [32m'PLAYER_1'[39m,
    isFinished: [33mfalse[39m,
    config: {},
    startedAt: [32m'2026-03-08T10:12:51.720Z'[39m
  }
}
[ScoreboardV2] Retomando partida com estado: {
  sets: { PLAYER_1: [33m0[39m, PLAYER_2: [33m0[39m },
  currentSet: [33m1[39m,
  currentSetState: { games: { PLAYER_1: [33m0[39m, PLAYER_2: [33m0[39m } },
  currentGame: {
    points: { PLAYER_1: [32m'0'[39m, PLAYER_2: [32m'0'[39m },
    server: [32m'PLAYER_1'[39m,
    isTiebreak: [33mfalse[39m
  },
  server: [32m'PLAYER_1'[39m,
  isFinished: [33mfalse[39m,
  config: {},
  startedAt: [32m'2026-03-08T10:12:51.720Z'[39m
}

[90mstdout[2m | src/pages/__tests__/ScoreboardV2.test.tsx[2m > [22m[2mScoreboardV2 - Button Alignment Based on Server[2m > [22m[2mScoreboardV2 - Server Alternation and isFirstServe Registration[2m > [22m[2mmaintains isFirstServe consistency in point button clicks
[22m[39m[ScoreboardV2] Iniciando carregamento da partida test-match-id
[ScoreboardV2] Buscando estado atualizado do backend para test-match-id

[90mstdout[2m | src/pages/__tests__/ScoreboardV2.test.tsx[2m > [22m[2mScoreboardV2 - Button Alignment Based on Server[2m > [22m[2mScoreboardV2 - Server Alternation and isFirstServe Registration[2m > [22m[2mmaintains isFirstServe consistency in point button clicks
[22m[39m[ScoreboardV2] Dados da partida carregados: {
  id: [32m'test-match-id'[39m,
  sportType: [32m'T├¬nis'[39m,
  format: [32m'BEST_OF_3'[39m,
  players: { p1: [32m'Jogador 1'[39m, p2: [32m'Jogador 2'[39m },
  status: [32m'IN_PROGRESS'[39m,
  matchState: {
    sets: { PLAYER_1: [33m0[39m, PLAYER_2: [33m0[39m },
    currentSet: [33m1[39m,
    currentSetState: { games: [36m[Object][39m },
    currentGame: { points: [36m[Object][39m, server: [32m'PLAYER_1'[39m, isTiebreak: [33mfalse[39m },
    server: [32m'PLAYER_1'[39m,
    isFinished: [33mfalse[39m,
    config: {},
    startedAt: [32m'2026-03-08T10:12:51.720Z'[39m
  }
}
[ScoreboardV2] Retomando partida com estado: {
  sets: { PLAYER_1: [33m0[39m, PLAYER_2: [33m0[39m },
  currentSet: [33m1[39m,
  currentSetState: { games: { PLAYER_1: [33m0[39m, PLAYER_2: [33m0[39m } },
  currentGame: {
    points: { PLAYER_1: [32m'0'[39m, PLAYER_2: [32m'0'[39m },
    server: [32m'PLAYER_1'[39m,
    isTiebreak: [33mfalse[39m
  },
  server: [32m'PLAYER_1'[39m,
  isFinished: [33mfalse[39m,
  config: {},
  startedAt: [32m'2026-03-08T10:12:51.720Z'[39m
}

[90mstdout[2m | src/pages/__tests__/ScoreboardV2.test.tsx[2m > [22m[2mScoreboardV2 - Button Alignment Based on Server[2m > [22m[2mScoreboardV2 - Server Alternation and isFirstServe Registration[2m > [22m[2mmaintains isFirstServe consistency in point button clicks
[22m[39m[ScoreboardV2] Adicionando ponto para PLAYER_1 {
  serve: { isFirstServe: [33mtrue[39m, type: [32m'SERVICE_WINNER'[39m },
  result: { winner: [32m'PLAYER_1'[39m, type: [32m'WINNER'[39m },
  rally: { ballExchanges: [33m1[39m }
}
[ScoreboardV2] Reset de serveStep para none (j├í estava none)
[ScoreboardV2] Ponto registrado em mem├│ria para PLAYER_1

[90mstdout[2m | src/pages/__tests__/ScoreboardV2.test.tsx[2m > [22m[2mScoreboardV2 - Button Alignment Based on Server[2m > [22m[2mScoreboardV2 - Server Alternation and isFirstServe Registration[2m > [22m[2mmaintains isFirstServe consistency for second serve point buttons
[22m[39m[ScoreboardV2] Iniciando carregamento da partida test-match-id
[ScoreboardV2] Buscando estado atualizado do backend para test-match-id

[90mstdout[2m | src/pages/__tests__/ScoreboardV2.test.tsx[2m > [22m[2mScoreboardV2 - Button Alignment Based on Server[2m > [22m[2mScoreboardV2 - Server Alternation and isFirstServe Registration[2m > [22m[2mmaintains isFirstServe consistency for second serve point buttons
[22m[39m[ScoreboardV2] Dados da partida carregados: {
  id: [32m'test-match-id'[39m,
  sportType: [32m'T├¬nis'[39m,
  format: [32m'BEST_OF_3'[39m,
  players: { p1: [32m'Jogador 1'[39m, p2: [32m'Jogador 2'[39m },
  status: [32m'IN_PROGRESS'[39m,
  matchState: {
    sets: { PLAYER_1: [33m0[39m, PLAYER_2: [33m0[39m },
    currentSet: [33m1[39m,
    currentSetState: { games: [36m[Object][39m },
    currentGame: { points: [36m[Object][39m, server: [32m'PLAYER_1'[39m, isTiebreak: [33mfalse[39m },
    server: [32m'PLAYER_1'[39m,
    isFinished: [33mfalse[39m,
    config: {},
    startedAt: [32m'2026-03-08T10:12:51.720Z'[39m
  }
}
[ScoreboardV2] Retomando partida com estado: {
  sets: { PLAYER_1: [33m0[39m, PLAYER_2: [33m0[39m },
  currentSet: [33m1[39m,
  currentSetState: { games: { PLAYER_1: [33m0[39m, PLAYER_2: [33m0[39m } },
  currentGame: {
    points: { PLAYER_1: [32m'0'[39m, PLAYER_2: [32m'0'[39m },
    server: [32m'PLAYER_1'[39m,
    isTiebreak: [33mfalse[39m
  },
  server: [32m'PLAYER_1'[39m,
  isFinished: [33mfalse[39m,
  config: {},
  startedAt: [32m'2026-03-08T10:12:51.720Z'[39m
}

[90mstdout[2m | src/pages/__tests__/ScoreboardV2.server-effect.test.tsx[2m > [22m[2mScoreboardV2 - ServerEffect Integration[2m > [22m[2mFluxo de Erro de Saque (Out/Net)[2m > [22m[2mabre modal de erro ao clicar em Out no 1┬║ saque
[22m[39m[ScoreboardV2] Iniciando carregamento da partida test-match-id
[ScoreboardV2] Buscando estado atualizado do backend para test-match-id

[90mstdout[2m | src/pages/__tests__/ScoreboardV2.server-effect.test.tsx[2m > [22m[2mScoreboardV2 - ServerEffect Integration[2m > [22m[2mFluxo de Erro de Saque (Out/Net)[2m > [22m[2mabre modal de erro ao clicar em Out no 1┬║ saque
[22m[39m[ScoreboardV2] Dados da partida carregados: {
  id: [32m'test-match-id'[39m,
  sportType: [32m'T├¬nis'[39m,
  format: [32m'BEST_OF_3'[39m,
  players: { p1: [32m'Player 1'[39m, p2: [32m'Player 2'[39m },
  status: [32m'IN_PROGRESS'[39m,
  matchState: {
    sets: { PLAYER_1: [33m0[39m, PLAYER_2: [33m0[39m },
    currentSet: [33m1[39m,
    currentSetState: { games: [36m[Object][39m },
    currentGame: { points: [36m[Object][39m, server: [32m'PLAYER_1'[39m, isTiebreak: [33mfalse[39m },
    server: [32m'PLAYER_1'[39m,
    isFinished: [33mfalse[39m,
    config: {},
    startedAt: [32m'2026-03-08T10:12:51.721Z'[39m
  }
}
[ScoreboardV2] Retomando partida com estado: {
  sets: { PLAYER_1: [33m0[39m, PLAYER_2: [33m0[39m },
  currentSet: [33m1[39m,
  currentSetState: { games: { PLAYER_1: [33m0[39m, PLAYER_2: [33m0[39m } },
  currentGame: {
    points: { PLAYER_1: [32m'0'[39m, PLAYER_2: [32m'0'[39m },
    server: [32m'PLAYER_1'[39m,
    isTiebreak: [33mfalse[39m
  },
  server: [32m'PLAYER_1'[39m,
  isFinished: [33mfalse[39m,
  config: {},
  startedAt: [32m'2026-03-08T10:12:51.721Z'[39m
}

[90mstdout[2m | src/pages/__tests__/ScoreboardV2.test.tsx[2m > [22m[2mScoreboardV2 - Button Alignment Based on Server[2m > [22m[2mScoreboardV2 - Server Alternation and isFirstServe Registration[2m > [22m[2mmaintains isFirstServe consistency for second serve point buttons
[22m[39m[ScoreboardV2] Adicionando ponto para PLAYER_1 {
  serve: { isFirstServe: [33mtrue[39m, type: [32m'SERVICE_WINNER'[39m },
  result: { winner: [32m'PLAYER_1'[39m, type: [32m'WINNER'[39m },
  rally: { ballExchanges: [33m1[39m }
}
[ScoreboardV2] Reset de serveStep para none (j├í estava none)
[ScoreboardV2] Ponto registrado em mem├│ria para PLAYER_1

[90mstdout[2m | src/pages/__tests__/ScoreboardV2.server-effect.test.tsx[2m > [22m[2mScoreboardV2 - ServerEffect Integration[2m > [22m[2mFluxo de Erro de Saque (Out/Net)[2m > [22m[2mabre modal de erro ao clicar em Net no 1┬║ saque
[22m[39m[ScoreboardV2] Iniciando carregamento da partida test-match-id
[ScoreboardV2] Buscando estado atualizado do backend para test-match-id

[90mstdout[2m | src/pages/__tests__/ScoreboardV2.server-effect.test.tsx[2m > [22m[2mScoreboardV2 - ServerEffect Integration[2m > [22m[2mFluxo de Erro de Saque (Out/Net)[2m > [22m[2mabre modal de erro ao clicar em Net no 1┬║ saque
[22m[39m[ScoreboardV2] Dados da partida carregados: {
  id: [32m'test-match-id'[39m,
  sportType: [32m'T├¬nis'[39m,
  format: [32m'BEST_OF_3'[39m,
  players: { p1: [32m'Player 1'[39m, p2: [32m'Player 2'[39m },
  status: [32m'IN_PROGRESS'[39m,
  matchState: {
    sets: { PLAYER_1: [33m0[39m, PLAYER_2: [33m0[39m },
    currentSet: [33m1[39m,
    currentSetState: { games: [36m[Object][39m },
    currentGame: { points: [36m[Object][39m, server: [32m'PLAYER_1'[39m, isTiebreak: [33mfalse[39m },
    server: [32m'PLAYER_1'[39m,
    isFinished: [33mfalse[39m,
    config: {},
    startedAt: [32m'2026-03-08T10:12:51.721Z'[39m
  }
}
[ScoreboardV2] Retomando partida com estado: {
  sets: { PLAYER_1: [33m0[39m, PLAYER_2: [33m0[39m },
  currentSet: [33m1[39m,
  currentSetState: { games: { PLAYER_1: [33m0[39m, PLAYER_2: [33m0[39m } },
  currentGame: {
    points: { PLAYER_1: [32m'0'[39m, PLAYER_2: [32m'0'[39m },
    server: [32m'PLAYER_1'[39m,
    isTiebreak: [33mfalse[39m
  },
  server: [32m'PLAYER_1'[39m,
  isFinished: [33mfalse[39m,
  config: {},
  startedAt: [32m'2026-03-08T10:12:51.721Z'[39m
}

[90mstdout[2m | src/pages/__tests__/ScoreboardV2.server-effect.test.tsx[2m > [22m[2mScoreboardV2 - ServerEffect Integration[2m > [22m[2mFluxo de Erro de Saque (Out/Net)[2m > [22m[2msalva erro do 1┬║ saque e permite continuar para 2┬║ saque
[22m[39m[ScoreboardV2] Iniciando carregamento da partida test-match-id
[ScoreboardV2] Buscando estado atualizado do backend para test-match-id

[90mstdout[2m | src/pages/__tests__/ScoreboardV2.server-effect.test.tsx[2m > [22m[2mScoreboardV2 - ServerEffect Integration[2m > [22m[2mFluxo de Erro de Saque (Out/Net)[2m > [22m[2msalva erro do 1┬║ saque e permite continuar para 2┬║ saque
[22m[39m[ScoreboardV2] Dados da partida carregados: {
  id: [32m'test-match-id'[39m,
  sportType: [32m'T├¬nis'[39m,
  format: [32m'BEST_OF_3'[39m,
  players: { p1: [32m'Player 1'[39m, p2: [32m'Player 2'[39m },
  status: [32m'IN_PROGRESS'[39m,
  matchState: {
    sets: { PLAYER_1: [33m0[39m, PLAYER_2: [33m0[39m },
    currentSet: [33m1[39m,
    currentSetState: { games: [36m[Object][39m },
    currentGame: { points: [36m[Object][39m, server: [32m'PLAYER_1'[39m, isTiebreak: [33mfalse[39m },
    server: [32m'PLAYER_1'[39m,
    isFinished: [33mfalse[39m,
    config: {},
    startedAt: [32m'2026-03-08T10:12:51.721Z'[39m
  }
}
[ScoreboardV2] Retomando partida com estado: {
  sets: { PLAYER_1: [33m0[39m, PLAYER_2: [33m0[39m },
  currentSet: [33m1[39m,
  currentSetState: { games: { PLAYER_1: [33m0[39m, PLAYER_2: [33m0[39m } },
  currentGame: {
    points: { PLAYER_1: [32m'0'[39m, PLAYER_2: [32m'0'[39m },
    server: [32m'PLAYER_1'[39m,
    isTiebreak: [33mfalse[39m
  },
  server: [32m'PLAYER_1'[39m,
  isFinished: [33mfalse[39m,
  config: {},
  startedAt: [32m'2026-03-08T10:12:51.721Z'[39m
}

[90mstdout[2m | src/pages/__tests__/ScoreboardV2.server-effect.test.tsx[2m > [22m[2mScoreboardV2 - ServerEffect Integration[2m > [22m[2mFluxo de Erro de Saque (Out/Net)[2m > [22m[2mabre modal de erro ao clicar em Out no 2┬║ saque
[22m[39m[ScoreboardV2] Iniciando carregamento da partida test-match-id
[ScoreboardV2] Buscando estado atualizado do backend para test-match-id

[90mstdout[2m | src/pages/__tests__/ScoreboardV2.server-effect.test.tsx[2m > [22m[2mScoreboardV2 - ServerEffect Integration[2m > [22m[2mFluxo de Erro de Saque (Out/Net)[2m > [22m[2mabre modal de erro ao clicar em Out no 2┬║ saque
[22m[39m[ScoreboardV2] Dados da partida carregados: {
  id: [32m'test-match-id'[39m,
  sportType: [32m'T├¬nis'[39m,
  format: [32m'BEST_OF_3'[39m,
  players: { p1: [32m'Player 1'[39m, p2: [32m'Player 2'[39m },
  status: [32m'IN_PROGRESS'[39m,
  matchState: {
    sets: { PLAYER_1: [33m0[39m, PLAYER_2: [33m0[39m },
    currentSet: [33m1[39m,
    currentSetState: { games: [36m[Object][39m },
    currentGame: { points: [36m[Object][39m, server: [32m'PLAYER_1'[39m, isTiebreak: [33mfalse[39m },
    server: [32m'PLAYER_1'[39m,
    isFinished: [33mfalse[39m,
    config: {},
    startedAt: [32m'2026-03-08T10:12:51.721Z'[39m
  }
}
[ScoreboardV2] Retomando partida com estado: {
  sets: { PLAYER_1: [33m0[39m, PLAYER_2: [33m0[39m },
  currentSet: [33m1[39m,
  currentSetState: { games: { PLAYER_1: [33m0[39m, PLAYER_2: [33m0[39m } },
  currentGame: {
    points: { PLAYER_1: [32m'0'[39m, PLAYER_2: [32m'0'[39m },
    server: [32m'PLAYER_1'[39m,
    isTiebreak: [33mfalse[39m
  },
  server: [32m'PLAYER_1'[39m,
  isFinished: [33mfalse[39m,
  config: {},
  startedAt: [32m'2026-03-08T10:12:51.721Z'[39m
}

[90mstdout[2m | src/pages/__tests__/ScoreboardV2.test.tsx[2m > [22m[2mScoreboardV2 - Restaura├º├úo de Estado e Fluxos[2m > [22m[2mprioriza estado passado via navigation state
[22m[39m[ScoreboardV2] Iniciando carregamento da partida test-match-id
[ScoreboardV2] Buscando estado atualizado do backend para test-match-id

[90mstdout[2m | src/pages/__tests__/ScoreboardV2.test.tsx[2m > [22m[2mScoreboardV2 - Restaura├º├úo de Estado e Fluxos[2m > [22m[2mprioriza estado passado via navigation state
[22m[39m[ScoreboardV2] Dados da partida carregados: {
  id: [32m'test-match-id'[39m,
  sportType: [32m'T├¬nis'[39m,
  format: [32m'BEST_OF_3'[39m,
  players: { p1: [32m'Jogador 1'[39m, p2: [32m'Jogador 2'[39m },
  status: [32m'IN_PROGRESS'[39m,
  matchState: {
    sets: { PLAYER_1: [33m0[39m, PLAYER_2: [33m0[39m },
    currentSet: [33m1[39m,
    currentSetState: { games: [36m[Object][39m },
    currentGame: { points: [36m[Object][39m, server: [32m'PLAYER_1'[39m, isTiebreak: [33mfalse[39m },
    server: [32m'PLAYER_1'[39m,
    isFinished: [33mfalse[39m,
    config: {},
    startedAt: [32m'2026-03-08T10:12:51.720Z'[39m
  }
}
[ScoreboardV2] Retomando partida com estado: {
  sets: { PLAYER_1: [33m0[39m, PLAYER_2: [33m0[39m },
  currentSet: [33m1[39m,
  currentSetState: { games: { PLAYER_1: [33m0[39m, PLAYER_2: [33m0[39m } },
  currentGame: {
    points: { PLAYER_1: [32m'0'[39m, PLAYER_2: [32m'0'[39m },
    server: [32m'PLAYER_1'[39m,
    isTiebreak: [33mfalse[39m
  },
  server: [32m'PLAYER_1'[39m,
  isFinished: [33mfalse[39m,
  config: {},
  startedAt: [32m'2026-03-08T10:12:51.720Z'[39m
}

[90mstdout[2m | src/pages/__tests__/ScoreboardV2.test.tsx[2m > [22m[2mScoreboardV2 - Restaura├º├úo de Estado e Fluxos[2m > [22m[2mrestaura estado profundo do backend quando n├úo h├í navigation state
[22m[39m[ScoreboardV2] Iniciando carregamento da partida test-match-id
[ScoreboardV2] Buscando estado atualizado do backend para test-match-id

[90mstdout[2m | src/pages/__tests__/ScoreboardV2.test.tsx[2m > [22m[2mScoreboardV2 - Restaura├º├úo de Estado e Fluxos[2m > [22m[2mrestaura estado profundo do backend quando n├úo h├í navigation state
[22m[39m[ScoreboardV2] Dados da partida carregados: {
  id: [32m'test-match-id'[39m,
  sportType: [32m'T├¬nis'[39m,
  format: [32m'BEST_OF_3'[39m,
  players: { p1: [32m'Jogador 1'[39m, p2: [32m'Jogador 2'[39m },
  status: [32m'IN_PROGRESS'[39m,
  matchState: {
    sets: { PLAYER_1: [33m0[39m, PLAYER_2: [33m0[39m },
    currentSet: [33m1[39m,
    currentSetState: { games: [36m[Object][39m },
    currentGame: { points: [36m[Object][39m, server: [32m'PLAYER_1'[39m, isTiebreak: [33mfalse[39m },
    server: [32m'PLAYER_1'[39m,
    isFinished: [33mfalse[39m,
    config: {},
    startedAt: [32m'2026-03-08T10:12:51.720Z'[39m
  }
}
[ScoreboardV2] Retomando partida com estado: {
  sets: { PLAYER_1: [33m0[39m, PLAYER_2: [33m0[39m },
  currentSet: [33m1[39m,
  currentSetState: { games: { PLAYER_1: [33m0[39m, PLAYER_2: [33m0[39m } },
  currentGame: {
    points: { PLAYER_1: [32m'0'[39m, PLAYER_2: [32m'0'[39m },
    server: [32m'PLAYER_1'[39m,
    isTiebreak: [33mfalse[39m
  },
  server: [32m'PLAYER_1'[39m,
  isFinished: [33mfalse[39m,
  config: {},
  startedAt: [32m'2026-03-08T10:12:51.720Z'[39m
}

[90mstdout[2m | src/pages/__tests__/ScoreboardV2.test.tsx[2m > [22m[2mScoreboardV2 - Restaura├º├úo de Estado e Fluxos[2m > [22m[2mredireciona para dashboard se partida finalizada
[22m[39m[ScoreboardV2] Iniciando carregamento da partida test-match-id
[ScoreboardV2] Buscando estado atualizado do backend para test-match-id

[90mstdout[2m | src/pages/__tests__/ScoreboardV2.test.tsx[2m > [22m[2mScoreboardV2 - Restaura├º├úo de Estado e Fluxos[2m > [22m[2mredireciona para dashboard se partida finalizada
[22m[39m[ScoreboardV2] Dados da partida carregados: {
  id: [32m'test-match-id'[39m,
  sportType: [32m'T├¬nis'[39m,
  format: [32m'BEST_OF_3'[39m,
  players: { p1: [32m'Jogador 1'[39m, p2: [32m'Jogador 2'[39m },
  status: [32m'FINISHED'[39m,
  matchState: {
    sets: { PLAYER_1: [33m0[39m, PLAYER_2: [33m0[39m },
    currentSet: [33m1[39m,
    currentSetState: { games: [36m[Object][39m },
    currentGame: { points: [36m[Object][39m, server: [32m'PLAYER_1'[39m, isTiebreak: [33mfalse[39m },
    server: [32m'PLAYER_1'[39m,
    isFinished: [33mfalse[39m,
    config: { format: [32m'BEST_OF_3'[39m },
    startedAt: [32m'2026-03-08T10:12:51.720Z'[39m
  }
}

stderr | src/pages/__tests__/ScoreboardV2.test.tsx > ScoreboardV2 - Restaura├º├úo de Estado e Fluxos > redireciona para dashboard se partida finalizada
[ScoreboardV2] Tentativa de carregar partida finalizada test-match-id - redirecionando para dashboard
[ScoreboardV2] scoringSystem est├í undefined {
  matchData: {
    id: 'test-match-id',
    sportType: 'T├¬nis',
    format: 'BEST_OF_3',
    players: { p1: 'Jogador 1', p2: 'Jogador 2' },
    status: 'FINISHED',
    matchState: {
      sets: [Object],
      currentSet: 1,
      currentSetState: [Object],
      currentGame: [Object],
      server: 'PLAYER_1',
      isFinished: false,
      config: [Object],
      startedAt: '2026-03-08T10:12:51.720Z'
    }
  }
}

[90mstdout[2m | src/pages/__tests__/ScoreboardV2.test.tsx[2m > [22m[2mScoreboardV2 - Restaura├º├úo de Estado e Fluxos[2m > [22m[2mabre setup se partida n├úo iniciada
[22m[39m[ScoreboardV2] Iniciando carregamento da partida test-match-id
[ScoreboardV2] Buscando estado atualizado do backend para test-match-id

[90mstdout[2m | src/pages/__tests__/ScoreboardV2.test.tsx[2m > [22m[2mScoreboardV2 - Restaura├º├úo de Estado e Fluxos[2m > [22m[2mabre setup se partida n├úo iniciada
[22m[39m[ScoreboardV2] Dados da partida carregados: {
  id: [32m'test-match-id'[39m,
  sportType: [32m'T├¬nis'[39m,
  format: [32m'BEST_OF_3'[39m,
  players: { p1: [32m'Jogador 1'[39m, p2: [32m'Jogador 2'[39m },
  status: [32m'NOT_STARTED'[39m,
  matchState: {
    sets: { PLAYER_1: [33m0[39m, PLAYER_2: [33m0[39m },
    currentSet: [33m1[39m,
    currentSetState: { games: [36m[Object][39m },
    currentGame: { points: [36m[Object][39m, server: [32m'PLAYER_1'[39m, isTiebreak: [33mfalse[39m },
    server: [32m'PLAYER_1'[39m,
    isFinished: [33mfalse[39m,
    config: { format: [32m'BEST_OF_3'[39m },
    startedAt: [32m'2026-03-08T10:12:51.720Z'[39m
  }
}
[ScoreboardV2] Partida n├úo iniciada, abrindo setup

[90mstdout[2m | src/pages/__tests__/ScoreboardV2.test.tsx[2m > [22m[2mScoreboardV2 - Restaura├º├úo de Estado e Fluxos[2m > [22m[2mFinaliza├º├úo Autom├ítica de Partida[2m > [22m[2mexibe banner de vit├│ria quando partida ├® finalizada por regras do jogo
[22m[39m[ScoreboardV2] Iniciando carregamento da partida test-match-id
[ScoreboardV2] Buscando estado atualizado do backend para test-match-id

[90mstdout[2m | src/pages/__tests__/ScoreboardV2.test.tsx[2m > [22m[2mScoreboardV2 - Restaura├º├úo de Estado e Fluxos[2m > [22m[2mFinaliza├º├úo Autom├ítica de Partida[2m > [22m[2mexibe banner de vit├│ria quando partida ├® finalizada por regras do jogo
[22m[39m[ScoreboardV2] Dados da partida carregados: {
  id: [32m'test-match-id'[39m,
  sportType: [32m'T├¬nis'[39m,
  format: [32m'BEST_OF_3'[39m,
  players: { p1: [32m'Jogador 1'[39m, p2: [32m'Jogador 2'[39m },
  status: [32m'IN_PROGRESS'[39m,
  matchState: {
    sets: { PLAYER_1: [33m0[39m, PLAYER_2: [33m0[39m },
    currentSet: [33m1[39m,
    currentSetState: { games: [36m[Object][39m },
    currentGame: { points: [36m[Object][39m, server: [32m'PLAYER_1'[39m, isTiebreak: [33mfalse[39m },
    server: [32m'PLAYER_1'[39m,
    isFinished: [33mfalse[39m,
    config: {},
    startedAt: [32m'2026-03-08T10:12:51.720Z'[39m
  }
}
[ScoreboardV2] Retomando partida com estado: {
  sets: { PLAYER_1: [33m0[39m, PLAYER_2: [33m0[39m },
  currentSet: [33m1[39m,
  currentSetState: { games: { PLAYER_1: [33m0[39m, PLAYER_2: [33m0[39m } },
  currentGame: {
    points: { PLAYER_1: [32m'0'[39m, PLAYER_2: [32m'0'[39m },
    server: [32m'PLAYER_1'[39m,
    isTiebreak: [33mfalse[39m
  },
  server: [32m'PLAYER_1'[39m,
  isFinished: [33mfalse[39m,
  config: {},
  startedAt: [32m'2026-03-08T10:12:51.720Z'[39m
}

[90mstdout[2m | src/pages/__tests__/ScoreboardV2.test.tsx[2m > [22m[2mScoreboardV2 - Restaura├º├úo de Estado e Fluxos[2m > [22m[2mFinaliza├º├úo Autom├ítica de Partida[2m > [22m[2mexibe banner de vit├│ria quando partida ├® finalizada por regras do jogo
[22m[39m[ScoreboardV2] Iniciando carregamento da partida test-match-id
[ScoreboardV2] Buscando estado atualizado do backend para test-match-id

[90mstdout[2m | src/pages/__tests__/ScoreboardV2.test.tsx[2m > [22m[2mScoreboardV2 - Restaura├º├úo de Estado e Fluxos[2m > [22m[2mFinaliza├º├úo Autom├ítica de Partida[2m > [22m[2mexibe banner de vit├│ria quando partida ├® finalizada por regras do jogo
[22m[39m[ScoreboardV2] Dados da partida carregados: {
  id: [32m'test-match-id'[39m,
  sportType: [32m'T├¬nis'[39m,
  format: [32m'BEST_OF_3'[39m,
  players: { p1: [32m'Jogador 1'[39m, p2: [32m'Jogador 2'[39m },
  status: [32m'IN_PROGRESS'[39m,
  matchState: {
    sets: { PLAYER_1: [33m0[39m, PLAYER_2: [33m0[39m },
    currentSet: [33m1[39m,
    currentSetState: { games: [36m[Object][39m },
    currentGame: { points: [36m[Object][39m, server: [32m'PLAYER_1'[39m, isTiebreak: [33mfalse[39m },
    server: [32m'PLAYER_1'[39m,
    isFinished: [33mfalse[39m,
    config: {},
    startedAt: [32m'2026-03-08T10:12:51.720Z'[39m
  }
}
[ScoreboardV2] Retomando partida com estado: {
  sets: { PLAYER_1: [33m0[39m, PLAYER_2: [33m0[39m },
  currentSet: [33m1[39m,
  currentSetState: { games: { PLAYER_1: [33m0[39m, PLAYER_2: [33m0[39m } },
  currentGame: {
    points: { PLAYER_1: [32m'0'[39m, PLAYER_2: [32m'0'[39m },
    server: [32m'PLAYER_1'[39m,
    isTiebreak: [33mfalse[39m
  },
  server: [32m'PLAYER_1'[39m,
  isFinished: [33mfalse[39m,
  config: {},
  startedAt: [32m'2026-03-08T10:12:51.720Z'[39m
}

[90mstdout[2m | src/pages/__tests__/ScoreboardV2.test.tsx[2m > [22m[2mScoreboardV2 - Restaura├º├úo de Estado e Fluxos[2m > [22m[2mFinaliza├º├úo Autom├ítica de Partida[2m > [22m[2mexibe bot├Áes de a├º├úo ap├│s finaliza├º├úo
[22m[39m[ScoreboardV2] Iniciando carregamento da partida test-match-id
[ScoreboardV2] Buscando estado atualizado do backend para test-match-id

[90mstdout[2m | src/pages/__tests__/ScoreboardV2.test.tsx[2m > [22m[2mScoreboardV2 - Restaura├º├úo de Estado e Fluxos[2m > [22m[2mFinaliza├º├úo Autom├ítica de Partida[2m > [22m[2mexibe bot├Áes de a├º├úo ap├│s finaliza├º├úo
[22m[39m[ScoreboardV2] Dados da partida carregados: {
  id: [32m'test-match-id'[39m,
  sportType: [32m'T├¬nis'[39m,
  format: [32m'BEST_OF_3'[39m,
  players: { p1: [32m'Jogador 1'[39m, p2: [32m'Jogador 2'[39m },
  status: [32m'IN_PROGRESS'[39m,
  matchState: {
    sets: { PLAYER_1: [33m0[39m, PLAYER_2: [33m0[39m },
    currentSet: [33m1[39m,
    currentSetState: { games: [36m[Object][39m },
    currentGame: { points: [36m[Object][39m, server: [32m'PLAYER_1'[39m, isTiebreak: [33mfalse[39m },
    server: [32m'PLAYER_1'[39m,
    isFinished: [33mfalse[39m,
    config: {},
    startedAt: [32m'2026-03-08T10:12:51.720Z'[39m
  }
}
[ScoreboardV2] Retomando partida com estado: {
  sets: { PLAYER_1: [33m0[39m, PLAYER_2: [33m0[39m },
  currentSet: [33m1[39m,
  currentSetState: { games: { PLAYER_1: [33m0[39m, PLAYER_2: [33m0[39m } },
  currentGame: {
    points: { PLAYER_1: [32m'0'[39m, PLAYER_2: [32m'0'[39m },
    server: [32m'PLAYER_1'[39m,
    isTiebreak: [33mfalse[39m
  },
  server: [32m'PLAYER_1'[39m,
  isFinished: [33mfalse[39m,
  config: {},
  startedAt: [32m'2026-03-08T10:12:51.720Z'[39m
}

[90mstdout[2m | src/pages/__tests__/ScoreboardV2.test.tsx[2m > [22m[2mScoreboardV2 - Restaura├º├úo de Estado e Fluxos[2m > [22m[2mFinaliza├º├úo Autom├ítica de Partida[2m > [22m[2mexibe bot├Áes de a├º├úo ap├│s finaliza├º├úo
[22m[39m[ScoreboardV2] Iniciando carregamento da partida test-match-id
[ScoreboardV2] Buscando estado atualizado do backend para test-match-id

[90mstdout[2m | src/pages/__tests__/ScoreboardV2.test.tsx[2m > [22m[2mScoreboardV2 - Restaura├º├úo de Estado e Fluxos[2m > [22m[2mFinaliza├º├úo Autom├ítica de Partida[2m > [22m[2mexibe bot├Áes de a├º├úo ap├│s finaliza├º├úo
[22m[39m[ScoreboardV2] Dados da partida carregados: {
  id: [32m'test-match-id'[39m,
  sportType: [32m'T├¬nis'[39m,
  format: [32m'BEST_OF_3'[39m,
  players: { p1: [32m'Jogador 1'[39m, p2: [32m'Jogador 2'[39m },
  status: [32m'IN_PROGRESS'[39m,
  matchState: {
    sets: { PLAYER_1: [33m0[39m, PLAYER_2: [33m0[39m },
    currentSet: [33m1[39m,
    currentSetState: { games: [36m[Object][39m },
    currentGame: { points: [36m[Object][39m, server: [32m'PLAYER_1'[39m, isTiebreak: [33mfalse[39m },
    server: [32m'PLAYER_1'[39m,
    isFinished: [33mfalse[39m,
    config: {},
    startedAt: [32m'2026-03-08T10:12:51.720Z'[39m
  }
}
[ScoreboardV2] Retomando partida com estado: {
  sets: { PLAYER_1: [33m0[39m, PLAYER_2: [33m0[39m },
  currentSet: [33m1[39m,
  currentSetState: { games: { PLAYER_1: [33m0[39m, PLAYER_2: [33m0[39m } },
  currentGame: {
    points: { PLAYER_1: [32m'0'[39m, PLAYER_2: [32m'0'[39m },
    server: [32m'PLAYER_1'[39m,
    isTiebreak: [33mfalse[39m
  },
  server: [32m'PLAYER_1'[39m,
  isFinished: [33mfalse[39m,
  config: {},
  startedAt: [32m'2026-03-08T10:12:51.720Z'[39m
}

[90mstdout[2m | src/pages/__tests__/ScoreboardV2.server-effect.test.tsx[2m > [22m[2mScoreboardV2 - ServerEffect Integration[2m > [22m[2mFluxo de Erro de Saque (Out/Net)[2m > [22m[2mregistra dupla falta ao confirmar erro no 2┬║ saque
[22m[39m[ScoreboardV2] Iniciando carregamento da partida test-match-id
[ScoreboardV2] Buscando estado atualizado do backend para test-match-id

[90mstdout[2m | src/pages/__tests__/ScoreboardV2.server-effect.test.tsx[2m > [22m[2mScoreboardV2 - ServerEffect Integration[2m > [22m[2mFluxo de Erro de Saque (Out/Net)[2m > [22m[2mregistra dupla falta ao confirmar erro no 2┬║ saque
[22m[39m[ScoreboardV2] Dados da partida carregados: {
  id: [32m'test-match-id'[39m,
  sportType: [32m'T├¬nis'[39m,
  format: [32m'BEST_OF_3'[39m,
  players: { p1: [32m'Player 1'[39m, p2: [32m'Player 2'[39m },
  status: [32m'IN_PROGRESS'[39m,
  matchState: {
    sets: { PLAYER_1: [33m0[39m, PLAYER_2: [33m0[39m },
    currentSet: [33m1[39m,
    currentSetState: { games: [36m[Object][39m },
    currentGame: { points: [36m[Object][39m, server: [32m'PLAYER_1'[39m, isTiebreak: [33mfalse[39m },
    server: [32m'PLAYER_1'[39m,
    isFinished: [33mfalse[39m,
    config: {},
    startedAt: [32m'2026-03-08T10:12:51.721Z'[39m
  }
}
[ScoreboardV2] Retomando partida com estado: {
  sets: { PLAYER_1: [33m0[39m, PLAYER_2: [33m0[39m },
  currentSet: [33m1[39m,
  currentSetState: { games: { PLAYER_1: [33m0[39m, PLAYER_2: [33m0[39m } },
  currentGame: {
    points: { PLAYER_1: [32m'0'[39m, PLAYER_2: [32m'0'[39m },
    server: [32m'PLAYER_1'[39m,
    isTiebreak: [33mfalse[39m
  },
  server: [32m'PLAYER_1'[39m,
  isFinished: [33mfalse[39m,
  config: {},
  startedAt: [32m'2026-03-08T10:12:51.721Z'[39m
}

[90mstdout[2m | src/pages/__tests__/ScoreboardV2.test.tsx[2m > [22m[2mScoreboardV2 - Restaura├º├úo de Estado e Fluxos[2m > [22m[2mFinaliza├º├úo Autom├ítica de Partida[2m > [22m[2mdesabilita bot├Áes de pontua├º├úo ap├│s finaliza├º├úo
[22m[39m[ScoreboardV2] Iniciando carregamento da partida test-match-id
[ScoreboardV2] Buscando estado atualizado do backend para test-match-id

[90mstdout[2m | src/pages/__tests__/ScoreboardV2.test.tsx[2m > [22m[2mScoreboardV2 - Restaura├º├úo de Estado e Fluxos[2m > [22m[2mFinaliza├º├úo Autom├ítica de Partida[2m > [22m[2mdesabilita bot├Áes de pontua├º├úo ap├│s finaliza├º├úo
[22m[39m[ScoreboardV2] Dados da partida carregados: {
  id: [32m'test-match-id'[39m,
  sportType: [32m'T├¬nis'[39m,
  format: [32m'BEST_OF_3'[39m,
  players: { p1: [32m'Jogador 1'[39m, p2: [32m'Jogador 2'[39m },
  status: [32m'IN_PROGRESS'[39m,
  matchState: {
    sets: { PLAYER_1: [33m0[39m, PLAYER_2: [33m0[39m },
    currentSet: [33m1[39m,
    currentSetState: { games: [36m[Object][39m },
    currentGame: { points: [36m[Object][39m, server: [32m'PLAYER_1'[39m, isTiebreak: [33mfalse[39m },
    server: [32m'PLAYER_1'[39m,
    isFinished: [33mfalse[39m,
    config: {},
    startedAt: [32m'2026-03-08T10:12:51.720Z'[39m
  }
}
[ScoreboardV2] Retomando partida com estado: {
  sets: { PLAYER_1: [33m0[39m, PLAYER_2: [33m0[39m },
  currentSet: [33m1[39m,
  currentSetState: { games: { PLAYER_1: [33m0[39m, PLAYER_2: [33m0[39m } },
  currentGame: {
    points: { PLAYER_1: [32m'0'[39m, PLAYER_2: [32m'0'[39m },
    server: [32m'PLAYER_1'[39m,
    isTiebreak: [33mfalse[39m
  },
  server: [32m'PLAYER_1'[39m,
  isFinished: [33mfalse[39m,
  config: {},
  startedAt: [32m'2026-03-08T10:12:51.720Z'[39m
}

[90mstdout[2m | src/pages/__tests__/ScoreboardV2.test.tsx[2m > [22m[2mScoreboardV2 - Restaura├º├úo de Estado e Fluxos[2m > [22m[2mFinaliza├º├úo Autom├ítica de Partida[2m > [22m[2mdesabilita bot├Áes de pontua├º├úo ap├│s finaliza├º├úo
[22m[39m[ScoreboardV2] Iniciando carregamento da partida test-match-id
[ScoreboardV2] Buscando estado atualizado do backend para test-match-id

[90mstdout[2m | src/pages/__tests__/ScoreboardV2.test.tsx[2m > [22m[2mScoreboardV2 - Restaura├º├úo de Estado e Fluxos[2m > [22m[2mFinaliza├º├úo Autom├ítica de Partida[2m > [22m[2mdesabilita bot├Áes de pontua├º├úo ap├│s finaliza├º├úo
[22m[39m[ScoreboardV2] Dados da partida carregados: {
  id: [32m'test-match-id'[39m,
  sportType: [32m'T├¬nis'[39m,
  format: [32m'BEST_OF_3'[39m,
  players: { p1: [32m'Jogador 1'[39m, p2: [32m'Jogador 2'[39m },
  status: [32m'IN_PROGRESS'[39m,
  matchState: {
    sets: { PLAYER_1: [33m0[39m, PLAYER_2: [33m0[39m },
    currentSet: [33m1[39m,
    currentSetState: { games: [36m[Object][39m },
    currentGame: { points: [36m[Object][39m, server: [32m'PLAYER_1'[39m, isTiebreak: [33mfalse[39m },
    server: [32m'PLAYER_1'[39m,
    isFinished: [33mfalse[39m,
    config: {},
    startedAt: [32m'2026-03-08T10:12:51.720Z'[39m
  }
}
[ScoreboardV2] Retomando partida com estado: {
  sets: { PLAYER_1: [33m0[39m, PLAYER_2: [33m0[39m },
  currentSet: [33m1[39m,
  currentSetState: { games: { PLAYER_1: [33m0[39m, PLAYER_2: [33m0[39m } },
  currentGame: {
    points: { PLAYER_1: [32m'0'[39m, PLAYER_2: [32m'0'[39m },
    server: [32m'PLAYER_1'[39m,
    isTiebreak: [33mfalse[39m
  },
  server: [32m'PLAYER_1'[39m,
  isFinished: [33mfalse[39m,
  config: {},
  startedAt: [32m'2026-03-08T10:12:51.720Z'[39m
}

