
[1m[46m RUN [49m[22m [36mv4.0.8 [39m[90mC:/apps/Racket/Racket[39m

[90mstdout[2m | frontend/src/pages/__tests__/MatchSetup.test.tsx
[22m[39mresetGlobalMocks registrada no global/globalThis.

[90mstdout[2m | frontend/src/pages/__tests__/ScoreboardV2.test.tsx
[22m[39mresetGlobalMocks registrada no global/globalThis.

stderr | frontend/src/__tests__/integration.test.jsx > Testes de Integra├º├úo - B├ísicos > deve renderizar Dashboard com sucesso
ÔÜá´©Å React Router Future Flag Warning: React Router will begin wrapping state updates in `React.startTransition` in v7. You can use the `v7_startTransition` future flag to opt-in early. For more information, see https://reactrouter.com/v6/upgrading/future#v7_starttransition.
ÔÜá´©Å React Router Future Flag Warning: Relative route resolution within Splat routes is changing in v7. You can use the `v7_relativeSplatPath` future flag to opt-in early. For more information, see https://reactrouter.com/v6/upgrading/future#v7_relativesplatpath.

[90mstdout[2m | frontend/src/pages/__tests__/ScoreboardV2.advanced.test.tsx[2m > [22m[2mScoreboardV2 - Cobertura Avan├ºada[2m > [22m[2mManipula├º├úo de Segundo Servi├ºo[2m > [22m[2mdeve permitir marcar segundo servi├ºo
[22m[39m[ScoreboardV2] Iniciando carregamento da partida test-match-id
[ScoreboardV2] Buscando estado do backend para a partida test-match-id

stderr | frontend/src/pages/__tests__/ScoreboardV2.advanced.test.tsx > ScoreboardV2 - Cobertura Avan├ºada > Manipula├º├úo de Segundo Servi├ºo > deve permitir marcar segundo servi├ºo
ÔÜá´©Å React Router Future Flag Warning: React Router will begin wrapping state updates in `React.startTransition` in v7. You can use the `v7_startTransition` future flag to opt-in early. For more information, see https://reactrouter.com/v6/upgrading/future#v7_starttransition.
ÔÜá´©Å React Router Future Flag Warning: Relative route resolution within Splat routes is changing in v7. You can use the `v7_relativeSplatPath` future flag to opt-in early. For more information, see https://reactrouter.com/v6/upgrading/future#v7_relativesplatpath.

[90mstdout[2m | frontend/src/pages/__tests__/ScoreboardV2.advanced.test.tsx[2m > [22m[2mScoreboardV2 - Cobertura Avan├ºada[2m > [22m[2mManipula├º├úo de Segundo Servi├ºo[2m > [22m[2mdeve permitir marcar segundo servi├ºo
[22m[39m[ScoreboardV2] Dados da partida carregados: {
  id: [32m'test-match-id'[39m,
  sportType: [32m'T├¬nis'[39m,
  format: [32m'BEST_OF_3'[39m,
  players: { p1: [32m'Jogador 1'[39m, p2: [32m'Jogador 2'[39m },
  status: [32m'IN_PROGRESS'[39m,
  matchState: {
    sets: { PLAYER_1: [33m0[39m, PLAYER_2: [33m0[39m },
    currentSet: [33m1[39m,
    currentSetState: { games: [36m[Object][39m },
    currentGame: { points: [36m[Object][39m, server: [32m'PLAYER_1'[39m, isTiebreak: [33mfalse[39m },
    server: [32m'PLAYER_1'[39m,
    isFinished: [33mfalse[39m,
    config: {},
    startedAt: [32m'2025-11-10T19:22:25.255Z'[39m
  },
  stats: {
    totalPoints: [33m10[39m,
    player1: {
      pointsWon: [33m5[39m,
      totalServes: [33m5[39m,
      firstServes: [33m4[39m,
      secondServes: [33m1[39m,
      firstServeWins: [33m3[39m,
      secondServeWins: [33m1[39m,
      aces: [33m1[39m,
      doubleFaults: [33m0[39m,
      serviceWinners: [33m1[39m,
      servicePointsWon: [33m4[39m,
      returnPointsWon: [33m1[39m,
      winners: [33m2[39m,
      unforcedErrors: [33m1[39m,
      forcedErrors: [33m0[39m,
      shortRallies: [33m2[39m,
      longRallies: [33m1[39m,
      breakPoints: [33m1[39m,
      breakPointsSaved: [33m0[39m,
      firstServePercentage: [33m80[39m,
      firstServeWinPercentage: [33m75[39m,
      secondServeWinPercentage: [33m100[39m,
      serviceHoldPercentage: [33m80[39m,
      breakPointConversion: [33m0[39m,
      winnerToErrorRatio: [33m2[39m,
      returnWinPercentage: [33m20[39m,
      dominanceRatio: [33m2[39m
    },
    player2: {
      pointsWon: [33m5[39m,
      totalServes: [33m5[39m,
      firstServes: [33m3[39m,
      secondServes: [33m2[39m,
      firstServeWins: [33m2[39m,
      secondServeWins: [33m1[39m,
      aces: [33m0[39m,
      doubleFaults: [33m1[39m,
      serviceWinners: [33m0[39m,
      servicePointsWon: [33m3[39m,
      returnPointsWon: [33m2[39m,
      winners: [33m1[39m,
      unforcedErrors: [33m2[39m,
      forcedErrors: [33m1[39m,
      shortRallies: [33m1[39m,
      longRallies: [33m0[39m,
      breakPoints: [33m0[39m,
      breakPointsSaved: [33m0[39m,
      firstServePercentage: [33m60[39m,
      firstServeWinPercentage: [33m66.7[39m,
      secondServeWinPercentage: [33m50[39m,
      serviceHoldPercentage: [33m60[39m,
      breakPointConversion: [33m0[39m,
      winnerToErrorRatio: [33m0.5[39m,
      returnWinPercentage: [33m40[39m,
      dominanceRatio: [33m1[39m
    },
    match: {
      avgRallyLength: [33m5.5[39m,
      longestRally: [33m12[39m,
      shortestRally: [33m1[39m,
      totalRallies: [33m10[39m
    },
    pointsHistory: []
  }
}
[ScoreboardV2] Retomando partida com estado: {
  sets: { PLAYER_1: [33m0[39m, PLAYER_2: [33m0[39m },
  currentSet: [33m1[39m,
  currentSetState: { games: { PLAYER_1: [33m0[39m, PLAYER_2: [33m0[39m } },
  currentGame: {
    points: { PLAYER_1: [32m'0'[39m, PLAYER_2: [32m'0'[39m },
    server: [32m'PLAYER_1'[39m,
    isTiebreak: [33mfalse[39m
  },
  server: [32m'PLAYER_1'[39m,
  isFinished: [33mfalse[39m,
  config: {},
  startedAt: [32m'2025-11-10T19:22:25.255Z'[39m
}

 [31mÔØ»[39m frontend/src/__tests__/integration.test.jsx [2m([22m[2m2 tests[22m[2m | [22m[31m1 failed[39m[2m)[22m[32m 77[2mms[22m[39m
     [32mÔ£ô[39m deve renderizar Dashboard com sucesso[32m 51[2mms[22m[39m
[31m     [31m├ù[31m deve ter bot├úo de criar partida[39m[32m 24[2mms[22m[39m
[90mstdout[2m | frontend/src/pages/__tests__/ScoreboardV2.test.tsx[2m > [22m[2mScoreboardV2 - Ace Button Behavior[2m > [22m[2mAce button functionality[2m > [22m[2mopens PointDetailsModal when Ace button is clicked
[22m[39m[ScoreboardV2] Iniciando carregamento da partida test-match-id
[ScoreboardV2] Buscando estado do backend para a partida test-match-id

stderr | frontend/src/pages/__tests__/ScoreboardV2.test.tsx > ScoreboardV2 - Ace Button Behavior > Ace button functionality > opens PointDetailsModal when Ace button is clicked
ÔÜá´©Å React Router Future Flag Warning: React Router will begin wrapping state updates in `React.startTransition` in v7. You can use the `v7_startTransition` future flag to opt-in early. For more information, see https://reactrouter.com/v6/upgrading/future#v7_starttransition.
ÔÜá´©Å React Router Future Flag Warning: Relative route resolution within Splat routes is changing in v7. You can use the `v7_relativeSplatPath` future flag to opt-in early. For more information, see https://reactrouter.com/v6/upgrading/future#v7_relativesplatpath.

[90mstdout[2m | frontend/src/pages/__tests__/ScoreboardV2.test.tsx[2m > [22m[2mScoreboardV2 - Ace Button Behavior[2m > [22m[2mAce button functionality[2m > [22m[2mopens PointDetailsModal when Ace button is clicked
[22m[39m[ScoreboardV2] Dados da partida carregados: {
  id: [32m'test-match-id'[39m,
  sportType: [32m'T├¬nis'[39m,
  format: [32m'BEST_OF_3'[39m,
  players: { p1: [32m'Jogador 1'[39m, p2: [32m'Jogador 2'[39m },
  status: [32m'IN_PROGRESS'[39m,
  matchState: {
    sets: { PLAYER_1: [33m0[39m, PLAYER_2: [33m0[39m },
    currentSet: [33m1[39m,
    currentSetState: { games: [36m[Object][39m },
    currentGame: { points: [36m[Object][39m, server: [32m'PLAYER_1'[39m, isTiebreak: [33mfalse[39m },
    server: [32m'PLAYER_1'[39m,
    isFinished: [33mfalse[39m,
    config: {},
    startedAt: [32m'2025-11-10T19:22:25.295Z'[39m
  }
}
[ScoreboardV2] Retomando partida com estado: {
  sets: { PLAYER_1: [33m0[39m, PLAYER_2: [33m0[39m },
  currentSet: [33m1[39m,
  currentSetState: { games: { PLAYER_1: [33m0[39m, PLAYER_2: [33m0[39m } },
  currentGame: {
    points: { PLAYER_1: [32m'0'[39m, PLAYER_2: [32m'0'[39m },
    server: [32m'PLAYER_1'[39m,
    isTiebreak: [33mfalse[39m
  },
  server: [32m'PLAYER_1'[39m,
  isFinished: [33mfalse[39m,
  config: {},
  startedAt: [32m'2025-11-10T19:22:25.295Z'[39m
}

[90mstdout[2m | frontend/src/pages/__tests__/ScoreboardV2.advanced.test.tsx[2m > [22m[2mScoreboardV2 - Cobertura Avan├ºada[2m > [22m[2mTroca de Lado da Quadra[2m > [22m[2mdeve indicar troca de lado em games ├¡mpares
[22m[39m[ScoreboardV2] Iniciando carregamento da partida test-match-id
[ScoreboardV2] Buscando estado do backend para a partida test-match-id

[90mstdout[2m | frontend/src/pages/__tests__/ScoreboardV2.advanced.test.tsx[2m > [22m[2mScoreboardV2 - Cobertura Avan├ºada[2m > [22m[2mTroca de Lado da Quadra[2m > [22m[2mdeve indicar troca de lado em games ├¡mpares
[22m[39m[ScoreboardV2] Dados da partida carregados: {
  id: [32m'test-match-id'[39m,
  sportType: [32m'T├¬nis'[39m,
  format: [32m'BEST_OF_3'[39m,
  players: { p1: [32m'Jogador 1'[39m, p2: [32m'Jogador 2'[39m },
  status: [32m'IN_PROGRESS'[39m,
  matchState: {
    sets: { PLAYER_1: [33m0[39m, PLAYER_2: [33m0[39m },
    currentSet: [33m1[39m,
    currentSetState: { games: [36m[Object][39m },
    currentGame: { points: [36m[Object][39m, server: [32m'PLAYER_1'[39m, isTiebreak: [33mfalse[39m },
    server: [32m'PLAYER_1'[39m,
    isFinished: [33mfalse[39m,
    config: {},
    startedAt: [32m'2025-11-10T19:22:25.407Z'[39m
  },
  stats: {
    totalPoints: [33m10[39m,
    player1: {
      pointsWon: [33m5[39m,
      totalServes: [33m5[39m,
      firstServes: [33m4[39m,
      secondServes: [33m1[39m,
      firstServeWins: [33m3[39m,
      secondServeWins: [33m1[39m,
      aces: [33m1[39m,
      doubleFaults: [33m0[39m,
      serviceWinners: [33m1[39m,
      servicePointsWon: [33m4[39m,
      returnPointsWon: [33m1[39m,
      winners: [33m2[39m,
      unforcedErrors: [33m1[39m,
      forcedErrors: [33m0[39m,
      shortRallies: [33m2[39m,
      longRallies: [33m1[39m,
      breakPoints: [33m1[39m,
      breakPointsSaved: [33m0[39m,
      firstServePercentage: [33m80[39m,
      firstServeWinPercentage: [33m75[39m,
      secondServeWinPercentage: [33m100[39m,
      serviceHoldPercentage: [33m80[39m,
      breakPointConversion: [33m0[39m,
      winnerToErrorRatio: [33m2[39m,
      returnWinPercentage: [33m20[39m,
      dominanceRatio: [33m2[39m
    },
    player2: {
      pointsWon: [33m5[39m,
      totalServes: [33m5[39m,
      firstServes: [33m3[39m,
      secondServes: [33m2[39m,
      firstServeWins: [33m2[39m,
      secondServeWins: [33m1[39m,
      aces: [33m0[39m,
      doubleFaults: [33m1[39m,
      serviceWinners: [33m0[39m,
      servicePointsWon: [33m3[39m,
      returnPointsWon: [33m2[39m,
      winners: [33m1[39m,
      unforcedErrors: [33m2[39m,
      forcedErrors: [33m1[39m,
      shortRallies: [33m1[39m,
      longRallies: [33m0[39m,
      breakPoints: [33m0[39m,
      breakPointsSaved: [33m0[39m,
      firstServePercentage: [33m60[39m,
      firstServeWinPercentage: [33m66.7[39m,
      secondServeWinPercentage: [33m50[39m,
      serviceHoldPercentage: [33m60[39m,
      breakPointConversion: [33m0[39m,
      winnerToErrorRatio: [33m0.5[39m,
      returnWinPercentage: [33m40[39m,
      dominanceRatio: [33m1[39m
    },
    match: {
      avgRallyLength: [33m5.5[39m,
      longestRally: [33m12[39m,
      shortestRally: [33m1[39m,
      totalRallies: [33m10[39m
    },
    pointsHistory: []
  }
}
[ScoreboardV2] Retomando partida com estado: {
  sets: { PLAYER_1: [33m0[39m, PLAYER_2: [33m0[39m },
  currentSet: [33m1[39m,
  currentSetState: { games: { PLAYER_1: [33m2[39m, PLAYER_2: [33m1[39m } },
  currentGame: {
    points: { PLAYER_1: [32m'0'[39m, PLAYER_2: [32m'0'[39m },
    server: [32m'PLAYER_1'[39m,
    isTiebreak: [33mfalse[39m
  },
  server: [32m'PLAYER_1'[39m,
  isFinished: [33mfalse[39m,
  config: {},
  startedAt: [32m'2025-11-10T19:22:25.407Z'[39m
}

[90mstdout[2m | frontend/src/pages/__tests__/ScoreboardV2.advanced.test.tsx[2m > [22m[2mScoreboardV2 - Cobertura Avan├ºada[2m > [22m[2mGerenciamento de Erros[2m > [22m[2mdeve exibir mensagem de erro quando falha ao carregar partida
[22m[39m[ScoreboardV2] Iniciando carregamento da partida test-match-id
[ScoreboardV2] Buscando estado do backend para a partida test-match-id

[90mstdout[2m | frontend/src/pages/__tests__/ScoreboardV2.advanced.test.tsx[2m > [22m[2mScoreboardV2 - Cobertura Avan├ºada[2m > [22m[2mGerenciamento de Erros[2m > [22m[2mdeve exibir mensagem de erro quando falha ao carregar partida
[22m[39m[ScoreboardV2] Dados da partida carregados: {
  id: [32m'test-match-id'[39m,
  sportType: [32m'T├¬nis'[39m,
  format: [32m'BEST_OF_3'[39m,
  players: { p1: [32m'Jogador 1'[39m, p2: [32m'Jogador 2'[39m },
  status: [32m'IN_PROGRESS'[39m,
  matchState: {
    sets: { PLAYER_1: [33m0[39m, PLAYER_2: [33m0[39m },
    currentSet: [33m1[39m,
    currentSetState: { games: [36m[Object][39m },
    currentGame: { points: [36m[Object][39m, server: [32m'PLAYER_1'[39m, isTiebreak: [33mfalse[39m },
    server: [32m'PLAYER_1'[39m,
    isFinished: [33mfalse[39m,
    config: {},
    startedAt: [32m'2025-11-10T19:22:25.439Z'[39m
  },
  stats: {
    totalPoints: [33m10[39m,
    player1: {
      pointsWon: [33m5[39m,
      totalServes: [33m5[39m,
      firstServes: [33m4[39m,
      secondServes: [33m1[39m,
      firstServeWins: [33m3[39m,
      secondServeWins: [33m1[39m,
      aces: [33m1[39m,
      doubleFaults: [33m0[39m,
      serviceWinners: [33m1[39m,
      servicePointsWon: [33m4[39m,
      returnPointsWon: [33m1[39m,
      winners: [33m2[39m,
      unforcedErrors: [33m1[39m,
      forcedErrors: [33m0[39m,
      shortRallies: [33m2[39m,
      longRallies: [33m1[39m,
      breakPoints: [33m1[39m,
      breakPointsSaved: [33m0[39m,
      firstServePercentage: [33m80[39m,
      firstServeWinPercentage: [33m75[39m,
      secondServeWinPercentage: [33m100[39m,
      serviceHoldPercentage: [33m80[39m,
      breakPointConversion: [33m0[39m,
      winnerToErrorRatio: [33m2[39m,
      returnWinPercentage: [33m20[39m,
      dominanceRatio: [33m2[39m
    },
    player2: {
      pointsWon: [33m5[39m,
      totalServes: [33m5[39m,
      firstServes: [33m3[39m,
      secondServes: [33m2[39m,
      firstServeWins: [33m2[39m,
      secondServeWins: [33m1[39m,
      aces: [33m0[39m,
      doubleFaults: [33m1[39m,
      serviceWinners: [33m0[39m,
      servicePointsWon: [33m3[39m,
      returnPointsWon: [33m2[39m,
      winners: [33m1[39m,
      unforcedErrors: [33m2[39m,
      forcedErrors: [33m1[39m,
      shortRallies: [33m1[39m,
      longRallies: [33m0[39m,
      breakPoints: [33m0[39m,
      breakPointsSaved: [33m0[39m,
      firstServePercentage: [33m60[39m,
      firstServeWinPercentage: [33m66.7[39m,
      secondServeWinPercentage: [33m50[39m,
      serviceHoldPercentage: [33m60[39m,
      breakPointConversion: [33m0[39m,
      winnerToErrorRatio: [33m0.5[39m,
      returnWinPercentage: [33m40[39m,
      dominanceRatio: [33m1[39m
    },
    match: {
      avgRallyLength: [33m5.5[39m,
      longestRally: [33m12[39m,
      shortestRally: [33m1[39m,
      totalRallies: [33m10[39m
    },
    pointsHistory: []
  }
}
[ScoreboardV2] Retomando partida com estado: {
  sets: { PLAYER_1: [33m0[39m, PLAYER_2: [33m0[39m },
  currentSet: [33m1[39m,
  currentSetState: { games: { PLAYER_1: [33m0[39m, PLAYER_2: [33m0[39m } },
  currentGame: {
    points: { PLAYER_1: [32m'0'[39m, PLAYER_2: [32m'0'[39m },
    server: [32m'PLAYER_1'[39m,
    isTiebreak: [33mfalse[39m
  },
  server: [32m'PLAYER_1'[39m,
  isFinished: [33mfalse[39m,
  config: {},
  startedAt: [32m'2025-11-10T19:22:25.439Z'[39m
}

[90mstdout[2m | frontend/src/pages/__tests__/ScoreboardV2.advanced.test.tsx[2m > [22m[2mScoreboardV2 - Cobertura Avan├ºada[2m > [22m[2mGerenciamento de Erros[2m > [22m[2mdeve exibir mensagem de erro quando falha ao atualizar ponto
[22m[39m[ScoreboardV2] Iniciando carregamento da partida test-match-id
[ScoreboardV2] Buscando estado do backend para a partida test-match-id

[90mstdout[2m | frontend/src/pages/__tests__/ScoreboardV2.advanced.test.tsx[2m > [22m[2mScoreboardV2 - Cobertura Avan├ºada[2m > [22m[2mGerenciamento de Erros[2m > [22m[2mdeve exibir mensagem de erro quando falha ao atualizar ponto
[22m[39m[ScoreboardV2] Dados da partida carregados: {
  id: [32m'test-match-id'[39m,
  sportType: [32m'T├¬nis'[39m,
  format: [32m'BEST_OF_3'[39m,
  players: { p1: [32m'Jogador 1'[39m, p2: [32m'Jogador 2'[39m },
  status: [32m'IN_PROGRESS'[39m,
  matchState: {
    sets: { PLAYER_1: [33m0[39m, PLAYER_2: [33m0[39m },
    currentSet: [33m1[39m,
    currentSetState: { games: [36m[Object][39m },
    currentGame: { points: [36m[Object][39m, server: [32m'PLAYER_1'[39m, isTiebreak: [33mfalse[39m },
    server: [32m'PLAYER_1'[39m,
    isFinished: [33mfalse[39m,
    config: {},
    startedAt: [32m'2025-11-10T19:22:25.462Z'[39m
  },
  stats: {
    totalPoints: [33m10[39m,
    player1: {
      pointsWon: [33m5[39m,
      totalServes: [33m5[39m,
      firstServes: [33m4[39m,
      secondServes: [33m1[39m,
      firstServeWins: [33m3[39m,
      secondServeWins: [33m1[39m,
      aces: [33m1[39m,
      doubleFaults: [33m0[39m,
      serviceWinners: [33m1[39m,
      servicePointsWon: [33m4[39m,
      returnPointsWon: [33m1[39m,
      winners: [33m2[39m,
      unforcedErrors: [33m1[39m,
      forcedErrors: [33m0[39m,
      shortRallies: [33m2[39m,
      longRallies: [33m1[39m,
      breakPoints: [33m1[39m,
      breakPointsSaved: [33m0[39m,
      firstServePercentage: [33m80[39m,
      firstServeWinPercentage: [33m75[39m,
      secondServeWinPercentage: [33m100[39m,
      serviceHoldPercentage: [33m80[39m,
      breakPointConversion: [33m0[39m,
      winnerToErrorRatio: [33m2[39m,
      returnWinPercentage: [33m20[39m,
      dominanceRatio: [33m2[39m
    },
    player2: {
      pointsWon: [33m5[39m,
      totalServes: [33m5[39m,
      firstServes: [33m3[39m,
      secondServes: [33m2[39m,
      firstServeWins: [33m2[39m,
      secondServeWins: [33m1[39m,
      aces: [33m0[39m,
      doubleFaults: [33m1[39m,
      serviceWinners: [33m0[39m,
      servicePointsWon: [33m3[39m,
      returnPointsWon: [33m2[39m,
      winners: [33m1[39m,
      unforcedErrors: [33m2[39m,
      forcedErrors: [33m1[39m,
      shortRallies: [33m1[39m,
      longRallies: [33m0[39m,
      breakPoints: [33m0[39m,
      breakPointsSaved: [33m0[39m,
      firstServePercentage: [33m60[39m,
      firstServeWinPercentage: [33m66.7[39m,
      secondServeWinPercentage: [33m50[39m,
      serviceHoldPercentage: [33m60[39m,
      breakPointConversion: [33m0[39m,
      winnerToErrorRatio: [33m0.5[39m,
      returnWinPercentage: [33m40[39m,
      dominanceRatio: [33m1[39m
    },
    match: {
      avgRallyLength: [33m5.5[39m,
      longestRally: [33m12[39m,
      shortestRally: [33m1[39m,
      totalRallies: [33m10[39m
    },
    pointsHistory: []
  }
}
[ScoreboardV2] Retomando partida com estado: {
  sets: { PLAYER_1: [33m0[39m, PLAYER_2: [33m0[39m },
  currentSet: [33m1[39m,
  currentSetState: { games: { PLAYER_1: [33m0[39m, PLAYER_2: [33m0[39m } },
  currentGame: {
    points: { PLAYER_1: [32m'0'[39m, PLAYER_2: [32m'0'[39m },
    server: [32m'PLAYER_1'[39m,
    isTiebreak: [33mfalse[39m
  },
  server: [32m'PLAYER_1'[39m,
  isFinished: [33mfalse[39m,
  config: {},
  startedAt: [32m'2025-11-10T19:22:25.462Z'[39m
}

[90mstdout[2m | frontend/src/pages/__tests__/ScoreboardV2.advanced.test.tsx[2m > [22m[2mScoreboardV2 - Cobertura Avan├ºada[2m > [22m[2mGerenciamento de Erros[2m > [22m[2mdeve exibir mensagem de erro quando falha ao atualizar ponto
[22m[39m[ScoreboardV2] Adicionando ponto para PLAYER_1 [90mundefined[39m

[90mstdout[2m | frontend/src/pages/__tests__/ScoreboardV2.advanced.test.tsx[2m > [22m[2mScoreboardV2 - Cobertura Avan├ºada[2m > [22m[2mGerenciamento de Erros[2m > [22m[2mdeve exibir mensagem de erro quando falha ao atualizar ponto
[22m[39m[ScoreboardV2] Ponto adicionado com sucesso para PLAYER_1

[90mstdout[2m | frontend/src/pages/__tests__/ScoreboardV2.advanced.test.tsx[2m > [22m[2mScoreboardV2 - Cobertura Avan├ºada[2m > [22m[2mHist├│rico de Pontos[2m > [22m[2mdeve permitir desfazer ├║ltimo ponto
[22m[39m[ScoreboardV2] Iniciando carregamento da partida test-match-id
[ScoreboardV2] Buscando estado do backend para a partida test-match-id

[90mstdout[2m | frontend/src/pages/__tests__/ScoreboardV2.advanced.test.tsx[2m > [22m[2mScoreboardV2 - Cobertura Avan├ºada[2m > [22m[2mHist├│rico de Pontos[2m > [22m[2mdeve permitir desfazer ├║ltimo ponto
[22m[39m[ScoreboardV2] Dados da partida carregados: {
  id: [32m'test-match-id'[39m,
  sportType: [32m'T├¬nis'[39m,
  format: [32m'BEST_OF_3'[39m,
  players: { p1: [32m'Jogador 1'[39m, p2: [32m'Jogador 2'[39m },
  status: [32m'IN_PROGRESS'[39m,
  matchState: {
    sets: { PLAYER_1: [33m0[39m, PLAYER_2: [33m0[39m },
    currentSet: [33m1[39m,
    currentSetState: { games: [36m[Object][39m },
    currentGame: { points: [36m[Object][39m, server: [32m'PLAYER_1'[39m, isTiebreak: [33mfalse[39m },
    server: [32m'PLAYER_1'[39m,
    isFinished: [33mfalse[39m,
    config: {},
    startedAt: [32m'2025-11-10T19:22:25.505Z'[39m
  },
  stats: {
    totalPoints: [33m10[39m,
    player1: {
      pointsWon: [33m5[39m,
      totalServes: [33m5[39m,
      firstServes: [33m4[39m,
      secondServes: [33m1[39m,
      firstServeWins: [33m3[39m,
      secondServeWins: [33m1[39m,
      aces: [33m1[39m,
      doubleFaults: [33m0[39m,
      serviceWinners: [33m1[39m,
      servicePointsWon: [33m4[39m,
      returnPointsWon: [33m1[39m,
      winners: [33m2[39m,
      unforcedErrors: [33m1[39m,
      forcedErrors: [33m0[39m,
      shortRallies: [33m2[39m,
      longRallies: [33m1[39m,
      breakPoints: [33m1[39m,
      breakPointsSaved: [33m0[39m,
      firstServePercentage: [33m80[39m,
      firstServeWinPercentage: [33m75[39m,
      secondServeWinPercentage: [33m100[39m,
      serviceHoldPercentage: [33m80[39m,
      breakPointConversion: [33m0[39m,
      winnerToErrorRatio: [33m2[39m,
      returnWinPercentage: [33m20[39m,
      dominanceRatio: [33m2[39m
    },
    player2: {
      pointsWon: [33m5[39m,
      totalServes: [33m5[39m,
      firstServes: [33m3[39m,
      secondServes: [33m2[39m,
      firstServeWins: [33m2[39m,
      secondServeWins: [33m1[39m,
      aces: [33m0[39m,
      doubleFaults: [33m1[39m,
      serviceWinners: [33m0[39m,
      servicePointsWon: [33m3[39m,
      returnPointsWon: [33m2[39m,
      winners: [33m1[39m,
      unforcedErrors: [33m2[39m,
      forcedErrors: [33m1[39m,
      shortRallies: [33m1[39m,
      longRallies: [33m0[39m,
      breakPoints: [33m0[39m,
      breakPointsSaved: [33m0[39m,
      firstServePercentage: [33m60[39m,
      firstServeWinPercentage: [33m66.7[39m,
      secondServeWinPercentage: [33m50[39m,
      serviceHoldPercentage: [33m60[39m,
      breakPointConversion: [33m0[39m,
      winnerToErrorRatio: [33m0.5[39m,
      returnWinPercentage: [33m40[39m,
      dominanceRatio: [33m1[39m
    },
    match: {
      avgRallyLength: [33m5.5[39m,
      longestRally: [33m12[39m,
      shortestRally: [33m1[39m,
      totalRallies: [33m10[39m
    },
    pointsHistory: []
  }
}
[ScoreboardV2] Retomando partida com estado: {
  sets: { PLAYER_1: [33m0[39m, PLAYER_2: [33m0[39m },
  currentSet: [33m1[39m,
  currentSetState: { games: { PLAYER_1: [33m0[39m, PLAYER_2: [33m0[39m } },
  currentGame: {
    points: { PLAYER_1: [32m'0'[39m, PLAYER_2: [32m'0'[39m },
    server: [32m'PLAYER_1'[39m,
    isTiebreak: [33mfalse[39m
  },
  server: [32m'PLAYER_1'[39m,
  isFinished: [33mfalse[39m,
  config: {},
  startedAt: [32m'2025-11-10T19:22:25.505Z'[39m
}

stderr | frontend/src/pages/__tests__/MatchSetup.test.tsx > MatchSetup - Match Creation Flow > Match creation and navigation > creates match and navigates without showing alert
ÔÜá´©Å React Router Future Flag Warning: React Router will begin wrapping state updates in `React.startTransition` in v7. You can use the `v7_startTransition` future flag to opt-in early. For more information, see https://reactrouter.com/v6/upgrading/future#v7_starttransition.
ÔÜá´©Å React Router Future Flag Warning: Relative route resolution within Splat routes is changing in v7. You can use the `v7_relativeSplatPath` future flag to opt-in early. For more information, see https://reactrouter.com/v6/upgrading/future#v7_relativesplatpath.

[90mstdout[2m | frontend/src/pages/__tests__/MatchSetup.test.tsx[2m > [22m[2mMatchSetup - Match Creation Flow[2m > [22m[2mMatch creation and navigation[2m > [22m[2mcreates match and navigates without showing alert
[22m[39maxios.post retornou: {
  id: [32m'test-match-id'[39m,
  sportType: [32m'TENNIS'[39m,
  format: [32m'BEST_OF_3'[39m,
  players: { p1: [32m'Jogador 1'[39m, p2: [32m'Jogador 2'[39m },
  status: [32m'NOT_STARTED'[39m
}

stderr | frontend/src/pages/__tests__/MatchSetup.test.tsx > MatchSetup - Match Creation Flow > Match creation and navigation > handles API errors gracefully
Erro ao criar a partida: Error: API Error
    at C:/apps/Racket/Racket/frontend/src/pages/__tests__/MatchSetup.test.tsx:116:45
    at file:///C:/apps/Racket/Racket/node_modules/.pnpm/@vitest+runner@4.0.8/node_modules/@vitest/runner/dist/index.js:157:11
    at file:///C:/apps/Racket/Racket/node_modules/.pnpm/@vitest+runner@4.0.8/node_modules/@vitest/runner/dist/index.js:753:26
    at file:///C:/apps/Racket/Racket/node_modules/.pnpm/@vitest+runner@4.0.8/node_modules/@vitest/runner/dist/index.js:1636:20
    at new Promise (<anonymous>)
    at runWithTimeout (file:///C:/apps/Racket/Racket/node_modules/.pnpm/@vitest+runner@4.0.8/node_modules/@vitest/runner/dist/index.js:1602:10)
    at runTest (file:///C:/apps/Racket/Racket/node_modules/.pnpm/@vitest+runner@4.0.8/node_modules/@vitest/runner/dist/index.js:1309:12)
    at runSuite (file:///C:/apps/Racket/Racket/node_modules/.pnpm/@vitest+runner@4.0.8/node_modules/@vitest/runner/dist/index.js:1468:8)
    at runSuite (file:///C:/apps/Racket/Racket/node_modules/.pnpm/@vitest+runner@4.0.8/node_modules/@vitest/runner/dist/index.js:1468:8)
    at runSuite (file:///C:/apps/Racket/Racket/node_modules/.pnpm/@vitest+runner@4.0.8/node_modules/@vitest/runner/dist/index.js:1468:8)

[90mstdout[2m | frontend/src/pages/__tests__/ScoreboardV2.test.tsx[2m > [22m[2mScoreboardV2 - Ace Button Behavior[2m > [22m[2mAce button functionality[2m > [22m[2msets playerInFocus to current server when Ace button is clicked
[22m[39m[ScoreboardV2] Iniciando carregamento da partida test-match-id
[ScoreboardV2] Buscando estado do backend para a partida test-match-id

[90mstdout[2m | frontend/src/pages/__tests__/ScoreboardV2.test.tsx[2m > [22m[2mScoreboardV2 - Ace Button Behavior[2m > [22m[2mAce button functionality[2m > [22m[2msets playerInFocus to current server when Ace button is clicked
[22m[39m[ScoreboardV2] Dados da partida carregados: {
  id: [32m'test-match-id'[39m,
  sportType: [32m'T├¬nis'[39m,
  format: [32m'BEST_OF_3'[39m,
  players: { p1: [32m'Jogador 1'[39m, p2: [32m'Jogador 2'[39m },
  status: [32m'IN_PROGRESS'[39m,
  matchState: {
    sets: { PLAYER_1: [33m0[39m, PLAYER_2: [33m0[39m },
    currentSet: [33m1[39m,
    currentSetState: { games: [36m[Object][39m },
    currentGame: { points: [36m[Object][39m, server: [32m'PLAYER_1'[39m, isTiebreak: [33mfalse[39m },
    server: [32m'PLAYER_1'[39m,
    isFinished: [33mfalse[39m,
    config: {},
    startedAt: [32m'2025-11-10T19:22:25.295Z'[39m
  }
}
[ScoreboardV2] Retomando partida com estado: {
  sets: { PLAYER_1: [33m0[39m, PLAYER_2: [33m0[39m },
  currentSet: [33m1[39m,
  currentSetState: { games: { PLAYER_1: [33m0[39m, PLAYER_2: [33m0[39m } },
  currentGame: {
    points: { PLAYER_1: [32m'0'[39m, PLAYER_2: [32m'0'[39m },
    server: [32m'PLAYER_1'[39m,
    isTiebreak: [33mfalse[39m
  },
  server: [32m'PLAYER_1'[39m,
  isFinished: [33mfalse[39m,
  config: {},
  startedAt: [32m'2025-11-10T19:22:25.295Z'[39m
}

[90mstdout[2m | frontend/src/pages/__tests__/ScoreboardV2.advanced.test.tsx[2m > [22m[2mScoreboardV2 - Cobertura Avan├ºada[2m > [22m[2mHist├│rico de Pontos[2m > [22m[2mdeve permitir desfazer ├║ltimo ponto
[22m[39m[ScoreboardV2] Adicionando ponto para PLAYER_1 [90mundefined[39m
[ScoreboardV2] Desfazendo ├║ltimo ponto
[ScoreboardV2] Ponto adicionado com sucesso para PLAYER_1
[ScoreboardV2] Ponto desfeito com sucesso

[90mstdout[2m | frontend/src/pages/__tests__/ScoreboardV2.advanced.test.tsx[2m > [22m[2mScoreboardV2 - Cobertura Avan├ºada[2m > [22m[2mPersist├¬ncia de Estado[2m > [22m[2mdeve persistir estado ap├│s cada ponto
[22m[39m[ScoreboardV2] Iniciando carregamento da partida test-match-id
[ScoreboardV2] Buscando estado do backend para a partida test-match-id

[90mstdout[2m | frontend/src/pages/__tests__/ScoreboardV2.advanced.test.tsx[2m > [22m[2mScoreboardV2 - Cobertura Avan├ºada[2m > [22m[2mPersist├¬ncia de Estado[2m > [22m[2mdeve persistir estado ap├│s cada ponto
[22m[39m[ScoreboardV2] Dados da partida carregados: {
  id: [32m'test-match-id'[39m,
  sportType: [32m'T├¬nis'[39m,
  format: [32m'BEST_OF_3'[39m,
  players: { p1: [32m'Jogador 1'[39m, p2: [32m'Jogador 2'[39m },
  status: [32m'IN_PROGRESS'[39m,
  matchState: {
    sets: { PLAYER_1: [33m0[39m, PLAYER_2: [33m0[39m },
    currentSet: [33m1[39m,
    currentSetState: { games: [36m[Object][39m },
    currentGame: { points: [36m[Object][39m, server: [32m'PLAYER_1'[39m, isTiebreak: [33mfalse[39m },
    server: [32m'PLAYER_1'[39m,
    isFinished: [33mfalse[39m,
    config: {},
    startedAt: [32m'2025-11-10T19:22:25.998Z'[39m
  },
  stats: {
    totalPoints: [33m10[39m,
    player1: {
      pointsWon: [33m5[39m,
      totalServes: [33m5[39m,
      firstServes: [33m4[39m,
      secondServes: [33m1[39m,
      firstServeWins: [33m3[39m,
      secondServeWins: [33m1[39m,
      aces: [33m1[39m,
      doubleFaults: [33m0[39m,
      serviceWinners: [33m1[39m,
      servicePointsWon: [33m4[39m,
      returnPointsWon: [33m1[39m,
      winners: [33m2[39m,
      unforcedErrors: [33m1[39m,
      forcedErrors: [33m0[39m,
      shortRallies: [33m2[39m,
      longRallies: [33m1[39m,
      breakPoints: [33m1[39m,
      breakPointsSaved: [33m0[39m,
      firstServePercentage: [33m80[39m,
      firstServeWinPercentage: [33m75[39m,
      secondServeWinPercentage: [33m100[39m,
      serviceHoldPercentage: [33m80[39m,
      breakPointConversion: [33m0[39m,
      winnerToErrorRatio: [33m2[39m,
      returnWinPercentage: [33m20[39m,
      dominanceRatio: [33m2[39m
    },
    player2: {
      pointsWon: [33m5[39m,
      totalServes: [33m5[39m,
      firstServes: [33m3[39m,
      secondServes: [33m2[39m,
      firstServeWins: [33m2[39m,
      secondServeWins: [33m1[39m,
      aces: [33m0[39m,
      doubleFaults: [33m1[39m,
      serviceWinners: [33m0[39m,
      servicePointsWon: [33m3[39m,
      returnPointsWon: [33m2[39m,
      winners: [33m1[39m,
      unforcedErrors: [33m2[39m,
      forcedErrors: [33m1[39m,
      shortRallies: [33m1[39m,
      longRallies: [33m0[39m,
      breakPoints: [33m0[39m,
      breakPointsSaved: [33m0[39m,
      firstServePercentage: [33m60[39m,
      firstServeWinPercentage: [33m66.7[39m,
      secondServeWinPercentage: [33m50[39m,
      serviceHoldPercentage: [33m60[39m,
      breakPointConversion: [33m0[39m,
      winnerToErrorRatio: [33m0.5[39m,
      returnWinPercentage: [33m40[39m,
      dominanceRatio: [33m1[39m
    },
    match: {
      avgRallyLength: [33m5.5[39m,
      longestRally: [33m12[39m,
      shortestRally: [33m1[39m,
      totalRallies: [33m10[39m
    },
    pointsHistory: []
  }
}
[ScoreboardV2] Retomando partida com estado: {
  sets: { PLAYER_1: [33m0[39m, PLAYER_2: [33m0[39m },
  currentSet: [33m1[39m,
  currentSetState: { games: { PLAYER_1: [33m0[39m, PLAYER_2: [33m0[39m } },
  currentGame: {
    points: { PLAYER_1: [32m'0'[39m, PLAYER_2: [32m'0'[39m },
    server: [32m'PLAYER_1'[39m,
    isTiebreak: [33mfalse[39m
  },
  server: [32m'PLAYER_1'[39m,
  isFinished: [33mfalse[39m,
  config: {},
  startedAt: [32m'2025-11-10T19:22:25.998Z'[39m
}

[90mstdout[2m | frontend/src/pages/__tests__/ScoreboardV2.test.tsx[2m > [22m[2mScoreboardV2 - Ace Button Behavior[2m > [22m[2mAce button functionality[2m > [22m[2mdoes not preselect any result when Ace button is clicked
[22m[39m[ScoreboardV2] Iniciando carregamento da partida test-match-id
[ScoreboardV2] Buscando estado do backend para a partida test-match-id

[90mstdout[2m | frontend/src/pages/__tests__/ScoreboardV2.advanced.test.tsx[2m > [22m[2mScoreboardV2 - Cobertura Avan├ºada[2m > [22m[2mPersist├¬ncia de Estado[2m > [22m[2mdeve persistir estado ap├│s cada ponto
[22m[39m[ScoreboardV2] Adicionando ponto para PLAYER_1 [90mundefined[39m

[90mstdout[2m | frontend/src/pages/__tests__/ScoreboardV2.advanced.test.tsx[2m > [22m[2mScoreboardV2 - Cobertura Avan├ºada[2m > [22m[2mPersist├¬ncia de Estado[2m > [22m[2mdeve persistir estado ap├│s cada ponto
[22m[39m[ScoreboardV2] Ponto adicionado com sucesso para PLAYER_1

[90mstdout[2m | frontend/src/pages/__tests__/ScoreboardV2.test.tsx[2m > [22m[2mScoreboardV2 - Ace Button Behavior[2m > [22m[2mAce button functionality[2m > [22m[2mdoes not preselect any result when Ace button is clicked
[22m[39m[ScoreboardV2] Dados da partida carregados: {
  id: [32m'test-match-id'[39m,
  sportType: [32m'T├¬nis'[39m,
  format: [32m'BEST_OF_3'[39m,
  players: { p1: [32m'Jogador 1'[39m, p2: [32m'Jogador 2'[39m },
  status: [32m'IN_PROGRESS'[39m,
  matchState: {
    sets: { PLAYER_1: [33m0[39m, PLAYER_2: [33m0[39m },
    currentSet: [33m1[39m,
    currentSetState: { games: [36m[Object][39m },
    currentGame: { points: [36m[Object][39m, server: [32m'PLAYER_1'[39m, isTiebreak: [33mfalse[39m },
    server: [32m'PLAYER_1'[39m,
    isFinished: [33mfalse[39m,
    config: {},
    startedAt: [32m'2025-11-10T19:22:25.295Z'[39m
  }
}
[ScoreboardV2] Retomando partida com estado: {
  sets: { PLAYER_1: [33m0[39m, PLAYER_2: [33m0[39m },
  currentSet: [33m1[39m,
  currentSetState: { games: { PLAYER_1: [33m0[39m, PLAYER_2: [33m0[39m } },
  currentGame: {
    points: { PLAYER_1: [32m'0'[39m, PLAYER_2: [32m'0'[39m },
    server: [32m'PLAYER_1'[39m,
    isTiebreak: [33mfalse[39m
  },
  server: [32m'PLAYER_1'[39m,
  isFinished: [33mfalse[39m,
  config: {},
  startedAt: [32m'2025-11-10T19:22:25.295Z'[39m
}

 [32mÔ£ô[39m frontend/src/pages/__tests__/ScoreboardV2.advanced.test.tsx [2m([22m[2m7 tests[22m[2m | [22m[33m1 skipped[39m[2m)[22m[33m 775[2mms[22m[39m
       [33m[2mÔ£ô[22m[39m deve permitir desfazer ├║ltimo ponto [33m 493[2mms[22m[39m
[90mstdout[2m | frontend/src/pages/__tests__/ScoreboardV2.test.tsx[2m > [22m[2mScoreboardV2 - Ace Button Behavior[2m > [22m[2mAce button functionality[2m > [22m[2mallows user to select result and confirm point through modal
[22m[39m[ScoreboardV2] Iniciando carregamento da partida test-match-id
[ScoreboardV2] Buscando estado do backend para a partida test-match-id

[90mstdout[2m | frontend/src/pages/__tests__/ScoreboardV2.test.tsx[2m > [22m[2mScoreboardV2 - Ace Button Behavior[2m > [22m[2mAce button functionality[2m > [22m[2mallows user to select result and confirm point through modal
[22m[39m[ScoreboardV2] Dados da partida carregados: {
  id: [32m'test-match-id'[39m,
  sportType: [32m'T├¬nis'[39m,
  format: [32m'BEST_OF_3'[39m,
  players: { p1: [32m'Jogador 1'[39m, p2: [32m'Jogador 2'[39m },
  status: [32m'IN_PROGRESS'[39m,
  matchState: {
    sets: { PLAYER_1: [33m0[39m, PLAYER_2: [33m0[39m },
    currentSet: [33m1[39m,
    currentSetState: { games: [36m[Object][39m },
    currentGame: { points: [36m[Object][39m, server: [32m'PLAYER_1'[39m, isTiebreak: [33mfalse[39m },
    server: [32m'PLAYER_1'[39m,
    isFinished: [33mfalse[39m,
    config: {},
    startedAt: [32m'2025-11-10T19:22:25.295Z'[39m
  }
}
[ScoreboardV2] Retomando partida com estado: {
  sets: { PLAYER_1: [33m0[39m, PLAYER_2: [33m0[39m },
  currentSet: [33m1[39m,
  currentSetState: { games: { PLAYER_1: [33m0[39m, PLAYER_2: [33m0[39m } },
  currentGame: {
    points: { PLAYER_1: [32m'0'[39m, PLAYER_2: [32m'0'[39m },
    server: [32m'PLAYER_1'[39m,
    isTiebreak: [33mfalse[39m
  },
  server: [32m'PLAYER_1'[39m,
  isFinished: [33mfalse[39m,
  config: {},
  startedAt: [32m'2025-11-10T19:22:25.295Z'[39m
}

[90mstdout[2m | frontend/src/pages/__tests__/MatchSetup.test.tsx[2m > [22m[2mMatchSetup - Match Creation Flow[2m > [22m[2mForm validation[2m > [22m[2mallows form submission when both players are selected
[22m[39maxios.post retornou: {
  id: [32m'test-match-id'[39m,
  sportType: [32m'TENNIS'[39m,
  format: [32m'BEST_OF_3'[39m,
  players: { p1: [32m'Jogador 1'[39m, p2: [32m'Jogador 2'[39m },
  status: [32m'NOT_STARTED'[39m
}

 [32mÔ£ô[39m frontend/tests/MatchStatsModal.test.tsx [2m([22m[2m24 tests[22m[2m)[22m[33m 1122[2mms[22m[39m
       [33m[2mÔ£ô[22m[39m chama onClose quando bot├úo de fechar ├® clicado [33m 370[2mms[22m[39m
 [32mÔ£ô[39m frontend/src/pages/__tests__/MatchSetup.test.tsx [2m([22m[2m6 tests[22m[2m)[22m[33m 1032[2mms[22m[39m
       [33m[2mÔ£ô[22m[39m creates match and navigates without showing alert [33m 440[2mms[22m[39m
[90mstdout[2m | frontend/src/pages/__tests__/ScoreboardV2.test.tsx[2m > [22m[2mScoreboardV2 - Ace Button Behavior[2m > [22m[2mAce button functionality[2m > [22m[2mallows user to select result and confirm point through modal
[22m[39m[ScoreboardV2] Adicionando ponto para PLAYER_1 {
  serve: { type: [32m'SERVICE_WINNER'[39m, isFirstServe: [33mtrue[39m },
  result: { winner: [32m'PLAYER_1'[39m, type: [32m'WINNER'[39m },
  rally: { ballExchanges: [33m1[39m }
}

[90mstdout[2m | frontend/src/pages/__tests__/ScoreboardV2.test.tsx[2m > [22m[2mScoreboardV2 - Ace Button Behavior[2m > [22m[2mAce button functionality[2m > [22m[2mallows user to select result and confirm point through modal
[22m[39m[ScoreboardV2] Ponto adicionado com sucesso para PLAYER_1

[90mstdout[2m | frontend/src/pages/__tests__/ScoreboardV2.test.tsx[2m > [22m[2mScoreboardV2 - Ace Button Behavior[2m > [22m[2mAce button functionality[2m > [22m[2mcloses modal after confirming point
[22m[39m[ScoreboardV2] Iniciando carregamento da partida test-match-id
[ScoreboardV2] Buscando estado do backend para a partida test-match-id

[90mstdout[2m | frontend/src/pages/__tests__/ScoreboardV2.test.tsx[2m > [22m[2mScoreboardV2 - Ace Button Behavior[2m > [22m[2mAce button functionality[2m > [22m[2mcloses modal after confirming point
[22m[39m[ScoreboardV2] Dados da partida carregados: {
  id: [32m'test-match-id'[39m,
  sportType: [32m'T├¬nis'[39m,
  format: [32m'BEST_OF_3'[39m,
  players: { p1: [32m'Jogador 1'[39m, p2: [32m'Jogador 2'[39m },
  status: [32m'IN_PROGRESS'[39m,
  matchState: {
    sets: { PLAYER_1: [33m0[39m, PLAYER_2: [33m0[39m },
    currentSet: [33m1[39m,
    currentSetState: { games: [36m[Object][39m },
    currentGame: { points: [36m[Object][39m, server: [32m'PLAYER_1'[39m, isTiebreak: [33mfalse[39m },
    server: [32m'PLAYER_1'[39m,
    isFinished: [33mfalse[39m,
    config: {},
    startedAt: [32m'2025-11-10T19:22:25.295Z'[39m
  }
}
[ScoreboardV2] Retomando partida com estado: {
  sets: { PLAYER_1: [33m0[39m, PLAYER_2: [33m0[39m },
  currentSet: [33m1[39m,
  currentSetState: { games: { PLAYER_1: [33m0[39m, PLAYER_2: [33m0[39m } },
  currentGame: {
    points: { PLAYER_1: [32m'0'[39m, PLAYER_2: [32m'0'[39m },
    server: [32m'PLAYER_1'[39m,
    isTiebreak: [33mfalse[39m
  },
  server: [32m'PLAYER_1'[39m,
  isFinished: [33mfalse[39m,
  config: {},
  startedAt: [32m'2025-11-10T19:22:25.295Z'[39m
}

[90mstdout[2m | frontend/src/pages/__tests__/ScoreboardV2.test.tsx[2m > [22m[2mScoreboardV2 - Ace Button Behavior[2m > [22m[2mAce button functionality[2m > [22m[2mcloses modal after confirming point
[22m[39m[ScoreboardV2] Adicionando ponto para PLAYER_1 {
  serve: { type: [32m'SERVICE_WINNER'[39m, isFirstServe: [33mtrue[39m },
  result: { winner: [32m'PLAYER_1'[39m, type: [32m'WINNER'[39m },
  rally: { ballExchanges: [33m1[39m }
}

[90mstdout[2m | frontend/src/pages/__tests__/ScoreboardV2.test.tsx[2m > [22m[2mScoreboardV2 - Ace Button Behavior[2m > [22m[2mAce button functionality[2m > [22m[2mcloses modal after confirming point
[22m[39m[ScoreboardV2] Ponto adicionado com sucesso para PLAYER_1

[90mstdout[2m | frontend/src/pages/__tests__/ScoreboardV2.test.tsx[2m > [22m[2mScoreboardV2 - Ace Button Behavior[2m > [22m[2mAce button functionality[2m > [22m[2mallows canceling the modal without adding point
[22m[39m[ScoreboardV2] Iniciando carregamento da partida test-match-id
[ScoreboardV2] Buscando estado do backend para a partida test-match-id

[90mstdout[2m | frontend/src/pages/__tests__/ScoreboardV2.test.tsx[2m > [22m[2mScoreboardV2 - Ace Button Behavior[2m > [22m[2mAce button functionality[2m > [22m[2mallows canceling the modal without adding point
[22m[39m[ScoreboardV2] Dados da partida carregados: {
  id: [32m'test-match-id'[39m,
  sportType: [32m'T├¬nis'[39m,
  format: [32m'BEST_OF_3'[39m,
  players: { p1: [32m'Jogador 1'[39m, p2: [32m'Jogador 2'[39m },
  status: [32m'IN_PROGRESS'[39m,
  matchState: {
    sets: { PLAYER_1: [33m0[39m, PLAYER_2: [33m0[39m },
    currentSet: [33m1[39m,
    currentSetState: { games: [36m[Object][39m },
    currentGame: { points: [36m[Object][39m, server: [32m'PLAYER_1'[39m, isTiebreak: [33mfalse[39m },
    server: [32m'PLAYER_1'[39m,
    isFinished: [33mfalse[39m,
    config: {},
    startedAt: [32m'2025-11-10T19:22:25.295Z'[39m
  }
}
[ScoreboardV2] Retomando partida com estado: {
  sets: { PLAYER_1: [33m0[39m, PLAYER_2: [33m0[39m },
  currentSet: [33m1[39m,
  currentSetState: { games: { PLAYER_1: [33m0[39m, PLAYER_2: [33m0[39m } },
  currentGame: {
    points: { PLAYER_1: [32m'0'[39m, PLAYER_2: [32m'0'[39m },
    server: [32m'PLAYER_1'[39m,
    isTiebreak: [33mfalse[39m
  },
  server: [32m'PLAYER_1'[39m,
  isFinished: [33mfalse[39m,
  config: {},
  startedAt: [32m'2025-11-10T19:22:25.295Z'[39m
}

[90mstdout[2m | frontend/src/pages/__tests__/ScoreboardV2.test.tsx[2m > [22m[2mScoreboardV2 - Ace Button Behavior[2m > [22m[2mAce button availability[2m > [22m[2mshows Ace button when serveStep is none and server exists
[22m[39m[ScoreboardV2] Iniciando carregamento da partida test-match-id
[ScoreboardV2] Buscando estado do backend para a partida test-match-id

[90mstdout[2m | frontend/src/pages/__tests__/ScoreboardV2.test.tsx[2m > [22m[2mScoreboardV2 - Ace Button Behavior[2m > [22m[2mAce button availability[2m > [22m[2mshows Ace button when serveStep is none and server exists
[22m[39m[ScoreboardV2] Dados da partida carregados: {
  id: [32m'test-match-id'[39m,
  sportType: [32m'T├¬nis'[39m,
  format: [32m'BEST_OF_3'[39m,
  players: { p1: [32m'Jogador 1'[39m, p2: [32m'Jogador 2'[39m },
  status: [32m'IN_PROGRESS'[39m,
  matchState: {
    sets: { PLAYER_1: [33m0[39m, PLAYER_2: [33m0[39m },
    currentSet: [33m1[39m,
    currentSetState: { games: [36m[Object][39m },
    currentGame: { points: [36m[Object][39m, server: [32m'PLAYER_1'[39m, isTiebreak: [33mfalse[39m },
    server: [32m'PLAYER_1'[39m,
    isFinished: [33mfalse[39m,
    config: {},
    startedAt: [32m'2025-11-10T19:22:25.295Z'[39m
  }
}
[ScoreboardV2] Retomando partida com estado: {
  sets: { PLAYER_1: [33m0[39m, PLAYER_2: [33m0[39m },
  currentSet: [33m1[39m,
  currentSetState: { games: { PLAYER_1: [33m0[39m, PLAYER_2: [33m0[39m } },
  currentGame: {
    points: { PLAYER_1: [32m'0'[39m, PLAYER_2: [32m'0'[39m },
    server: [32m'PLAYER_1'[39m,
    isTiebreak: [33mfalse[39m
  },
  server: [32m'PLAYER_1'[39m,
  isFinished: [33mfalse[39m,
  config: {},
  startedAt: [32m'2025-11-10T19:22:25.295Z'[39m
}

[90mstdout[2m | frontend/src/pages/__tests__/ScoreboardV2.test.tsx[2m > [22m[2mScoreboardV2 - Ace Button Behavior[2m > [22m[2mAce button availability[2m > [22m[2mhides Ace button when match is finished
[22m[39m[ScoreboardV2] Iniciando carregamento da partida test-match-id
[ScoreboardV2] Buscando estado do backend para a partida test-match-id

[90mstdout[2m | frontend/src/pages/__tests__/ScoreboardV2.test.tsx[2m > [22m[2mScoreboardV2 - Ace Button Behavior[2m > [22m[2mAce button availability[2m > [22m[2mhides Ace button when match is finished
[22m[39m[ScoreboardV2] Dados da partida carregados: {
  id: [32m'test-match-id'[39m,
  sportType: [32m'T├¬nis'[39m,
  format: [32m'BEST_OF_3'[39m,
  players: { p1: [32m'Jogador 1'[39m, p2: [32m'Jogador 2'[39m },
  status: [32m'IN_PROGRESS'[39m,
  matchState: {
    sets: { PLAYER_1: [33m0[39m, PLAYER_2: [33m0[39m },
    currentSet: [33m1[39m,
    currentSetState: { games: [36m[Object][39m },
    currentGame: { points: [36m[Object][39m, server: [32m'PLAYER_1'[39m, isTiebreak: [33mfalse[39m },
    server: [32m'PLAYER_1'[39m,
    isFinished: [33mfalse[39m,
    config: {},
    startedAt: [32m'2025-11-10T19:22:25.295Z'[39m
  }
}
[ScoreboardV2] Retomando partida com estado: {
  sets: { PLAYER_1: [33m0[39m, PLAYER_2: [33m0[39m },
  currentSet: [33m1[39m,
  currentSetState: { games: { PLAYER_1: [33m0[39m, PLAYER_2: [33m0[39m } },
  currentGame: {
    points: { PLAYER_1: [32m'0'[39m, PLAYER_2: [32m'0'[39m },
    server: [32m'PLAYER_1'[39m,
    isTiebreak: [33mfalse[39m
  },
  server: [32m'PLAYER_1'[39m,
  isFinished: [33mfalse[39m,
  config: {},
  startedAt: [32m'2025-11-10T19:22:25.295Z'[39m
}

[90mstdout[2m | frontend/src/pages/__tests__/ScoreboardV2.test.tsx[2m > [22m[2mScoreboardV2 - Ace Button Behavior[2m > [22m[2mAce button availability[2m > [22m[2mhides Ace button when serveStep is second
[22m[39m[ScoreboardV2] Iniciando carregamento da partida test-match-id
[ScoreboardV2] Buscando estado do backend para a partida test-match-id

[90mstdout[2m | frontend/src/pages/__tests__/ScoreboardV2.test.tsx[2m > [22m[2mScoreboardV2 - Ace Button Behavior[2m > [22m[2mAce button availability[2m > [22m[2mhides Ace button when serveStep is second
[22m[39m[ScoreboardV2] Dados da partida carregados: {
  id: [32m'test-match-id'[39m,
  sportType: [32m'T├¬nis'[39m,
  format: [32m'BEST_OF_3'[39m,
  players: { p1: [32m'Jogador 1'[39m, p2: [32m'Jogador 2'[39m },
  status: [32m'IN_PROGRESS'[39m,
  matchState: {
    sets: { PLAYER_1: [33m0[39m, PLAYER_2: [33m0[39m },
    currentSet: [33m1[39m,
    currentSetState: { games: [36m[Object][39m },
    currentGame: { points: [36m[Object][39m, server: [32m'PLAYER_1'[39m, isTiebreak: [33mfalse[39m },
    server: [32m'PLAYER_1'[39m,
    isFinished: [33mfalse[39m,
    config: {},
    startedAt: [32m'2025-11-10T19:22:25.295Z'[39m
  }
}
[ScoreboardV2] Retomando partida com estado: {
  sets: { PLAYER_1: [33m0[39m, PLAYER_2: [33m0[39m },
  currentSet: [33m1[39m,
  currentSetState: { games: { PLAYER_1: [33m0[39m, PLAYER_2: [33m0[39m } },
  currentGame: {
    points: { PLAYER_1: [32m'0'[39m, PLAYER_2: [32m'0'[39m },
    server: [32m'PLAYER_1'[39m,
    isTiebreak: [33mfalse[39m
  },
  server: [32m'PLAYER_1'[39m,
  isFinished: [33mfalse[39m,
  config: {},
  startedAt: [32m'2025-11-10T19:22:25.295Z'[39m
}

[90mstdout[2m | frontend/src/pages/__tests__/ScoreboardV2.test.tsx[2m > [22m[2mScoreboardV2 - Ace Button Behavior[2m > [22m[2mIntegration with existing tests[2m > [22m[2mmaintains existing 1┬║ Saque button behavior
[22m[39m[ScoreboardV2] Iniciando carregamento da partida test-match-id
[ScoreboardV2] Buscando estado do backend para a partida test-match-id

[90mstdout[2m | frontend/src/pages/__tests__/ScoreboardV2.test.tsx[2m > [22m[2mScoreboardV2 - Ace Button Behavior[2m > [22m[2mIntegration with existing tests[2m > [22m[2mmaintains existing 1┬║ Saque button behavior
[22m[39m[ScoreboardV2] Dados da partida carregados: {
  id: [32m'test-match-id'[39m,
  sportType: [32m'T├¬nis'[39m,
  format: [32m'BEST_OF_3'[39m,
  players: { p1: [32m'Jogador 1'[39m, p2: [32m'Jogador 2'[39m },
  status: [32m'IN_PROGRESS'[39m,
  matchState: {
    sets: { PLAYER_1: [33m0[39m, PLAYER_2: [33m0[39m },
    currentSet: [33m1[39m,
    currentSetState: { games: [36m[Object][39m },
    currentGame: { points: [36m[Object][39m, server: [32m'PLAYER_1'[39m, isTiebreak: [33mfalse[39m },
    server: [32m'PLAYER_1'[39m,
    isFinished: [33mfalse[39m,
    config: {},
    startedAt: [32m'2025-11-10T19:22:25.295Z'[39m
  }
}
[ScoreboardV2] Retomando partida com estado: {
  sets: { PLAYER_1: [33m0[39m, PLAYER_2: [33m0[39m },
  currentSet: [33m1[39m,
  currentSetState: { games: { PLAYER_1: [33m0[39m, PLAYER_2: [33m0[39m } },
  currentGame: {
    points: { PLAYER_1: [32m'0'[39m, PLAYER_2: [32m'0'[39m },
    server: [32m'PLAYER_1'[39m,
    isTiebreak: [33mfalse[39m
  },
  server: [32m'PLAYER_1'[39m,
  isFinished: [33mfalse[39m,
  config: {},
  startedAt: [32m'2025-11-10T19:22:25.295Z'[39m
}

[90mstdout[2m | frontend/src/pages/__tests__/ScoreboardV2.test.tsx[2m > [22m[2mScoreboardV2 - Ace Button Behavior[2m > [22m[2mIntegration with existing tests[2m > [22m[2mmaintains existing point buttons functionality
[22m[39m[ScoreboardV2] Iniciando carregamento da partida test-match-id
[ScoreboardV2] Buscando estado do backend para a partida test-match-id

[90mstdout[2m | frontend/src/pages/__tests__/ScoreboardV2.test.tsx[2m > [22m[2mScoreboardV2 - Ace Button Behavior[2m > [22m[2mIntegration with existing tests[2m > [22m[2mmaintains existing point buttons functionality
[22m[39m[ScoreboardV2] Dados da partida carregados: {
  id: [32m'test-match-id'[39m,
  sportType: [32m'T├¬nis'[39m,
  format: [32m'BEST_OF_3'[39m,
  players: { p1: [32m'Jogador 1'[39m, p2: [32m'Jogador 2'[39m },
  status: [32m'IN_PROGRESS'[39m,
  matchState: {
    sets: { PLAYER_1: [33m0[39m, PLAYER_2: [33m0[39m },
    currentSet: [33m1[39m,
    currentSetState: { games: [36m[Object][39m },
    currentGame: { points: [36m[Object][39m, server: [32m'PLAYER_1'[39m, isTiebreak: [33mfalse[39m },
    server: [32m'PLAYER_1'[39m,
    isFinished: [33mfalse[39m,
    config: {},
    startedAt: [32m'2025-11-10T19:22:25.295Z'[39m
  }
}
[ScoreboardV2] Retomando partida com estado: {
  sets: { PLAYER_1: [33m0[39m, PLAYER_2: [33m0[39m },
  currentSet: [33m1[39m,
  currentSetState: { games: { PLAYER_1: [33m0[39m, PLAYER_2: [33m0[39m } },
  currentGame: {
    points: { PLAYER_1: [32m'0'[39m, PLAYER_2: [32m'0'[39m },
    server: [32m'PLAYER_1'[39m,
    isTiebreak: [33mfalse[39m
  },
  server: [32m'PLAYER_1'[39m,
  isFinished: [33mfalse[39m,
  config: {},
  startedAt: [32m'2025-11-10T19:22:25.295Z'[39m
}

[90mstdout[2m | frontend/src/pages/__tests__/ScoreboardV2.test.tsx[2m > [22m[2mScoreboardV2 - Ace Button Behavior[2m > [22m[2mIntegration with existing tests[2m > [22m[2mmaintains existing point buttons functionality
[22m[39m[ScoreboardV2] Adicionando ponto para PLAYER_1 [90mundefined[39m

stderr | frontend/src/pages/__tests__/ScoreboardV2.test.tsx > ScoreboardV2 - Ace Button Behavior > Integration with existing tests > maintains existing point buttons functionality
Warning: An update to ScoreboardV2 inside a test was not wrapped in act(...).

When testing, code that causes React state updates should be wrapped into act(...):

act(() => {
  /* fire events that update state */
});
/* assert on the output */

This ensures that you're testing the behavior the user would see in the browser. Learn more at https://reactjs.org/link/wrap-tests-with-act
    at ScoreboardV2 (C:/apps/Racket/Racket/frontend/src/pages/ScoreboardV2.tsx:104:25)
    at Router (C:\apps\Racket\Racket\node_modules\.pnpm\react-router@6.30.1_react@18.3.1\node_modules\react-router\dist\umd\react-router.development.js:1207:17)
    at BrowserRouter (C:\apps\Racket\Racket\node_modules\.pnpm\react-router-dom@6.30.1_rea_32183f923d2f77881bbb08a88c6f2afc\node_modules\react-router-dom\dist\umd\react-router-dom.development.js:695:7)
Warning: An update to ScoreboardV2 inside a test was not wrapped in act(...).

When testing, code that causes React state updates should be wrapped into act(...):

act(() => {
  /* fire events that update state */
});
/* assert on the output */

This ensures that you're testing the behavior the user would see in the browser. Learn more at https://reactjs.org/link/wrap-tests-with-act
    at ScoreboardV2 (C:/apps/Racket/Racket/frontend/src/pages/ScoreboardV2.tsx:104:25)
    at Router (C:\apps\Racket\Racket\node_modules\.pnpm\react-router@6.30.1_react@18.3.1\node_modules\react-router\dist\umd\react-router.development.js:1207:17)
    at BrowserRouter (C:\apps\Racket\Racket\node_modules\.pnpm\react-router-dom@6.30.1_rea_32183f923d2f77881bbb08a88c6f2afc\node_modules\react-router-dom\dist\umd\react-router-dom.development.js:695:7)

[90mstdout[2m | frontend/src/pages/__tests__/ScoreboardV2.test.tsx[2m > [22m[2mScoreboardV2 - Ace Button Behavior[2m > [22m[2mIntegration with existing tests[2m > [22m[2mmaintains existing point buttons functionality
[22m[39m[ScoreboardV2] Ponto adicionado com sucesso para PLAYER_1

[90mstdout[2m | frontend/src/pages/__tests__/ScoreboardV2.test.tsx[2m > [22m[2mScoreboardV2 - Restaura├º├úo de Estado e Fluxos[2m > [22m[2mprioriza estado passado via navigation state
[22m[39m[ScoreboardV2] Iniciando carregamento da partida test-match-id
[ScoreboardV2] Usando estado inicial fornecido pela navega├º├úo para a partida test-match-id
[ScoreboardV2] Dados da partida carregados: {
  id: [32m'test-match-id'[39m,
  sportType: [32m'T├¬nis'[39m,
  format: [32m'BEST_OF_3'[39m,
  players: { p1: [32m'Jogador 1'[39m, p2: [32m'Jogador 2'[39m },
  status: [32m'IN_PROGRESS'[39m,
  matchState: {
    sets: { PLAYER_1: [33m0[39m, PLAYER_2: [33m0[39m },
    currentSet: [33m1[39m,
    currentSetState: { games: [36m[Object][39m },
    currentGame: { points: [36m[Object][39m, server: [32m'PLAYER_1'[39m, isTiebreak: [33mfalse[39m },
    server: [32m'PLAYER_1'[39m,
    isFinished: [33mfalse[39m,
    config: { format: [32m'BEST_OF_3'[39m },
    startedAt: [32m'2025-11-10T19:22:25.295Z'[39m
  }
}
[ScoreboardV2] Retomando partida com estado: {
  sets: { PLAYER_1: [33m0[39m, PLAYER_2: [33m0[39m },
  currentSet: [33m1[39m,
  currentSetState: { games: { PLAYER_1: [33m0[39m, PLAYER_2: [33m0[39m } },
  currentGame: {
    points: { PLAYER_1: [32m'0'[39m, PLAYER_2: [32m'0'[39m },
    server: [32m'PLAYER_1'[39m,
    isTiebreak: [33mfalse[39m
  },
  server: [32m'PLAYER_1'[39m,
  isFinished: [33mfalse[39m,
  config: { format: [32m'BEST_OF_3'[39m },
  startedAt: [32m'2025-11-10T19:22:25.295Z'[39m
}

[90mstdout[2m | frontend/src/pages/__tests__/ScoreboardV2.test.tsx[2m > [22m[2mScoreboardV2 - Restaura├º├úo de Estado e Fluxos[2m > [22m[2mrestaura estado profundo do backend quando n├úo h├í navigation state
[22m[39m[ScoreboardV2] Iniciando carregamento da partida test-match-id
[ScoreboardV2] Usando estado inicial fornecido pela navega├º├úo para a partida test-match-id
[ScoreboardV2] Dados da partida carregados: {
  id: [32m'test-match-id'[39m,
  sportType: [32m'T├¬nis'[39m,
  format: [32m'BEST_OF_3'[39m,
  players: { p1: [32m'Jogador 1'[39m, p2: [32m'Jogador 2'[39m },
  status: [32m'IN_PROGRESS'[39m,
  matchState: {
    sets: { PLAYER_1: [33m0[39m, PLAYER_2: [33m0[39m },
    currentSet: [33m1[39m,
    currentSetState: { games: [36m[Object][39m },
    currentGame: { points: [36m[Object][39m, server: [32m'PLAYER_1'[39m, isTiebreak: [33mfalse[39m },
    server: [32m'PLAYER_1'[39m,
    isFinished: [33mfalse[39m,
    config: { format: [32m'BEST_OF_3'[39m },
    startedAt: [32m'2025-11-10T19:22:25.295Z'[39m
  }
}
[ScoreboardV2] Retomando partida com estado: {
  sets: { PLAYER_1: [33m0[39m, PLAYER_2: [33m0[39m },
  currentSet: [33m1[39m,
  currentSetState: { games: { PLAYER_1: [33m0[39m, PLAYER_2: [33m0[39m } },
  currentGame: {
    points: { PLAYER_1: [32m'0'[39m, PLAYER_2: [32m'0'[39m },
    server: [32m'PLAYER_1'[39m,
    isTiebreak: [33mfalse[39m
  },
  server: [32m'PLAYER_1'[39m,
  isFinished: [33mfalse[39m,
  config: { format: [32m'BEST_OF_3'[39m },
  startedAt: [32m'2025-11-10T19:22:25.295Z'[39m
}

[90mstdout[2m | frontend/src/pages/__tests__/ScoreboardV2.test.tsx[2m > [22m[2mScoreboardV2 - Restaura├º├úo de Estado e Fluxos[2m > [22m[2mredireciona para dashboard se partida finalizada
[22m[39m[ScoreboardV2] Iniciando carregamento da partida test-match-id
[ScoreboardV2] Buscando estado do backend para a partida test-match-id
stderr | frontend/src/pages/__tests__/ScoreboardV2.test.tsx > ScoreboardV2 - Restaura├º├úo de Estado e Fluxos > redireciona para dashboard se partida finalizada
[ScoreboardV2] Tentativa de carregar partida finalizada test-match-id - redirecionando para dashboard
[ScoreboardV2] scoringSystem est├í undefined {
  matchData: {
    id: 'test-match-id',
    sportType: 'T├¬nis',
    format: 'BEST_OF_3',
    players: { p1: 'Jogador 1', p2: 'Jogador 2' },
    status: 'FINISHED',
    matchState: {
      sets: [Object],
      currentSet: 1,
      currentSetState: [Object],
      currentGame: [Object],
      server: 'PLAYER_1',
      isFinished: false,
      config: [Object],
      startedAt: '2025-11-10T19:22:25.295Z'
    }
  }
}


[90mstdout[2m | frontend/src/pages/__tests__/ScoreboardV2.test.tsx[2m > [22m[2mScoreboardV2 - Restaura├º├úo de Estado e Fluxos[2m > [22m[2mredireciona para dashboard se partida finalizada
[22m[39m[ScoreboardV2] Dados da partida carregados: {
  id: [32m'test-match-id'[39m,
  sportType: [32m'T├¬nis'[39m,
  format: [32m'BEST_OF_3'[39m,
  players: { p1: [32m'Jogador 1'[39m, p2: [32m'Jogador 2'[39m },
  status: [32m'FINISHED'[39m,
  matchState: {
    sets: { PLAYER_1: [33m0[39m, PLAYER_2: [33m0[39m },
    currentSet: [33m1[39m,
    currentSetState: { games: [36m[Object][39m },
    currentGame: { points: [36m[Object][39m, server: [32m'PLAYER_1'[39m, isTiebreak: [33mfalse[39m },
    server: [32m'PLAYER_1'[39m,
    isFinished: [33mfalse[39m,
    config: { format: [32m'BEST_OF_3'[39m },
    startedAt: [32m'2025-11-10T19:22:25.295Z'[39m
  }
}

[90mstdout[2m | frontend/src/pages/__tests__/ScoreboardV2.test.tsx[2m > [22m[2mScoreboardV2 - Restaura├º├úo de Estado e Fluxos[2m > [22m[2mabre setup se partida n├úo iniciada
[22m[39m[ScoreboardV2] Iniciando carregamento da partida test-match-id
[ScoreboardV2] Buscando estado do backend para a partida test-match-id

[90mstdout[2m | frontend/src/pages/__tests__/ScoreboardV2.test.tsx[2m > [22m[2mScoreboardV2 - Restaura├º├úo de Estado e Fluxos[2m > [22m[2mabre setup se partida n├úo iniciada
[22m[39m[ScoreboardV2] Dados da partida carregados: {
  id: [32m'test-match-id'[39m,
  sportType: [32m'T├¬nis'[39m,
  format: [32m'BEST_OF_3'[39m,
  players: { p1: [32m'Jogador 1'[39m, p2: [32m'Jogador 2'[39m },
  status: [32m'NOT_STARTED'[39m,
  matchState: {
    sets: { PLAYER_1: [33m0[39m, PLAYER_2: [33m0[39m },
    currentSet: [33m1[39m,
    currentSetState: { games: [36m[Object][39m },
    currentGame: { points: [36m[Object][39m, server: [32m'PLAYER_1'[39m, isTiebreak: [33mfalse[39m },
    server: [32m'PLAYER_1'[39m,
    isFinished: [33mfalse[39m,
    config: { format: [32m'BEST_OF_3'[39m },
    startedAt: [32m'2025-11-10T19:22:25.295Z'[39m
  }
}
[ScoreboardV2] Partida n├úo iniciada, abrindo setup

[90mstdout[2m | frontend/src/pages/__tests__/ScoreboardV2.test.tsx[2m > [22m[2mScoreboardV2 - Restaura├º├úo de Estado e Fluxos[2m > [22m[2mFinaliza├º├úo Autom├ítica de Partida[2m > [22m[2mexibe banner de vit├│ria quando partida ├® finalizada por regras do jogo
[22m[39m[ScoreboardV2] Iniciando carregamento da partida test-match-id
[ScoreboardV2] Buscando estado do backend para a partida test-match-id

[90mstdout[2m | frontend/src/pages/__tests__/ScoreboardV2.test.tsx[2m > [22m[2mScoreboardV2 - Restaura├º├úo de Estado e Fluxos[2m > [22m[2mFinaliza├º├úo Autom├ítica de Partida[2m > [22m[2mexibe banner de vit├│ria quando partida ├® finalizada por regras do jogo
[22m[39m[ScoreboardV2] Dados da partida carregados: {
  id: [32m'test-match-id'[39m,
  sportType: [32m'T├¬nis'[39m,
  format: [32m'BEST_OF_3'[39m,
  players: { p1: [32m'Jogador 1'[39m, p2: [32m'Jogador 2'[39m },
  status: [32m'IN_PROGRESS'[39m,
  matchState: {
    sets: { PLAYER_1: [33m0[39m, PLAYER_2: [33m0[39m },
    currentSet: [33m1[39m,
    currentSetState: { games: [36m[Object][39m },
    currentGame: { points: [36m[Object][39m, server: [32m'PLAYER_1'[39m, isTiebreak: [33mfalse[39m },
    server: [32m'PLAYER_1'[39m,
    isFinished: [33mfalse[39m,
    config: {},
    startedAt: [32m'2025-11-10T19:22:25.295Z'[39m
  }
}
[ScoreboardV2] Retomando partida com estado: {
  sets: { PLAYER_1: [33m0[39m, PLAYER_2: [33m0[39m },
  currentSet: [33m1[39m,
  currentSetState: { games: { PLAYER_1: [33m0[39m, PLAYER_2: [33m0[39m } },
  currentGame: {
    points: { PLAYER_1: [32m'0'[39m, PLAYER_2: [32m'0'[39m },
    server: [32m'PLAYER_1'[39m,
    isTiebreak: [33mfalse[39m
  },
  server: [32m'PLAYER_1'[39m,
  isFinished: [33mfalse[39m,
  config: {},
  startedAt: [32m'2025-11-10T19:22:25.295Z'[39m
}

[90mstdout[2m | frontend/src/pages/__tests__/ScoreboardV2.test.tsx[2m > [22m[2mScoreboardV2 - Restaura├º├úo de Estado e Fluxos[2m > [22m[2mFinaliza├º├úo Autom├ítica de Partida[2m > [22m[2mexibe banner de vit├│ria quando partida ├® finalizada por regras do jogo
[22m[39m[ScoreboardV2] Iniciando carregamento da partida test-match-id
[ScoreboardV2] Buscando estado do backend para a partida test-match-id

[90mstdout[2m | frontend/src/pages/__tests__/ScoreboardV2.test.tsx[2m > [22m[2mScoreboardV2 - Restaura├º├úo de Estado e Fluxos[2m > [22m[2mFinaliza├º├úo Autom├ítica de Partida[2m > [22m[2mexibe banner de vit├│ria quando partida ├® finalizada por regras do jogo
[22m[39m[ScoreboardV2] Dados da partida carregados: {
  id: [32m'test-match-id'[39m,
  sportType: [32m'T├¬nis'[39m,
  format: [32m'BEST_OF_3'[39m,
  players: { p1: [32m'Jogador 1'[39m, p2: [32m'Jogador 2'[39m },
  status: [32m'IN_PROGRESS'[39m,
  matchState: {
    sets: { PLAYER_1: [33m0[39m, PLAYER_2: [33m0[39m },
    currentSet: [33m1[39m,
    currentSetState: { games: [36m[Object][39m },
    currentGame: { points: [36m[Object][39m, server: [32m'PLAYER_1'[39m, isTiebreak: [33mfalse[39m },
    server: [32m'PLAYER_1'[39m,
    isFinished: [33mfalse[39m,
    config: {},
    startedAt: [32m'2025-11-10T19:22:25.295Z'[39m
  }
}
[ScoreboardV2] Retomando partida com estado: {
  sets: { PLAYER_1: [33m0[39m, PLAYER_2: [33m0[39m },
  currentSet: [33m1[39m,
  currentSetState: { games: { PLAYER_1: [33m0[39m, PLAYER_2: [33m0[39m } },
  currentGame: {
    points: { PLAYER_1: [32m'0'[39m, PLAYER_2: [32m'0'[39m },
    server: [32m'PLAYER_1'[39m,
    isTiebreak: [33mfalse[39m
  },
  server: [32m'PLAYER_1'[39m,
  isFinished: [33mfalse[39m,
  config: {},
  startedAt: [32m'2025-11-10T19:22:25.295Z'[39m
}

[90mstdout[2m | frontend/src/pages/__tests__/ScoreboardV2.test.tsx[2m > [22m[2mScoreboardV2 - Restaura├º├úo de Estado e Fluxos[2m > [22m[2mFinaliza├º├úo Autom├ítica de Partida[2m > [22m[2mexibe bot├Áes de a├º├úo ap├│s finaliza├º├úo
[22m[39m[ScoreboardV2] Iniciando carregamento da partida test-match-id
[ScoreboardV2] Buscando estado do backend para a partida test-match-id

[90mstdout[2m | frontend/src/pages/__tests__/ScoreboardV2.test.tsx[2m > [22m[2mScoreboardV2 - Restaura├º├úo de Estado e Fluxos[2m > [22m[2mFinaliza├º├úo Autom├ítica de Partida[2m > [22m[2mexibe bot├Áes de a├º├úo ap├│s finaliza├º├úo
[22m[39m[ScoreboardV2] Dados da partida carregados: {
  id: [32m'test-match-id'[39m,
  sportType: [32m'T├¬nis'[39m,
  format: [32m'BEST_OF_3'[39m,
  players: { p1: [32m'Jogador 1'[39m, p2: [32m'Jogador 2'[39m },
  status: [32m'IN_PROGRESS'[39m,
  matchState: {
    sets: { PLAYER_1: [33m0[39m, PLAYER_2: [33m0[39m },
    currentSet: [33m1[39m,
    currentSetState: { games: [36m[Object][39m },
    currentGame: { points: [36m[Object][39m, server: [32m'PLAYER_1'[39m, isTiebreak: [33mfalse[39m },
    server: [32m'PLAYER_1'[39m,
    isFinished: [33mfalse[39m,
    config: {},
    startedAt: [32m'2025-11-10T19:22:25.295Z'[39m
  }
}
[ScoreboardV2] Retomando partida com estado: {
  sets: { PLAYER_1: [33m0[39m, PLAYER_2: [33m0[39m },
  currentSet: [33m1[39m,
  currentSetState: { games: { PLAYER_1: [33m0[39m, PLAYER_2: [33m0[39m } },
  currentGame: {
    points: { PLAYER_1: [32m'0'[39m, PLAYER_2: [32m'0'[39m },
    server: [32m'PLAYER_1'[39m,
    isTiebreak: [33mfalse[39m
  },
  server: [32m'PLAYER_1'[39m,
  isFinished: [33mfalse[39m,
  config: {},
  startedAt: [32m'2025-11-10T19:22:25.295Z'[39m
}

 [32mÔ£ô[39m frontend/src/components/__tests__/PointDetailsModal.normalizacao.test.tsx [2m([22m[2m3 tests[22m[2m)[22m[33m 450[2mms[22m[39m
     [33m[2mÔ£ô[22m[39m exibe apenas uma op├º├úo para cada resultado, mesmo que haja varia├º├Áes de acento ou mai├║sculas/min├║sculas [33m 375[2mms[22m[39m
[90mstdout[2m | frontend/src/pages/__tests__/ScoreboardV2.test.tsx[2m > [22m[2mScoreboardV2 - Restaura├º├úo de Estado e Fluxos[2m > [22m[2mFinaliza├º├úo Autom├ítica de Partida[2m > [22m[2mexibe bot├Áes de a├º├úo ap├│s finaliza├º├úo
[22m[39m[ScoreboardV2] Iniciando carregamento da partida test-match-id
[ScoreboardV2] Buscando estado do backend para a partida test-match-id

[90mstdout[2m | frontend/src/pages/__tests__/ScoreboardV2.test.tsx[2m > [22m[2mScoreboardV2 - Restaura├º├úo de Estado e Fluxos[2m > [22m[2mFinaliza├º├úo Autom├ítica de Partida[2m > [22m[2mexibe bot├Áes de a├º├úo ap├│s finaliza├º├úo
[22m[39m[ScoreboardV2] Dados da partida carregados: {
  id: [32m'test-match-id'[39m,
  sportType: [32m'T├¬nis'[39m,
  format: [32m'BEST_OF_3'[39m,
  players: { p1: [32m'Jogador 1'[39m, p2: [32m'Jogador 2'[39m },
  status: [32m'IN_PROGRESS'[39m,
  matchState: {
    sets: { PLAYER_1: [33m0[39m, PLAYER_2: [33m0[39m },
    currentSet: [33m1[39m,
    currentSetState: { games: [36m[Object][39m },
    currentGame: { points: [36m[Object][39m, server: [32m'PLAYER_1'[39m, isTiebreak: [33mfalse[39m },
    server: [32m'PLAYER_1'[39m,
    isFinished: [33mfalse[39m,
    config: {},
    startedAt: [32m'2025-11-10T19:22:25.295Z'[39m
  }
}
[ScoreboardV2] Retomando partida com estado: {
  sets: { PLAYER_1: [33m0[39m, PLAYER_2: [33m0[39m },
  currentSet: [33m1[39m,
  currentSetState: { games: { PLAYER_1: [33m0[39m, PLAYER_2: [33m0[39m } },
  currentGame: {
    points: { PLAYER_1: [32m'0'[39m, PLAYER_2: [32m'0'[39m },
    server: [32m'PLAYER_1'[39m,
    isTiebreak: [33mfalse[39m
  },
  server: [32m'PLAYER_1'[39m,
  isFinished: [33mfalse[39m,
  config: {},
  startedAt: [32m'2025-11-10T19:22:25.295Z'[39m
}

[90mstdout[2m | frontend/src/pages/__tests__/ScoreboardV2.test.tsx[2m > [22m[2mScoreboardV2 - Restaura├º├úo de Estado e Fluxos[2m > [22m[2mFinaliza├º├úo Autom├ítica de Partida[2m > [22m[2mdesabilita bot├Áes de pontua├º├úo ap├│s finaliza├º├úo
[22m[39m[ScoreboardV2] Iniciando carregamento da partida test-match-id
[ScoreboardV2] Buscando estado do backend para a partida test-match-id

[90mstdout[2m | frontend/src/pages/__tests__/ScoreboardV2.test.tsx[2m > [22m[2mScoreboardV2 - Restaura├º├úo de Estado e Fluxos[2m > [22m[2mFinaliza├º├úo Autom├ítica de Partida[2m > [22m[2mdesabilita bot├Áes de pontua├º├úo ap├│s finaliza├º├úo
[22m[39m[ScoreboardV2] Dados da partida carregados: {
  id: [32m'test-match-id'[39m,
  sportType: [32m'T├¬nis'[39m,
  format: [32m'BEST_OF_3'[39m,
  players: { p1: [32m'Jogador 1'[39m, p2: [32m'Jogador 2'[39m },
  status: [32m'IN_PROGRESS'[39m,
  matchState: {
    sets: { PLAYER_1: [33m0[39m, PLAYER_2: [33m0[39m },
    currentSet: [33m1[39m,
    currentSetState: { games: [36m[Object][39m },
    currentGame: { points: [36m[Object][39m, server: [32m'PLAYER_1'[39m, isTiebreak: [33mfalse[39m },
    server: [32m'PLAYER_1'[39m,
    isFinished: [33mfalse[39m,
    config: {},
    startedAt: [32m'2025-11-10T19:22:25.295Z'[39m
  }
}
[ScoreboardV2] Retomando partida com estado: {
  sets: { PLAYER_1: [33m0[39m, PLAYER_2: [33m0[39m },
  currentSet: [33m1[39m,
  currentSetState: { games: { PLAYER_1: [33m0[39m, PLAYER_2: [33m0[39m } },
  currentGame: {
    points: { PLAYER_1: [32m'0'[39m, PLAYER_2: [32m'0'[39m },
    server: [32m'PLAYER_1'[39m,
    isTiebreak: [33mfalse[39m
  },
  server: [32m'PLAYER_1'[39m,
  isFinished: [33mfalse[39m,
  config: {},
  startedAt: [32m'2025-11-10T19:22:25.295Z'[39m
}

[90mstdout[2m | frontend/src/pages/__tests__/ScoreboardV2.test.tsx[2m > [22m[2mScoreboardV2 - Restaura├º├úo de Estado e Fluxos[2m > [22m[2mFinaliza├º├úo Autom├ítica de Partida[2m > [22m[2mdesabilita bot├Áes de pontua├º├úo ap├│s finaliza├º├úo
[22m[39m[ScoreboardV2] Iniciando carregamento da partida test-match-id
[ScoreboardV2] Buscando estado do backend para a partida test-match-id

[90mstdout[2m | frontend/src/pages/__tests__/ScoreboardV2.test.tsx[2m > [22m[2mScoreboardV2 - Restaura├º├úo de Estado e Fluxos[2m > [22m[2mFinaliza├º├úo Autom├ítica de Partida[2m > [22m[2mdesabilita bot├Áes de pontua├º├úo ap├│s finaliza├º├úo
[22m[39m[ScoreboardV2] Dados da partida carregados: {
  id: [32m'test-match-id'[39m,
  sportType: [32m'T├¬nis'[39m,
  format: [32m'BEST_OF_3'[39m,
  players: { p1: [32m'Jogador 1'[39m, p2: [32m'Jogador 2'[39m },
  status: [32m'IN_PROGRESS'[39m,
  matchState: {
    sets: { PLAYER_1: [33m0[39m, PLAYER_2: [33m0[39m },
    currentSet: [33m1[39m,
    currentSetState: { games: [36m[Object][39m },
    currentGame: { points: [36m[Object][39m, server: [32m'PLAYER_1'[39m, isTiebreak: [33mfalse[39m },
    server: [32m'PLAYER_1'[39m,
    isFinished: [33mfalse[39m,
    config: {},
    startedAt: [32m'2025-11-10T19:22:25.295Z'[39m
  }
}
[ScoreboardV2] Retomando partida com estado: {
  sets: { PLAYER_1: [33m0[39m, PLAYER_2: [33m0[39m },
  currentSet: [33m1[39m,
  currentSetState: { games: { PLAYER_1: [33m0[39m, PLAYER_2: [33m0[39m } },
  currentGame: {
    points: { PLAYER_1: [32m'0'[39m, PLAYER_2: [32m'0'[39m },
    server: [32m'PLAYER_1'[39m,
    isTiebreak: [33mfalse[39m
  },
  server: [32m'PLAYER_1'[39m,
  isFinished: [33mfalse[39m,
  config: {},
  startedAt: [32m'2025-11-10T19:22:25.295Z'[39m
}

 [32mÔ£ô[39m frontend/src/components/__tests__/MatchStatsModal.test.tsx [2m([22m[2m2 tests[22m[2m)[22m[33m 517[2mms[22m[39m
     [33m[2mÔ£ô[22m[39m deve chamar onClose ao clicar em fechar [33m 391[2mms[22m[39m
[90mstdout[2m | frontend/src/pages/__tests__/ScoreboardV2.test.tsx[2m > [22m[2mScoreboardV2 - Restaura├º├úo de Estado e Fluxos[2m > [22m[2mFinaliza├º├úo Autom├ítica de Partida[2m > [22m[2mfinaliza partida automaticamente quando regras determinam vencedor
[22m[39m[ScoreboardV2] Iniciando carregamento da partida test-match-id
[ScoreboardV2] Buscando estado do backend para a partida test-match-id

 [32mÔ£ô[39m frontend/src/Responsiveness.test.tsx [2m([22m[2m3 tests[22m[2m)[22m[32m 277[2mms[22m[39m
[90mstdout[2m | frontend/src/pages/__tests__/ScoreboardV2.test.tsx[2m > [22m[2mScoreboardV2 - Restaura├º├úo de Estado e Fluxos[2m > [22m[2mFinaliza├º├úo Autom├ítica de Partida[2m > [22m[2mfinaliza partida automaticamente quando regras determinam vencedor
[22m[39m[ScoreboardV2] Dados da partida carregados: {
  id: [32m'test-match-id'[39m,
  sportType: [32m'T├¬nis'[39m,
  format: [32m'BEST_OF_3'[39m,
  players: { p1: [32m'Jogador 1'[39m, p2: [32m'Jogador 2'[39m },
  status: [32m'IN_PROGRESS'[39m,
  matchState: {
    sets: { PLAYER_1: [33m0[39m, PLAYER_2: [33m0[39m },
    currentSet: [33m1[39m,
    currentSetState: { games: [36m[Object][39m },
    currentGame: { points: [36m[Object][39m, server: [32m'PLAYER_1'[39m, isTiebreak: [33mfalse[39m },
    server: [32m'PLAYER_1'[39m,
    isFinished: [33mfalse[39m,
    config: {},
    startedAt: [32m'2025-11-10T19:22:25.295Z'[39m
  }
}
[ScoreboardV2] Retomando partida com estado: {
  sets: { PLAYER_1: [33m0[39m, PLAYER_2: [33m0[39m },
  currentSet: [33m1[39m,
  currentSetState: { games: { PLAYER_1: [33m0[39m, PLAYER_2: [33m0[39m } },
  currentGame: {
    points: { PLAYER_1: [32m'0'[39m, PLAYER_2: [32m'0'[39m },
    server: [32m'PLAYER_1'[39m,
    isTiebreak: [33mfalse[39m
  },
  server: [32m'PLAYER_1'[39m,
  isFinished: [33mfalse[39m,
  config: {},
  startedAt: [32m'2025-11-10T19:22:25.295Z'[39m
}

[90mstdout[2m | frontend/src/pages/__tests__/ScoreboardV2.test.tsx[2m > [22m[2mScoreboardV2 - Restaura├º├úo de Estado e Fluxos[2m > [22m[2mFinaliza├º├úo Autom├ítica de Partida[2m > [22m[2mfinaliza partida automaticamente quando regras determinam vencedor
[22m[39m[ScoreboardV2] Adicionando ponto para PLAYER_1 [90mundefined[39m

[90mstdout[2m | frontend/src/pages/__tests__/ScoreboardV2.test.tsx[2m > [22m[2mScoreboardV2 - Restaura├º├úo de Estado e Fluxos[2m > [22m[2mFinaliza├º├úo Autom├ítica de Partida[2m > [22m[2mfinaliza partida automaticamente quando regras determinam vencedor
[22m[39m[ScoreboardV2] Partida finalizada! Vencedor: PLAYER_1
[ScoreboardV2] Ponto adicionado com sucesso para PLAYER_1

[90mstdout[2m | frontend/src/pages/__tests__/ScoreboardV2.test.tsx[2m > [22m[2mScoreboardV2 - Restaura├º├úo de Estado e Fluxos[2m > [22m[2mhandleEndMatch - Interrup├º├úo de Partida[2m > [22m[2mn├úo finaliza partida automaticamente ao interromper
[22m[39m[ScoreboardV2] Iniciando carregamento da partida test-match-id
[ScoreboardV2] Buscando estado do backend para a partida test-match-id

[90mstdout[2m | frontend/src/pages/__tests__/ScoreboardV2.test.tsx[2m > [22m[2mScoreboardV2 - Restaura├º├úo de Estado e Fluxos[2m > [22m[2mhandleEndMatch - Interrup├º├úo de Partida[2m > [22m[2mn├úo finaliza partida automaticamente ao interromper
[22m[39m[ScoreboardV2] Dados da partida carregados: {
  id: [32m'test-match-id'[39m,
  sportType: [32m'T├¬nis'[39m,
  format: [32m'BEST_OF_3'[39m,
  players: { p1: [32m'Jogador 1'[39m, p2: [32m'Jogador 2'[39m },
  status: [32m'IN_PROGRESS'[39m,
  matchState: {
    sets: { PLAYER_1: [33m0[39m, PLAYER_2: [33m0[39m },
    currentSet: [33m1[39m,
    currentSetState: { games: [36m[Object][39m },
    currentGame: { points: [36m[Object][39m, server: [32m'PLAYER_1'[39m, isTiebreak: [33mfalse[39m },
    server: [32m'PLAYER_1'[39m,
    isFinished: [33mfalse[39m,
    config: {},
    startedAt: [32m'2025-11-10T19:22:25.295Z'[39m
  }
}
[ScoreboardV2] Retomando partida com estado: {
  sets: { PLAYER_1: [33m0[39m, PLAYER_2: [33m0[39m },
  currentSet: [33m1[39m,
  currentSetState: { games: { PLAYER_1: [33m0[39m, PLAYER_2: [33m0[39m } },
  currentGame: {
    points: { PLAYER_1: [32m'0'[39m, PLAYER_2: [32m'0'[39m },
    server: [32m'PLAYER_1'[39m,
    isTiebreak: [33mfalse[39m
  },
  server: [32m'PLAYER_1'[39m,
  isFinished: [33mfalse[39m,
  config: {},
  startedAt: [32m'2025-11-10T19:22:25.295Z'[39m
}

[90mstdout[2m | frontend/src/pages/__tests__/ScoreboardV2.test.tsx[2m > [22m[2mScoreboardV2 - Restaura├º├úo de Estado e Fluxos[2m > [22m[2mhandleEndMatch - Interrup├º├úo de Partida[2m > [22m[2mn├úo finaliza partida automaticamente ao interromper
[22m[39m[ScoreboardV2] Finalizando partida e persistindo estado
[ScoreboardV2] Sincronizando estado atual

[90mstdout[2m | frontend/src/pages/__tests__/ScoreboardV2.test.tsx[2m > [22m[2mScoreboardV2 - Restaura├º├úo de Estado e Fluxos[2m > [22m[2mhandleEndMatch - Interrup├º├úo de Partida[2m > [22m[2msincroniza estado atual sem finalizar partida
[22m[39m[ScoreboardV2] Iniciando carregamento da partida test-match-id
[ScoreboardV2] Buscando estado do backend para a partida test-match-id

[90mstdout[2m | frontend/src/pages/__tests__/ScoreboardV2.test.tsx[2m > [22m[2mScoreboardV2 - Restaura├º├úo de Estado e Fluxos[2m > [22m[2mhandleEndMatch - Interrup├º├úo de Partida[2m > [22m[2msincroniza estado atual sem finalizar partida
[22m[39m[ScoreboardV2] Dados da partida carregados: {
  id: [32m'test-match-id'[39m,
  sportType: [32m'T├¬nis'[39m,
  format: [32m'BEST_OF_3'[39m,
  players: { p1: [32m'Jogador 1'[39m, p2: [32m'Jogador 2'[39m },
  status: [32m'IN_PROGRESS'[39m,
  matchState: {
    sets: { PLAYER_1: [33m0[39m, PLAYER_2: [33m0[39m },
    currentSet: [33m1[39m,
    currentSetState: { games: [36m[Object][39m },
    currentGame: { points: [36m[Object][39m, server: [32m'PLAYER_1'[39m, isTiebreak: [33mfalse[39m },
    server: [32m'PLAYER_1'[39m,
    isFinished: [33mfalse[39m,
    config: {},
    startedAt: [32m'2025-11-10T19:22:25.295Z'[39m
  }
}
[ScoreboardV2] Retomando partida com estado: {
  sets: { PLAYER_1: [33m0[39m, PLAYER_2: [33m0[39m },
  currentSet: [33m1[39m,
  currentSetState: { games: { PLAYER_1: [33m0[39m, PLAYER_2: [33m0[39m } },
  currentGame: {
    points: { PLAYER_1: [32m'0'[39m, PLAYER_2: [32m'0'[39m },
    server: [32m'PLAYER_1'[39m,
    isTiebreak: [33mfalse[39m
  },
  server: [32m'PLAYER_1'[39m,
  isFinished: [33mfalse[39m,
  config: {},
  startedAt: [32m'2025-11-10T19:22:25.295Z'[39m
}

[90mstdout[2m | frontend/src/pages/__tests__/ScoreboardV2.test.tsx[2m > [22m[2mScoreboardV2 - Restaura├º├úo de Estado e Fluxos[2m > [22m[2mhandleEndMatch - Interrup├º├úo de Partida[2m > [22m[2msincroniza estado atual sem finalizar partida
[22m[39m[ScoreboardV2] Finalizando partida e persistindo estado
[ScoreboardV2] Sincronizando estado atual

[90mstdout[2m | frontend/src/pages/__tests__/ScoreboardV2.test.tsx[2m > [22m[2mScoreboardV2 - Restaura├º├úo de Estado e Fluxos[2m > [22m[2mhandleEndMatch - Interrup├º├úo de Partida[2m > [22m[2mpermite retomada da partida ap├│s interrup├º├úo
[22m[39m[ScoreboardV2] Iniciando carregamento da partida test-match-id
[ScoreboardV2] Buscando estado do backend para a partida test-match-id

[90mstdout[2m | frontend/src/pages/__tests__/ScoreboardV2.test.tsx[2m > [22m[2mScoreboardV2 - Restaura├º├úo de Estado e Fluxos[2m > [22m[2mhandleEndMatch - Interrup├º├úo de Partida[2m > [22m[2mpermite retomada da partida ap├│s interrup├º├úo
[22m[39m[ScoreboardV2] Dados da partida carregados: {
  id: [32m'test-match-id'[39m,
  sportType: [32m'T├¬nis'[39m,
  format: [32m'BEST_OF_3'[39m,
  players: { p1: [32m'Jogador 1'[39m, p2: [32m'Jogador 2'[39m },
  status: [32m'IN_PROGRESS'[39m,
  matchState: {
    sets: { PLAYER_1: [33m0[39m, PLAYER_2: [33m0[39m },
    currentSet: [33m1[39m,
    currentSetState: { games: [36m[Object][39m },
    currentGame: { points: [36m[Object][39m, server: [32m'PLAYER_1'[39m, isTiebreak: [33mfalse[39m },
    server: [32m'PLAYER_1'[39m,
    isFinished: [33mfalse[39m,
    config: {},
    startedAt: [32m'2025-11-10T19:22:25.295Z'[39m
  }
}
[ScoreboardV2] Retomando partida com estado: {
  sets: { PLAYER_1: [33m0[39m, PLAYER_2: [33m0[39m },
  currentSet: [33m1[39m,
  currentSetState: { games: { PLAYER_1: [33m0[39m, PLAYER_2: [33m0[39m } },
  currentGame: {
    points: { PLAYER_1: [32m'0'[39m, PLAYER_2: [32m'0'[39m },
    server: [32m'PLAYER_1'[39m,
    isTiebreak: [33mfalse[39m
  },
  server: [32m'PLAYER_1'[39m,
  isFinished: [33mfalse[39m,
  config: {},
  startedAt: [32m'2025-11-10T19:22:25.295Z'[39m
}

[90mstdout[2m | frontend/src/pages/__tests__/ScoreboardV2.test.tsx[2m > [22m[2mScoreboardV2 - Restaura├º├úo de Estado e Fluxos[2m > [22m[2mhandleEndMatch - Interrup├º├úo de Partida[2m > [22m[2mpermite retomada da partida ap├│s interrup├º├úo
[22m[39m[ScoreboardV2] Finalizando partida e persistindo estado
[ScoreboardV2] Sincronizando estado atual

[90mstdout[2m | frontend/src/pages/__tests__/ScoreboardV2.test.tsx[2m > [22m[2mScoreboardV2 - Restaura├º├úo de Estado e Fluxos[2m > [22m[2mhandleEndMatch - Interrup├º├úo de Partida[2m > [22m[2mn├úo persiste estado para partidas n├úo iniciadas
[22m[39m[ScoreboardV2] Iniciando carregamento da partida test-match-id
[ScoreboardV2] Buscando estado do backend para a partida test-match-id

[90mstdout[2m | frontend/src/pages/__tests__/ScoreboardV2.test.tsx[2m > [22m[2mScoreboardV2 - Restaura├º├úo de Estado e Fluxos[2m > [22m[2mhandleEndMatch - Interrup├º├úo de Partida[2m > [22m[2mn├úo persiste estado para partidas n├úo iniciadas
[22m[39m[ScoreboardV2] Dados da partida carregados: {
  id: [32m'test-match-id'[39m,
  sportType: [32m'T├¬nis'[39m,
  format: [32m'BEST_OF_3'[39m,
  players: { p1: [32m'Jogador 1'[39m, p2: [32m'Jogador 2'[39m },
  status: [32m'NOT_STARTED'[39m,
  matchState: {
    sets: { PLAYER_1: [33m0[39m, PLAYER_2: [33m0[39m },
    currentSet: [33m1[39m,
    currentSetState: { games: [36m[Object][39m },
    currentGame: { points: [36m[Object][39m, server: [32m'PLAYER_1'[39m, isTiebreak: [33mfalse[39m },
    server: [32m'PLAYER_1'[39m,
    isFinished: [33mfalse[39m,
    config: { format: [32m'BEST_OF_3'[39m },
    startedAt: [32m'2025-11-10T19:22:25.295Z'[39m
  }
}
[ScoreboardV2] Partida n├úo iniciada, abrindo setup

[90mstdout[2m | frontend/src/pages/__tests__/ScoreboardV2.test.tsx[2m > [22m[2mScoreboardV2 - Restaura├º├úo de Estado e Fluxos[2m > [22m[2mhandleEndMatch - Interrup├º├úo de Partida[2m > [22m[2mn├úo persiste estado para partidas n├úo iniciadas
[22m[39m[ScoreboardV2] Finalizando partida e persistindo estado

 [32mÔ£ô[39m frontend/src/pages/__tests__/ScoreboardV2.test.tsx [2m([22m[2m23 tests[22m[2m)[22m[33m 4486[2mms[22m[39m
       [33m[2mÔ£ô[22m[39m opens PointDetailsModal when Ace button is clicked [33m 544[2mms[22m[39m
       [33m[2mÔ£ô[22m[39m allows user to select result and confirm point through modal [33m 337[2mms[22m[39m
       [33m[2mÔ£ô[22m[39m desabilita bot├Áes de pontua├º├úo ap├│s finaliza├º├úo [33m 1387[2mms[22m[39m
stderr | frontend/src/contexts/MatchesContext.test.tsx > MatchesContext > Estado inicial > deve come├ºar com lista vazia
Warning: An update to MatchesProvider inside a test was not wrapped in act(...).

When testing, code that causes React state updates should be wrapped into act(...):

act(() => {
  /* fire events that update state */
});
/* assert on the output */

This ensures that you're testing the behavior the user would see in the browser. Learn more at https://reactjs.org/link/wrap-tests-with-act
    at MatchesProvider (C:/apps/Racket/Racket/frontend/src/contexts/MatchesContext.tsx:14:28)
    at AuthProvider (C:/apps/Racket/Racket/frontend/src/contexts/AuthContext.tsx:10:25)
    at TestWrapper (C:/apps/Racket/Racket/frontend/src/contexts/MatchesContext.test.tsx:36:24)
Warning: An update to MatchesProvider inside a test was not wrapped in act(...).

When testing, code that causes React state updates should be wrapped into act(...):

act(() => {
  /* fire events that update state */
});
/* assert on the output */

This ensures that you're testing the behavior the user would see in the browser. Learn more at https://reactjs.org/link/wrap-tests-with-act
    at MatchesProvider (C:/apps/Racket/Racket/frontend/src/contexts/MatchesContext.tsx:14:28)
    at AuthProvider (C:/apps/Racket/Racket/frontend/src/contexts/AuthContext.tsx:10:25)
    at TestWrapper (C:/apps/Racket/Racket/frontend/src/contexts/MatchesContext.test.tsx:36:24)

 [32mÔ£ô[39m frontend/src/components/__tests__/RulesGuide.test.tsx [2m([22m[2m2 tests[22m[2m)[22m[33m 389[2mms[22m[39m
     [33m[2mÔ£ô[22m[39m deve renderizar t├¡tulo e se├º├Áes principais [33m 343[2mms[22m[39m
stderr | frontend/src/contexts/MatchesContext.test.tsx > MatchesContext > Adicionar match > deve adicionar match ├á lista
Warning: An update to MatchesProvider inside a test was not wrapped in act(...).

When testing, code that causes React state updates should be wrapped into act(...):

act(() => {
  /* fire events that update state */
});
/* assert on the output */

This ensures that you're testing the behavior the user would see in the browser. Learn more at https://reactjs.org/link/wrap-tests-with-act
    at MatchesProvider (C:/apps/Racket/Racket/frontend/src/contexts/MatchesContext.tsx:14:28)
    at AuthProvider (C:/apps/Racket/Racket/frontend/src/contexts/AuthContext.tsx:10:25)
    at TestWrapper (C:/apps/Racket/Racket/frontend/src/contexts/MatchesContext.test.tsx:36:24)

stderr | frontend/src/contexts/MatchesContext.test.tsx > MatchesContext > Refresh matches > deve recarregar lista de matches
Warning: An update to MatchesProvider inside a test was not wrapped in act(...).

When testing, code that causes React state updates should be wrapped into act(...):

act(() => {
  /* fire events that update state */
});
/* assert on the output */

This ensures that you're testing the behavior the user would see in the browser. Learn more at https://reactjs.org/link/wrap-tests-with-act
    at MatchesProvider (C:/apps/Racket/Racket/frontend/src/contexts/MatchesContext.tsx:14:28)
    at AuthProvider (C:/apps/Racket/Racket/frontend/src/contexts/AuthContext.tsx:10:25)
    at TestWrapper (C:/apps/Racket/Racket/frontend/src/contexts/MatchesContext.test.tsx:36:24)
Warning: An update to MatchesProvider inside a test was not wrapped in act(...).

When testing, code that causes React state updates should be wrapped into act(...):

act(() => {
  /* fire events that update state */
});
/* assert on the output */

This ensures that you're testing the behavior the user would see in the browser. Learn more at https://reactjs.org/link/wrap-tests-with-act
    at MatchesProvider (C:/apps/Racket/Racket/frontend/src/contexts/MatchesContext.tsx:14:28)
    at AuthProvider (C:/apps/Racket/Racket/frontend/src/contexts/AuthContext.tsx:10:25)
    at TestWrapper (C:/apps/Racket/Racket/frontend/src/contexts/MatchesContext.test.tsx:36:24)

Error: useMatches must be used within a MatchesProvider
    at Module.useMatches (C:/apps/Racket/Racket/frontend/src/contexts/MatchesContext.tsx:115:11)
    at TestComponent (C:/apps/Racket/Racket/frontend/src/contexts/MatchesContext.test.tsx:38:65)
    at renderWithHooks (C:\apps\Racket\Racket\node_modules\.pnpm\react-dom@18.3.1_react@18.3.1\node_modules\react-dom\cjs\react-dom.development.js:15486:18)
    at mountIndeterminateComponent (C:\apps\Racket\Racket\node_modules\.pnpm\react-dom@18.3.1_react@18.3.1\node_modules\react-dom\cjs\react-dom.development.js:20103:13)
    at beginWork (C:\apps\Racket\Racket\node_modules\.pnpm\react-dom@18.3.1_react@18.3.1\node_modules\react-dom\cjs\react-dom.development.js:21626:16)
    at HTMLUnknownElement.callCallback (C:\apps\Racket\Racket\node_modules\.pnpm\react-dom@18.3.1_react@18.3.1\node_modules\react-dom\cjs\react-dom.development.js:4164:14)
    at HTMLUnknownElement.callTheUserObjectsOperation (C:\apps\Racket\Racket\node_modules\.pnpm\jsdom@27.1.0\node_modules\jsdom\lib\jsdom\living\generated\EventListener.js:26:30)
    at innerInvokeEventListeners (C:\apps\Racket\Racket\node_modules\.pnpm\jsdom@27.1.0\node_modules\jsdom\lib\jsdom\living\events\EventTarget-impl.js:360:16)
    at invokeEventListeners (C:\apps\Racket\Racket\node_modules\.pnpm\jsdom@27.1.0\node_modules\jsdom\lib\jsdom\living\events\EventTarget-impl.js:296:3)
    at HTMLUnknownElementImpl._dispatch (C:\apps\Racket\Racket\node_modules\.pnpm\jsdom@27.1.0\node_modules\jsdom\lib\jsdom\living\events\EventTarget-impl.js:243:9)
Error: useMatches must be used within a MatchesProvider
    at Module.useMatches (C:/apps/Racket/Racket/frontend/src/contexts/MatchesContext.tsx:115:11)
    at TestComponent (C:/apps/Racket/Racket/frontend/src/contexts/MatchesContext.test.tsx:38:65)
    at renderWithHooks (C:\apps\Racket\Racket\node_modules\.pnpm\react-dom@18.3.1_react@18.3.1\node_modules\react-dom\cjs\react-dom.development.js:15486:18)
    at mountIndeterminateComponent (C:\apps\Racket\Racket\node_modules\.pnpm\react-dom@18.3.1_react@18.3.1\node_modules\react-dom\cjs\react-dom.development.js:20103:13)
    at beginWork (C:\apps\Racket\Racket\node_modules\.pnpm\react-dom@18.3.1_react@18.3.1\node_modules\react-dom\cjs\react-dom.development.js:21626:16)
    at HTMLUnknownElement.callCallback (C:\apps\Racket\Racket\node_modules\.pnpm\react-dom@18.3.1_react@18.3.1\node_modules\react-dom\cjs\react-dom.development.js:4164:14)
    at HTMLUnknownElement.callTheUserObjectsOperation (C:\apps\Racket\Racket\node_modules\.pnpm\jsdom@27.1.0\node_modules\jsdom\lib\jsdom\living\generated\EventListener.js:26:30)
    at innerInvokeEventListeners (C:\apps\Racket\Racket\node_modules\.pnpm\jsdom@27.1.0\node_modules\jsdom\lib\jsdom\living\events\EventTarget-impl.js:360:16)
    at invokeEventListeners (C:\apps\Racket\Racket\node_modules\.pnpm\jsdom@27.1.0\node_modules\jsdom\lib\jsdom\living\events\EventTarget-impl.js:296:3)
    at HTMLUnknownElementImpl._dispatch (C:\apps\Racket\Racket\node_modules\.pnpm\jsdom@27.1.0\node_modules\jsdom\lib\jsdom\living\events\EventTarget-impl.js:243:9)
 [32mÔ£ô[39m frontend/src/contexts/MatchesContext.test.tsx [2m([22m[2m9 tests[22m[2m)[22m[32m 206[2mms[22m[39m
Error: useAuth must be used within an AuthProvider
    at Module.useAuth (C:/apps/Racket/Racket/frontend/src/contexts/AuthContext.tsx:122:11)
    at TestComponent (C:/apps/Racket/Racket/frontend/src/contexts/AuthContext.test.tsx:27:75)
    at renderWithHooks (C:\apps\Racket\Racket\node_modules\.pnpm\react-dom@18.3.1_react@18.3.1\node_modules\react-dom\cjs\react-dom.development.js:15486:18)
    at mountIndeterminateComponent (C:\apps\Racket\Racket\node_modules\.pnpm\react-dom@18.3.1_react@18.3.1\node_modules\react-dom\cjs\react-dom.development.js:20103:13)
    at beginWork (C:\apps\Racket\Racket\node_modules\.pnpm\react-dom@18.3.1_react@18.3.1\node_modules\react-dom\cjs\react-dom.development.js:21626:16)
    at HTMLUnknownElement.callCallback (C:\apps\Racket\Racket\node_modules\.pnpm\react-dom@18.3.1_react@18.3.1\node_modules\react-dom\cjs\react-dom.development.js:4164:14)
    at HTMLUnknownElement.callTheUserObjectsOperation (C:\apps\Racket\Racket\node_modules\.pnpm\jsdom@27.1.0\node_modules\jsdom\lib\jsdom\living\generated\EventListener.js:26:30)
    at innerInvokeEventListeners (C:\apps\Racket\Racket\node_modules\.pnpm\jsdom@27.1.0\node_modules\jsdom\lib\jsdom\living\events\EventTarget-impl.js:360:16)
    at invokeEventListeners (C:\apps\Racket\Racket\node_modules\.pnpm\jsdom@27.1.0\node_modules\jsdom\lib\jsdom\living\events\EventTarget-impl.js:296:3)
    at HTMLUnknownElementImpl._dispatch (C:\apps\Racket\Racket\node_modules\.pnpm\jsdom@27.1.0\node_modules\jsdom\lib\jsdom\living\events\EventTarget-impl.js:243:9)
Error: useAuth must be used within an AuthProvider
    at Module.useAuth (C:/apps/Racket/Racket/frontend/src/contexts/AuthContext.tsx:122:11)
    at TestComponent (C:/apps/Racket/Racket/frontend/src/contexts/AuthContext.test.tsx:27:75)
    at renderWithHooks (C:\apps\Racket\Racket\node_modules\.pnpm\react-dom@18.3.1_react@18.3.1\node_modules\react-dom\cjs\react-dom.development.js:15486:18)
    at mountIndeterminateComponent (C:\apps\Racket\Racket\node_modules\.pnpm\react-dom@18.3.1_react@18.3.1\node_modules\react-dom\cjs\react-dom.development.js:20103:13)
    at beginWork (C:\apps\Racket\Racket\node_modules\.pnpm\react-dom@18.3.1_react@18.3.1\node_modules\react-dom\cjs\react-dom.development.js:21626:16)
    at HTMLUnknownElement.callCallback (C:\apps\Racket\Racket\node_modules\.pnpm\react-dom@18.3.1_react@18.3.1\node_modules\react-dom\cjs\react-dom.development.js:4164:14)
    at HTMLUnknownElement.callTheUserObjectsOperation (C:\apps\Racket\Racket\node_modules\.pnpm\jsdom@27.1.0\node_modules\jsdom\lib\jsdom\living\generated\EventListener.js:26:30)
    at innerInvokeEventListeners (C:\apps\Racket\Racket\node_modules\.pnpm\jsdom@27.1.0\node_modules\jsdom\lib\jsdom\living\events\EventTarget-impl.js:360:16)
    at invokeEventListeners (C:\apps\Racket\Racket\node_modules\.pnpm\jsdom@27.1.0\node_modules\jsdom\lib\jsdom\living\events\EventTarget-impl.js:296:3)
    at HTMLUnknownElementImpl._dispatch (C:\apps\Racket\Racket\node_modules\.pnpm\jsdom@27.1.0\node_modules\jsdom\lib\jsdom\living\events\EventTarget-impl.js:243:9)
 [32mÔ£ô[39m frontend/src/contexts/AuthContext.test.tsx [2m([22m[2m9 tests[22m[2m)[22m[32m 154[2mms[22m[39m
stderr | frontend/src/services/updateMatchState.test.js > updateMatchState > atualiza estado da partida com sucesso
[updateMatchState] Valida├º├úo removida - opera├º├úo direta

[90mstdout[2m | frontend/src/services/updateMatchState.test.js[2m > [22m[2mupdateMatchState[2m > [22m[2matualiza estado da partida com sucesso
[22m[39m[updateMatchState] Atualizando partida test-match-id: status undefined -> IN_PROGRESS

stderr | frontend/src/services/updateMatchState.test.js > updateMatchState > muda status para IN_PROGRESS quando partida tem indicadores de progresso
[updateMatchState] Valida├º├úo removida - opera├º├úo direta

[90mstdout[2m | frontend/src/services/updateMatchState.test.js[2m > [22m[2mupdateMatchState[2m > [22m[2mmuda status para IN_PROGRESS quando partida tem indicadores de progresso
[22m[39m[updateMatchState] Atualizando partida test-match-id: status undefined -> IN_PROGRESS

stderr | frontend/src/services/updateMatchState.test.js > updateMatchState > muda status para FINISHED quando partida tem vencedor
[updateMatchState] Valida├º├úo removida - opera├º├úo direta

[90mstdout[2m | frontend/src/services/updateMatchState.test.js[2m > [22m[2mupdateMatchState[2m > [22m[2mmuda status para FINISHED quando partida tem vencedor
[22m[39m[updateMatchState] Atualizando partida test-match-id: status undefined -> FINISHED

stderr | frontend/src/services/updateMatchState.test.js > updateMatchState > trata payload de string corretamente
[updateMatchState] Valida├º├úo removida - opera├º├úo direta

[90mstdout[2m | frontend/src/services/updateMatchState.test.js[2m > [22m[2mupdateMatchState[2m > [22m[2mtrata payload de string corretamente
[22m[39m[updateMatchState] Atualizando partida test-match-id: status undefined -> IN_PROGRESS

stderr | frontend/src/services/updateMatchState.test.js > updateMatchState > trata payload inv├ílido graciosamente
[updateMatchState] Valida├º├úo removida - opera├º├úo direta

[90mstdout[2m | frontend/src/services/updateMatchState.test.js[2m > [22m[2mupdateMatchState[2m > [22m[2mtrata payload inv├ílido graciosamente
[22m[39m[updateMatchState] Atualizando partida test-match-id: status undefined -> NOT_STARTED

 [32mÔ£ô[39m frontend/src/services/updateMatchState.test.js [2m([22m[2m5 tests[22m[2m)[22m[32m 196[2mms[22m[39m
 [32mÔ£ô[39m frontend/src/contexts/__tests__/AuthContext.test.tsx [2m([22m[2m5 tests[22m[2m)[22m[32m 153[2mms[22m[39m
stderr | frontend/src/contexts/NavigationContext.test.tsx > NavigationContext > deve fornecer fun├º├Áes de navega├º├úo
ÔÜá´©Å React Router Future Flag Warning: React Router will begin wrapping state updates in `React.startTransition` in v7. You can use the `v7_startTransition` future flag to opt-in early. For more information, see https://reactrouter.com/v6/upgrading/future#v7_starttransition.
ÔÜá´©Å React Router Future Flag Warning: Relative route resolution within Splat routes is changing in v7. You can use the `v7_relativeSplatPath` future flag to opt-in early. For more information, see https://reactrouter.com/v6/upgrading/future#v7_relativesplatpath.

stderr | frontend/src/contexts/__tests__/NavigationContext.test.tsx > NavigationContext > deve inicializar com p├ígina inicial
ÔÜá´©Å React Router Future Flag Warning: React Router will begin wrapping state updates in `React.startTransition` in v7. You can use the `v7_startTransition` future flag to opt-in early. For more information, see https://reactrouter.com/v6/upgrading/future#v7_starttransition.
ÔÜá´©Å React Router Future Flag Warning: Relative route resolution within Splat routes is changing in v7. You can use the `v7_relativeSplatPath` future flag to opt-in early. For more information, see https://reactrouter.com/v6/upgrading/future#v7_relativesplatpath.

Error: useNavigation must be used within a NavigationProvider
    at Module.useNavigation (C:/apps/Racket/Racket/frontend/src/contexts/NavigationContext.tsx:76:11)
    at TestComponent (C:/apps/Racket/Racket/frontend/src/contexts/NavigationContext.test.tsx:35:7)
    at renderWithHooks (C:\apps\Racket\Racket\node_modules\.pnpm\react-dom@18.3.1_react@18.3.1\node_modules\react-dom\cjs\react-dom.development.js:15486:18)
    at mountIndeterminateComponent (C:\apps\Racket\Racket\node_modules\.pnpm\react-dom@18.3.1_react@18.3.1\node_modules\react-dom\cjs\react-dom.development.js:20103:13)
    at beginWork (C:\apps\Racket\Racket\node_modules\.pnpm\react-dom@18.3.1_react@18.3.1\node_modules\react-dom\cjs\react-dom.development.js:21626:16)
    at HTMLUnknownElement.callCallback (C:\apps\Racket\Racket\node_modules\.pnpm\react-dom@18.3.1_react@18.3.1\node_modules\react-dom\cjs\react-dom.development.js:4164:14)
    at HTMLUnknownElement.callTheUserObjectsOperation (C:\apps\Racket\Racket\node_modules\.pnpm\jsdom@27.1.0\node_modules\jsdom\lib\jsdom\living\generated\EventListener.js:26:30)
    at innerInvokeEventListeners (C:\apps\Racket\Racket\node_modules\.pnpm\jsdom@27.1.0\node_modules\jsdom\lib\jsdom\living\events\EventTarget-impl.js:360:16)
    at invokeEventListeners (C:\apps\Racket\Racket\node_modules\.pnpm\jsdom@27.1.0\node_modules\jsdom\lib\jsdom\living\events\EventTarget-impl.js:296:3)
    at HTMLUnknownElementImpl._dispatch (C:\apps\Racket\Racket\node_modules\.pnpm\jsdom@27.1.0\node_modules\jsdom\lib\jsdom\living\events\EventTarget-impl.js:243:9)
Error: useNavigation must be used within a NavigationProvider
    at Module.useNavigation (C:/apps/Racket/Racket/frontend/src/contexts/NavigationContext.tsx:76:11)
    at TestComponent (C:/apps/Racket/Racket/frontend/src/contexts/NavigationContext.test.tsx:35:7)
    at renderWithHooks (C:\apps\Racket\Racket\node_modules\.pnpm\react-dom@18.3.1_react@18.3.1\node_modules\react-dom\cjs\react-dom.development.js:15486:18)
    at mountIndeterminateComponent (C:\apps\Racket\Racket\node_modules\.pnpm\react-dom@18.3.1_react@18.3.1\node_modules\react-dom\cjs\react-dom.development.js:20103:13)
    at beginWork (C:\apps\Racket\Racket\node_modules\.pnpm\react-dom@18.3.1_react@18.3.1\node_modules\react-dom\cjs\react-dom.development.js:21626:16)
    at HTMLUnknownElement.callCallback (C:\apps\Racket\Racket\node_modules\.pnpm\react-dom@18.3.1_react@18.3.1\node_modules\react-dom\cjs\react-dom.development.js:4164:14)
    at HTMLUnknownElement.callTheUserObjectsOperation (C:\apps\Racket\Racket\node_modules\.pnpm\jsdom@27.1.0\node_modules\jsdom\lib\jsdom\living\generated\EventListener.js:26:30)
    at innerInvokeEventListeners (C:\apps\Racket\Racket\node_modules\.pnpm\jsdom@27.1.0\node_modules\jsdom\lib\jsdom\living\events\EventTarget-impl.js:360:16)
    at invokeEventListeners (C:\apps\Racket\Racket\node_modules\.pnpm\jsdom@27.1.0\node_modules\jsdom\lib\jsdom\living\events\EventTarget-impl.js:296:3)
    at HTMLUnknownElementImpl._dispatch (C:\apps\Racket\Racket\node_modules\.pnpm\jsdom@27.1.0\node_modules\jsdom\lib\jsdom\living\events\EventTarget-impl.js:243:9)
 [32mÔ£ô[39m frontend/src/contexts/NavigationContext.test.tsx [2m([22m[2m6 tests[22m[2m)[22m[32m 122[2mms[22m[39m
 [32mÔ£ô[39m frontend/src/contexts/__tests__/NavigationContext.test.tsx [2m([22m[2m5 tests[22m[2m)[22m[32m 108[2mms[22m[39m
stderr | frontend/src/contexts/__tests__/MatchesContext.integration.test.tsx > MatchesContext integra├º├úo com estados > exibe todos os estados recebidos do backend
ÔÜá´©Å React Router Future Flag Warning: React Router will begin wrapping state updates in `React.startTransition` in v7. You can use the `v7_startTransition` future flag to opt-in early. For more information, see https://reactrouter.com/v6/upgrading/future#v7_starttransition.
ÔÜá´©Å React Router Future Flag Warning: Relative route resolution within Splat routes is changing in v7. You can use the `v7_relativeSplatPath` future flag to opt-in early. For more information, see https://reactrouter.com/v6/upgrading/future#v7_relativesplatpath.

 [32mÔ£ô[39m frontend/src/contexts/__tests__/MatchesContext.integration.test.tsx [2m([22m[2m1 test[22m[2m)[22m[32m 70[2mms[22m[39m
 [32mÔ£ô[39m frontend/src/hooks/useMatchSync.test.ts [2m([22m[2m4 tests[22m[2m)[22m[32m 48[2mms[22m[39m
[90mstdout[2m | frontend/src/core/TennisScoring.test.ts[2m > [22m[2mTennisScoring - L├│gica Geral[2m > [22m[2mTransi├º├úo de pontos para game, set e match
[22m[39m­ƒÄ¥ Sacador alterado para: PLAYER_2
­ƒÄ¥ Sacador alterado para: PLAYER_1
­ƒÄ¥ Sacador alterado para: PLAYER_2
­ƒÄ¥ Sacador alterado para: PLAYER_1
­ƒÄ¥ Sacador alterado para: PLAYER_2
­ƒÄ¥ Sacador alterado para: PLAYER_1
­ƒÄ¥ Sacador alterado para: PLAYER_2
­ƒÄ¥ Sacador alterado para: PLAYER_1
­ƒÄ¥ Sacador alterado para: PLAYER_2
­ƒÄ¥ Sacador alterado para: PLAYER_1
­ƒÄ¥ Sacador alterado para: PLAYER_2

[90mstdout[2m | frontend/src/core/TennisScoring.test.ts[2m > [22m[2mTennisScoring - L├│gica Geral[2m > [22m[2mValida├º├úo: n├úo permite adicionar pontos ap├│s match finalizado
[22m[39m­ƒÄ¥ Sacador alterado para: PLAYER_2
­ƒÄ¥ Sacador alterado para: PLAYER_1
­ƒÄ¥ Sacador alterado para: PLAYER_2
­ƒÄ¥ Sacador alterado para: PLAYER_1
­ƒÄ¥ Sacador alterado para: PLAYER_2
­ƒÄ¥ Sacador alterado para: PLAYER_1
­ƒÄ¥ Sacador alterado para: PLAYER_2
­ƒÄ¥ Sacador alterado para: PLAYER_1
­ƒÄ¥ Sacador alterado para: PLAYER_2
­ƒÄ¥ Sacador alterado para: PLAYER_1
­ƒÄ¥ Sacador alterado para: PLAYER_2

[90mstdout[2m | frontend/src/core/TennisScoring.test.ts[2m > [22m[2mTennisScoring - L├│gica Geral[2m > [22m[2mEdge: tie-break no set correto
[22m[39m­ƒÄ¥ Sacador alterado para: PLAYER_2
­ƒÄ¥ Sacador alterado para: PLAYER_1
­ƒÄ¥ Sacador alterado para: PLAYER_2
­ƒÄ¥ Sacador alterado para: PLAYER_1
­ƒÄ¥ Sacador alterado para: PLAYER_2
­ƒÄ¥ Sacador alterado para: PLAYER_1
­ƒÄ¥ Sacador alterado para: PLAYER_2
­ƒÄ¥ Sacador alterado para: PLAYER_1
­ƒÄ¥ Sacador alterado para: PLAYER_2
­ƒÄ¥ Sacador alterado para: PLAYER_1
­ƒÄ¥ Sacador alterado para: PLAYER_2
­ƒÅå Iniciando tie-break - Servidor inicial: PLAYER_2
­ƒÄ¥ Sacador alterado para: PLAYER_1
­ƒÄ¥ Sacador alterado para: PLAYER_2
­ƒÄ¥ Sacador alterado para: PLAYER_1
­ƒÄ¥ Sacador alterado para: PLAYER_2
­ƒÄ¥ Sacador alterado para: PLAYER_1

[90mstdout[2m | frontend/src/core/TennisScoring.test.ts[2m > [22m[2mTennisScoring - L├│gica Geral[2m > [22m[2mEdge: tie-break em set diferente (n├úo deve ocorrer)
[22m[39m­ƒÄ¥ Sacador alterado para: PLAYER_2
­ƒÄ¥ Sacador alterado para: PLAYER_1
­ƒÄ¥ Sacador alterado para: PLAYER_2
­ƒÄ¥ Sacador alterado para: PLAYER_1
­ƒÄ¥ Sacador alterado para: PLAYER_2
­ƒÄ¥ Sacador alterado para: PLAYER_1
­ƒÄ¥ Sacador alterado para: PLAYER_2
­ƒÄ¥ Sacador alterado para: PLAYER_1
­ƒÄ¥ Sacador alterado para: PLAYER_2
­ƒÄ¥ Sacador alterado para: PLAYER_1
­ƒÄ¥ Sacador alterado para: PLAYER_2

[90mstdout[2m | frontend/src/core/TennisScoring.test.ts[2m > [22m[2mTennisScoring - L├│gica Geral[2m > [22m[2mempate em set curto: ambos vencem mesmo n├║mero de games
[22m[39m­ƒÄ¥ Sacador alterado para: PLAYER_2
­ƒÄ¥ Sacador alterado para: PLAYER_1
­ƒÄ¥ Sacador alterado para: PLAYER_2
­ƒÄ¥ Sacador alterado para: PLAYER_1
­ƒÄ¥ Sacador alterado para: PLAYER_2
­ƒÄ¥ Sacador alterado para: PLAYER_1
­ƒÄ¥ Sacador alterado para: PLAYER_2
­ƒÅå Iniciando tie-break - Servidor inicial: PLAYER_2
Estado em 4-4: {
  games: { PLAYER_1: [33m4[39m, PLAYER_2: [33m4[39m },
  points: { PLAYER_1: [33m0[39m, PLAYER_2: [33m0[39m },
  isTiebreak: [33mtrue[39m
}
­ƒÄ¥ Sacador alterado para: PLAYER_1
Estado ap├│s ponto 1 (in├¡cio tie-break): {
  games: { PLAYER_1: [33m4[39m, PLAYER_2: [33m4[39m },
  points: { PLAYER_1: [33m1[39m, PLAYER_2: [33m0[39m },
  isTiebreak: [33mtrue[39m
}

[90mstdout[2m | frontend/src/core/TennisScoring.test.ts[2m > [22m[2mTennisScoring - M├®todos utilit├írios e regras alternativas[2m > [22m[2mshouldChangeSides l├│gica de games ├¡mpares e tie-break
[22m[39m­ƒÄ¥ Sacador alterado para: PLAYER_2
­ƒÄ¥ Sacador alterado para: PLAYER_1
­ƒÄ¥ Sacador alterado para: PLAYER_2
­ƒÄ¥ Sacador alterado para: PLAYER_1
­ƒÄ¥ Sacador alterado para: PLAYER_2
­ƒÄ¥ Sacador alterado para: PLAYER_1
­ƒÄ¥ Sacador alterado para: PLAYER_2
­ƒÄ¥ Sacador alterado para: PLAYER_1
­ƒÄ¥ Sacador alterado para: PLAYER_2
­ƒÄ¥ Sacador alterado para: PLAYER_1
­ƒÄ¥ Sacador alterado para: PLAYER_2
­ƒÄ¥ Sacador alterado para: PLAYER_1

[90mstdout[2m | frontend/src/core/TennisScoring.test.ts[2m > [22m[2mTennisScoring - Cobertura de m├®todos e edge cases[2m > [22m[2mundoLastPoint: desfaz ponto e lida com hist├│rico vazio
[22m[39mÔØî Nenhum ponto para desfazer
Ôå®´©Å Ponto desfeito, estado restaurado

[90mstdout[2m | frontend/src/core/TennisScoring.test.ts[2m > [22m[2mTennisScoring - Cobertura de m├®todos e edge cases[2m > [22m[2mloadState: restaura estado e lida com formato diferente
[22m[39mÔ£à Estado restaurado: {
  sets: { PLAYER_1: [33m0[39m, PLAYER_2: [33m0[39m },
  currentSet: [33m1[39m,
  currentSetState: { games: { PLAYER_1: [33m0[39m, PLAYER_2: [33m0[39m } },
  currentGame: {
    points: { PLAYER_1: [32m'0'[39m, PLAYER_2: [32m'0'[39m },
    server: [32m'PLAYER_1'[39m,
    isTiebreak: [33mfalse[39m,
    isMatchTiebreak: [33mfalse[39m
  },
  server: [32m'PLAYER_1'[39m,
  isFinished: [33mfalse[39m,
  config: {
    format: [32m'BEST_OF_3'[39m,
    setsToWin: [33m2[39m,
    gamesPerSet: [33m6[39m,
    useAdvantage: [33mtrue[39m,
    useTiebreak: [33mtrue[39m,
    tiebreakAt: [33m6[39m,
    tiebreakPoints: [33m7[39m,
    useNoAd: [33mfalse[39m,
    useAlternateTiebreakSides: [33mfalse[39m,
    useNoLet: [33mfalse[39m
  },
  completedSets: [],
  pointsHistory: []
}

stderr | frontend/src/core/TennisScoring.test.ts > TennisScoring - Cobertura de m├®todos e edge cases > loadState: restaura estado e lida com formato diferente
ÔÜá´©Å Formato do estado salvo diferente da configura├º├úo atual

[90mstdout[2m | frontend/src/core/TennisScoring.test.ts[2m > [22m[2mTennisScoring - Cobertura de m├®todos e edge cases[2m > [22m[2mshouldPlayMatchTiebreak e isDecidingSet
[22m[39m­ƒÄ¥ Sacador alterado para: PLAYER_2
­ƒÄ¥ Sacador alterado para: PLAYER_1
­ƒÄ¥ Sacador alterado para: PLAYER_2
­ƒÄ¥ Sacador alterado para: PLAYER_1
­ƒÄ¥ Sacador alterado para: PLAYER_2
­ƒÄ¥ Sacador alterado para: PLAYER_1
­ƒÄ¥ Sacador alterado para: PLAYER_2
­ƒÄ¥ Sacador alterado para: PLAYER_1
­ƒÄ¥ Sacador alterado para: PLAYER_2
­ƒÄ¥ Sacador alterado para: PLAYER_1
­ƒÄ¥ Sacador alterado para: PLAYER_2

[90mstdout[2m | frontend/src/core/TennisScoring.test.ts[2m > [22m[2mTennisScoring - Cobertura de m├®todos e edge cases[2m > [22m[2mgetTotalPointsPlayed: cobre tie-break, vantagem e normal
[22m[39m­ƒÄ¥ Sacador alterado para: PLAYER_2
­ƒÄ¥ Sacador alterado para: PLAYER_1
­ƒÄ¥ Sacador alterado para: PLAYER_2
­ƒÄ¥ Sacador alterado para: PLAYER_1
­ƒÄ¥ Sacador alterado para: PLAYER_2
­ƒÄ¥ Sacador alterado para: PLAYER_1
­ƒÄ¥ Sacador alterado para: PLAYER_2
­ƒÄ¥ Sacador alterado para: PLAYER_1
­ƒÄ¥ Sacador alterado para: PLAYER_2
­ƒÄ¥ Sacador alterado para: PLAYER_1
­ƒÄ¥ Sacador alterado para: PLAYER_2
­ƒÅå Iniciando tie-break - Servidor inicial: PLAYER_2
­ƒÄ¥ Sacador alterado para: PLAYER_1
­ƒÄ¥ Sacador alterado para: PLAYER_2
­ƒÄ¥ Sacador alterado para: PLAYER_1

stderr | frontend/src/core/TennisScoring.test.ts > TennisScoring - Cobertura de m├®todos e edge cases > enableSync, disableSync, syncState: cobre warnings e erros
ÔÜá´©Å Sync n├úo habilitado ou matchId ausente

[90mstdout[2m | frontend/src/core/TennisScoring.test.ts[2m > [22m[2mTennisScoring - Cobertura de m├®todos e edge cases[2m > [22m[2maddPointWithSync e undoLastPointWithSync: cobre caminhos sem sync
[22m[39mÔå®´©Å Ponto desfeito, estado restaurado

 [32mÔ£ô[39m frontend/src/core/TennisScoring.test.ts [2m([22m[2m20 tests[22m[2m)[22m[32m 36[2mms[22m[39m
[90mstdout[2m | frontend/src/services/getVisibleMatches.test.js[2m > [22m[2mgetVisibleMatches[2m > [22m[2mretorna todos os estados conforme o campo status do banco
[22m[39m[getVisibleMatches] Filtrando 5 partidas para email: play@email.com e role: undefined
[getVisibleMatches] Ap├│s filtro: 2 partidas

stderr | frontend/src/services/getVisibleMatches.test.js > getVisibleMatches > retorna todos os estados conforme o campo status do banco
[getVisibleMatches] Erro ao fazer parse do matchState da partida 5: SyntaxError: Unexpected token 'I', "INVALID_JSON" is not valid JSON
    at JSON.parse (<anonymous>)
    at C:/apps/Racket/Racket/frontend/src/services/matchService.js:438:20
    at Array.filter (<anonymous>)
    at Module.getVisibleMatches (C:/apps/Racket/Racket/frontend/src/services/matchService.js:431:28)
    at processTicksAndRejections (node:internal/process/task_queues:105:5)
    at C:/apps/Racket/Racket/frontend/src/services/getVisibleMatches.test.js:96:20
    at file:///C:/apps/Racket/Racket/node_modules/.pnpm/@vitest+runner@4.0.8/node_modules/@vitest/runner/dist/index.js:753:20

[90mstdout[2m | frontend/src/services/getVisibleMatches.test.js[2m > [22m[2mgetVisibleMatches[2m > [22m[2mn├úo lan├ºa erro com matchState inv├ílido
[22m[39m[getVisibleMatches] Filtrando 5 partidas para email: play@email.com e role: undefined
[getVisibleMatches] Ap├│s filtro: 2 partidas

stderr | frontend/src/services/getVisibleMatches.test.js > getVisibleMatches > n├úo lan├ºa erro com matchState inv├ílido
[getVisibleMatches] Erro ao fazer parse do matchState da partida 5: SyntaxError: Unexpected token 'I', "INVALID_JSON" is not valid JSON
    at JSON.parse (<anonymous>)
    at C:/apps/Racket/Racket/frontend/src/services/matchService.js:438:20
    at Array.filter (<anonymous>)
    at Module.getVisibleMatches (C:/apps/Racket/Racket/frontend/src/services/matchService.js:431:28)
    at processTicksAndRejections (node:internal/process/task_queues:105:5)

[90mstdout[2m | frontend/src/services/getVisibleMatches.test.js[2m > [22m[2mgetVisibleMatches[2m > [22m[2mfiltra corretamente por visibleTo
[22m[39m[getVisibleMatches] Filtrando 5 partidas para email: play@email.com e role: undefined
[getVisibleMatches] Ap├│s filtro: 2 partidas

stderr | frontend/src/services/getVisibleMatches.test.js > getVisibleMatches > filtra corretamente por visibleTo
[getVisibleMatches] Erro ao fazer parse do matchState da partida 5: SyntaxError: Unexpected token 'I', "INVALID_JSON" is not valid JSON
    at JSON.parse (<anonymous>)
    at C:/apps/Racket/Racket/frontend/src/services/matchService.js:438:20
    at Array.filter (<anonymous>)
    at Module.getVisibleMatches (C:/apps/Racket/Racket/frontend/src/services/matchService.js:431:28)
    at processTicksAndRejections (node:internal/process/task_queues:105:5)
    at C:/apps/Racket/Racket/frontend/src/services/getVisibleMatches.test.js:116:20
    at file:///C:/apps/Racket/Racket/node_modules/.pnpm/@vitest+runner@4.0.8/node_modules/@vitest/runner/dist/index.js:753:20

 [32mÔ£ô[39m frontend/src/services/getVisibleMatches.test.js [2m([22m[2m4 tests[22m[2m)[22m[32m 27[2mms[22m[39m
 [32mÔ£ô[39m frontend/src/__tests__/contracts.test.js [2m([22m[2m17 tests[22m[2m)[22m[32m 19[2mms[22m[39m
 [32mÔ£ô[39m frontend/src/core/TennisConfigFactory.test.ts [2m([22m[2m9 tests[22m[2m)[22m[32m 14[2mms[22m[39m
[90mstdout[2m | frontend/src/services/getVisibleMatches.role.test.js[2m > [22m[2mgetVisibleMatches com filtro de role[2m > [22m[2mfiltra por email e role corretamente
[22m[39m[getVisibleMatches] Filtrando 4 partidas para email: play@email.com e role: player
[getVisibleMatches] Ap├│s filtro: 1 partidas

[90mstdout[2m | frontend/src/services/getVisibleMatches.role.test.js[2m > [22m[2mgetVisibleMatches com filtro de role[2m > [22m[2mfiltra por email e outro role
[22m[39m[getVisibleMatches] Filtrando 4 partidas para email: admin@email.com e role: admin
[getVisibleMatches] Ap├│s filtro: 1 partidas

[90mstdout[2m | frontend/src/services/getVisibleMatches.role.test.js[2m > [22m[2mgetVisibleMatches com filtro de role[2m > [22m[2mretorna partidas vis├¡veis para ambos se role n├úo for passado
[22m[39m[getVisibleMatches] Filtrando 4 partidas para email: play@email.com e role: undefined
[getVisibleMatches] Ap├│s filtro: 1 partidas

[90mstdout[2m | frontend/src/services/getVisibleMatches.role.test.js[2m > [22m[2mgetVisibleMatches com filtro de role[2m > [22m[2mn├úo retorna partidas de outro email
[22m[39m[getVisibleMatches] Filtrando 4 partidas para email: play@email.com e role: player
[getVisibleMatches] Ap├│s filtro: 1 partidas

 [32mÔ£ô[39m frontend/src/services/getVisibleMatches.role.test.js [2m([22m[2m4 tests[22m[2m)[22m[32m 13[2mms[22m[39m
[90mstdout[2m | frontend/src/core/TennisScoring.advanced.test.ts[2m > [22m[2mTennisScoring - Cobertura avan├ºada[2m > [22m[2mpermite desfazer ponto e verifica canUndo
[22m[39mÔå®´©Å Ponto desfeito, estado restaurado

[90mstdout[2m | frontend/src/core/TennisScoring.advanced.test.ts[2m > [22m[2mTennisScoring - Cobertura avan├ºada[2m > [22m[2mn├úo desfaz se hist├│rico est├í vazio
[22m[39mÔØî Nenhum ponto para desfazer

 [32mÔ£ô[39m frontend/src/core/TennisScoring.advanced.test.ts [2m([22m[2m11 tests[22m[2m)[22m[32m 14[2mms[22m[39m
 [32mÔ£ô[39m frontend/src/services/createMatch.playersEmails.test.js [2m([22m[2m2 tests[22m[2m)[22m[32m 14[2mms[22m[39m
[90mstdout[2m | frontend/src/services/getVisibleMatches.playersEmails.test.js[2m > [22m[2mgetVisibleMatches com playersEmails[2m > [22m[2mretorna partidas se o email estiver em playersEmails
[22m[39m[getVisibleMatches] Filtrando 4 partidas para email: play@email.com e role: undefined
[getVisibleMatches] Ap├│s filtro: 2 partidas

[90mstdout[2m | frontend/src/services/getVisibleMatches.playersEmails.test.js[2m > [22m[2mgetVisibleMatches com playersEmails[2m > [22m[2mfiltra por role corretamente em playersEmails
[22m[39m[getVisibleMatches] Filtrando 4 partidas para email: admin@email.com e role: admin
[getVisibleMatches] Ap├│s filtro: 2 partidas

[90mstdout[2m | frontend/src/services/getVisibleMatches.playersEmails.test.js[2m > [22m[2mgetVisibleMatches com playersEmails[2m > [22m[2mn├úo retorna partidas se o email n├úo estiver em playersEmails
[22m[39m[getVisibleMatches] Filtrando 4 partidas para email: naoexiste@email.com e role: undefined
[getVisibleMatches] Ap├│s filtro: 0 partidas

[90mstdout[2m | frontend/src/services/getVisibleMatches.playersEmails.test.js[2m > [22m[2mgetVisibleMatches com playersEmails[2m > [22m[2mretorna partidas vis├¡veis para ambos se o email estiver em playersEmails
[22m[39m[getVisibleMatches] Filtrando 4 partidas para email: x@email.com e role: undefined
[getVisibleMatches] Ap├│s filtro: 1 partidas

 [32mÔ£ô[39m frontend/src/services/getVisibleMatches.playersEmails.test.js [2m([22m[2m4 tests[22m[2m)[22m[32m 15[2mms[22m[39m
 [32mÔ£ô[39m frontend/src/data/matrizDataIntegrity.test.ts [2m([22m[2m4 tests[22m[2m)[22m[32m 13[2mms[22m[39m
 [32mÔ£ô[39m frontend/src/services/__tests__/statsUtils.test.js [2m([22m[2m13 tests[22m[2m)[22m[32m 14[2mms[22m[39m
 [32mÔ£ô[39m frontend/src/services/matchStatus.test.js [2m([22m[2m3 tests[22m[2m)[22m[32m 13[2mms[22m[39m
 [32mÔ£ô[39m frontend/src/components/__tests__/PointDetailsModal.test.tsx [2m([22m[2m40 tests[22m[2m)[22m[33m 14024[2mms[22m[39m
       [33m[2mÔ£ô[22m[39m define resultado pr├®-selecionado quando fornecido [33m 547[2mms[22m[39m
       [33m[2mÔ£ô[22m[39m permite sele├º├úo de resultado mesmo quando preselectedResult est├í definido [33m 393[2mms[22m[39m
       [33m[2mÔ£ô[22m[39m reseta golpe, efeito e dire├º├úo ao mudar resultado [33m 885[2mms[22m[39m
       [33m[2mÔ£ô[22m[39m exibe sempre as mesmas op├º├Áes fixas de golpes para qualquer resultado [33m 1003[2mms[22m[39m
       [33m[2mÔ£ô[22m[39m reseta efeito e dire├º├úo ao mudar golpe [33m 827[2mms[22m[39m
       [33m[2mÔ£ô[22m[39m exibe sempre as mesmas op├º├Áes fixas de efeitos para qualquer golpe [33m 490[2mms[22m[39m
       [33m[2mÔ£ô[22m[39m reseta dire├º├úo ao mudar efeito [33m 741[2mms[22m[39m
       [33m[2mÔ£ô[22m[39m permite sele├º├úo de dire├º├úo [33m 366[2mms[22m[39m
       [33m[2mÔ£ô[22m[39m exibe as op├º├Áes de dire├º├úo corretas para cada golpe [33m 1054[2mms[22m[39m
       [33m[2mÔ£ô[22m[39m pula a se├º├úo de efeito para forehand, backhand, swing volley, drop volley e drop shot [33m 1693[2mms[22m[39m
       [33m[2mÔ£ô[22m[39m exibe apenas dire├º├Áes b├ísicas para golpes que n├úo permitem inside [33m 516[2mms[22m[39m
       [33m[2mÔ£ô[22m[39m exibe todas as dire├º├Áes para forehand, backhand e swing volley [33m 525[2mms[22m[39m
       [33m[2mÔ£ô[22m[39m permite confirmar para golpes que pulam efeito, usando o valor correto de efeito [33m 374[2mms[22m[39m
       [33m[2mÔ£ô[22m[39m chama onConfirm com detalhes corretos quando confirmado [33m 480[2mms[22m[39m
       [33m[2mÔ£ô[22m[39m sempre mostra as op├º├Áes fixas de dire├º├Áes hardcoded [33m 537[2mms[22m[39m
       [33m[2mÔ£ô[22m[39m mant├®m estado interno correto durante navega├º├úo [33m 462[2mms[22m[39m
       [33m[2mÔ£ô[22m[39m reseta completamente ao reabrir modal [33m 1119[2mms[22m[39m
 [32mÔ£ô[39m frontend/src/data/matrizCorrections.test.ts [2m([22m[2m10 tests[22m[2m)[22m[32m 9[2mms[22m[39m
 [32mÔ£ô[39m frontend/src/NetworkConnectivity.test.tsx [2m([22m[2m4 tests[22m[2m)[22m[32m 10[2mms[22m[39m
 [32mÔ£ô[39m __tests__/gitignore-env.test.js [2m([22m[2m10 tests[22m[2m)[22m[32m 6[2mms[22m[39m
 [32mÔ£ô[39m frontend/src/services/validationSchemas.test.js [2m([22m[2m5 tests[22m[2m)[22m[32m 9[2mms[22m[39m
 [32mÔ£ô[39m frontend/src/ViteConfig.test.ts [2m([22m[2m4 tests[22m[2m)[22m[32m 5[2mms[22m[39m
 [32mÔ£ô[39m frontend/src/services/__tests__/validationSchemas.test.js [2m([22m[2m8 tests[22m[2m)[22m[32m 4[2mms[22m[39m
 [32mÔ£ô[39m frontend/src/Build.test.ts [2m([22m[2m4 tests[22m[2m)[22m[32m 4[2mms[22m[39m
